✖ qualification: namespace components, context consumers, hook callbacks and class lifecycle are associations (760.864ms)
✔ qualification: imperative navigation requires one proved router, callbacks remain framework bindings (1312.7858ms)
ℹ tests 2
ℹ suites 0
ℹ pass 1
ℹ fail 1
ℹ cancelled 0
ℹ skipped 0
ℹ todo 0
ℹ duration_ms 4004.3404

✖ failing tests:

test at tests\framework-support\fs-03.test.ts:70:1
✖ qualification: namespace components, context consumers, hook callbacks and class lifecycle are associations (760.864ms)
  AssertionError [ERR_ASSERTION]: react/useSyncExternalStore/callback/2
      at TestContext.<anonymous> (file:///D:/Repositorios%20Github/cartograph/tests/framework-support/fs-03.test.ts:73:542)
      at Test.runInAsyncScope (node:async_hooks:227:14)
      at Test.run (node:internal/test_runner/test:1382:25)
      at Test.start (node:internal/test_runner/test:1242:17)
      at startSubtestAfterBootstrap (node:internal/test_runner/harness:387:17) {
    generatedMessage: false,
    code: 'ERR_ASSERTION',
    actual: false,
    expected: true,
    operator: '==',
    diff: 'simple'
  }
