✔ F01-contract: v3 round trip, repeated analysis and incremental facts are deterministic (695.6881ms)
✔ F01-contract: the retained real v2 baseline round trips and requires explicit reanalysis (1018.2706ms)
✔ F01-contract: import projection and exact Impact remain equivalent to legacy parsing (198.6759ms)
✔ F01-contract: fixture source/output hashes and semantic golden are executable (102.4427ms)
✔ F01-contract: supported HTTP, dispatch-dependent, page and navigation contracts remain separate (122.714ms)
✔ F01-contract: multi-file registration/declaration/config witnesses open current original source (176.2539ms)
✔ F01-contract rejects duplicate registration (110.0818ms)
✔ F01-contract rejects dangling profile (106.196ms)
✔ F01-contract rejects unsupported variant (111.6991ms)
✔ F01-contract rejects dangling target (105.2757ms)
✔ F01-contract rejects source ownership mismatch (137.6653ms)
✔ F01-contract rejects noncallable endpoint (113.7581ms)
✔ F01-contract rejects unknown enum (123.697ms)
✔ F01-contract rejects fabricated position (124.6813ms)
✔ F01-contract rejects wrong evidence hash (110.5716ms)
✔ F01-contract rejects missing declaration witness (113.2595ms)
✔ F01-contract rejects unknown method guessed GET (125.1582ms)
✔ F01-contract rejects navigation carries HTTP method (132.7692ms)
✔ F01-contract rejects unsupported matcher without gap (99.7429ms)
✔ F01-contract rejects candidate promoted to import (133.8653ms)
✔ F01-contract rejects candidate missing uncertainty (103.6112ms)
✔ F01-contract rejects candidate overflow hidden (100.5743ms)
✔ F01-contract rejects qualified without ledger (92.7789ms)
✔ F01-contract rejects forbidden config evidence (116.2112ms)
✔ F01-contract rejects forbidden sensitive directory witness (95.5721ms)
✔ F01-contract rejects source archive field (118.1155ms)
✔ F01-contract rejects user assumption disguised as verified (102.1394ms)
✔ F01-contract: only a matching complete positive/negative/Windows ledger can qualify (92.2698ms)
✔ F00-position: original Unicode/BOM/combining/CRLF byte and UTF-16 ranges agree (2.0924ms)
✔ F01-contract: request pins reject old/missing contracts before publication (124.3616ms)
✔ F01-contract: interrupted/failed v2 reanalysis retains payload; atomic v3 publication and future-version protection (657.569ms)
✔ F01-contract: uncertainty projection keeps unknown methods, unsupported matcher and user assumptions distinct (97.3734ms)
✔ F01-contract: diagnostics render uncertainty and actual evidence buttons check current/stale source (571.1457ms)
✔ F02-profile: one protected inventory, deterministic nested ownership and compatible composition (825.0075ms)
✔ F02-profile: first-match legacy routes/roles remain stable while framework detection composes (119.0812ms)
✔ F02-profile: registration conflict, dependency cycle and missing prerequisites fail before facts (2.0413ms)
✔ F02-profile: static literals, constants, objects, arrays, property access, concatenation and syntactic wrapper (8.3571ms)
✔ F02-profile: getter never manufactures configuration (2.5438ms)
✔ F02-profile: helper never manufactures configuration (2.3979ms)
✔ F02-profile: env never manufactures configuration (1.3357ms)
✔ F02-profile: computed never manufactures configuration (0.9361ms)
✔ F02-profile: spread never manufactures configuration (0.9617ms)
✔ F02-profile: cycle never manufactures configuration (1.042ms)
✔ F02-profile: shadowed wrapper never manufactures configuration (0.7821ms)
✔ F02-profile: malformed never manufactures configuration (1.6839ms)
✔ F02-profile: mutation never manufactures configuration (1.2436ms)
✔ F02-profile: initializer mutation never manufactures configuration (0.7476ms)
✔ F02-profile: prefix mutation never manufactures configuration (1.8546ms)
✔ F02-profile: delete mutation never manufactures configuration (1.0525ms)
✔ F02-profile: tag helper never manufactures configuration (1.6343ms)
✔ F02-profile: ambiguous wrapper never manufactures configuration (1.2328ms)
✔ F02-profile: unknown environment branches retain conditions and never collapse into defaults (2.5335ms)
✔ F02-profile: executable config sentinel is read as text and never creates its file (82.1604ms)
✔ F02-profile: public metadata names do not open secrets, dependency code, generated source or arbitrary configs (102.8221ms)
✔ F02-profile: symlink/workspace junctions and escaped aliases are denied without target reads (72.1163ms)
✔ F02-profile: explicit variants have independent keys/witnesses; platform/SSR/production semantics stay deferred (229.0281ms)
✔ F02-profile: every protected resolution is classified; duplicate workspace names stay ambiguous (160.3722ms)
✔ F00-resource: node/depth/string/config-dependency/glob bounds and deterministic cycle diagnostics (904.5359ms)
✔ F00-resource: cancellation/deadline/read limits never publish partial generations (191.4348ms)
✔ F02-profile: configuration dependencies refresh/invalidate without changing graph or exact Impact (386.5871ms)
✔ F02-profile: public metadata evidence survives persistence, checks Unicode ranges and becomes stale (237.1627ms)
✔ F02-profile: malformed and unsupported metadata stays explicit; invalid byte encodings are not evidence (75.2126ms)
✔ F02-profile: fixture/oracle hashes and exact infrastructure tuple are mandatory (74.4739ms)
✔ F02-profile: Python environments are excluded and dependency families cannot create false framework detection (63.7979ms)
✔ F02-profile: wrong source hashes and cross-project/profile sources never resolve internally (45.3797ms)
✔ F02-profile: config uncertainty is scoped to its profile and cannot alter unrelated verified imports (70.1179ms)
✔ F00-resource: safe globs check cancellation inside adversarial matching and retain no truncated singleton (137.2633ms)
✔ F00-resource: cancellation between discovery and parsing preserves the current stored snapshot (33.6999ms)
✔ F02-profile: inherited configuration cycles and missing metadata have typed capability gaps and source proof (67.5453ms)
✔ qualification vite7-react18/browser-development: pinned expanded module oracle and source witnesses (5619.5294ms)
ℹ {"tuple":"vite7-react18","profile":"browser-development","facts":51,"registrations":3,"candidates":0,"gaps":19,"forbiddenGuessedFacts":0}
✔ qualification vite7-react18/browser-production: pinned expanded module oracle and source witnesses (5616.8473ms)
ℹ {"tuple":"vite7-react18","profile":"browser-production","facts":51,"registrations":3,"candidates":0,"gaps":19,"forbiddenGuessedFacts":0}
✔ qualification vite8-react19/browser-development: pinned expanded module oracle and source witnesses (5894.6182ms)
ℹ {"tuple":"vite8-react19","profile":"browser-development","facts":51,"registrations":3,"candidates":0,"gaps":19,"forbiddenGuessedFacts":0}
✔ qualification vite8-react19/browser-production: pinned expanded module oracle and source witnesses (6145.8985ms)
ℹ {"tuple":"vite8-react19","profile":"browser-production","facts":51,"registrations":3,"candidates":0,"gaps":19,"forbiddenGuessedFacts":0}
✔ qualification vite8-react19/ssr-production: pinned expanded module oracle and source witnesses (4928.2155ms)
ℹ {"tuple":"vite8-react19","profile":"ssr-production","facts":47,"registrations":3,"candidates":0,"gaps":23,"forbiddenGuessedFacts":0}
✔ qualification: Vite 8 native TS paths browser-development agrees with controlled compiler (1123.4822ms)
✔ qualification: Vite 8 native TS paths browser-production agrees with controlled compiler (890.3234ms)
✔ qualification: Vite 8 native TS paths ssr-production agrees with controlled compiler (867.4071ms)
✔ qualification: pinned React plugins reject transforms, shadowing, mutation and version drift (3963.8842ms)
✔ qualification: publicDir disable/custom and unsafe exports retain explicit boundaries (2408.9992ms)
✔ qualification: namespace components, context consumers, hook callbacks and class lifecycle are associations (4443.4707ms)
✔ qualification: imperative navigation requires one proved router, callbacks remain framework bindings (1676.3002ms)
✔ qualification: nested router and plugin syntax depth/size limits fail explicitly (3848.3521ms)
✔ qualification: active framework cancellation/deadline preserves persisted generation and recovers (2161.6431ms)
✔ qualification: metadata and glob limits pass at ceiling and reject above without guessed facts (1769.8563ms)
✔ qualification: retained pinned matcher oracle maps to supported neutral registrations (407.5324ms)
✔ qualification: actual syntax below/at/above 100k nodes and generation fact ceiling (49321.5629ms)
✔ qualification: distributed routes reach 10k ceiling and overflow remains an explicit gap (69885.7197ms)
✔ qualification: state/reducer initialization and React 19 callbacks are version-qualified (492.5426ms)
✔ qualification: transparent component aliases preserve the complete event/call investigation (324.7721ms)
✔ vite7-react18: entries, composition, handlers, hooks and dependencies keep independent witnesses (1908.9719ms)
✔ vite8-react19: entries, composition, handlers, hooks and dependencies keep independent witnesses (1853.7749ms)
✔ F03: legacy import projection, exact Impact and type-only edges remain unchanged (315.8292ms)
✔ F03: glob exclusion/eager/lazy options and asset/worker facts never become calls (196.5488ms)
✔ F03: computed config produces boundaries instead of guessed runtime edges (168.4457ms)
✔ F03: plugins config produces boundaries instead of guessed runtime edges (168.3948ms)
✔ F03: escape config produces boundaries instead of guessed runtime edges (204.7523ms)
✔ F03: unsupported callback props, inline effects and dynamic navigation stay explicit (338.3398ms)
✔ F03: nested route/loader/action bindings are navigation, never HTTP claims (225.046ms)
✔ F03: incremental/full equivalence and changed HTML/config witnesses become stale (1043.5453ms)
✔ F03: contract rejects binary source masquerading and malformed resource bindings (268.2083ms)
✔ vite7-react18: retained controlled build oracle hashes and named runtime module parity (306.3203ms)
✔ vite8-react19: retained controlled build oracle hashes and named runtime module parity (269.6835ms)
✔ F03: original UTF-16/BOM/CRLF/Unicode witnesses and explicit browser/SSR variants (1083.788ms)
✔ F03: literal aliases preserve runtime/type distinctions and divergent calls stay outside framework traces (432.8081ms)
✔ F03: Vite 8 opt-in TS paths resolve separately; Vite 7 never assumes the plugin (555.6789ms)
✔ F03: JavaScript/class/memo/forwardRef aliases and inline callbacks retain lexical ownership (236.7004ms)
✔ F03: named barrel aliases retain intermediate witnesses and stale barrel changes are detected (210.8782ms)
✔ F03: developer proxy facts never establish a production origin; rewrites remain exact or unknown (242.7289ms)
✔ F03: HTML comments/raw text/templates/duplicate attributes never create guessed entries (0.603ms)
✔ F03: configuration execution/egress, escaped aliases and symlinks remain denied (399.8158ms)
✔ F03: aliased React implementation and reassigned exported handlers cannot create framework facts (349.5378ms)
✔ F03: retained accepted FS-02 v3 payload remains byte/canonical compatible (908.1509ms)
✔ F03: adapter fact budget is generation-local and cancellation never returns a partial snapshot (266.4124ms)
✔ F03: React DOM version mismatch and shadowed classic JSX factory withhold roots (355.7112ms)
✔ F03: custom proxy request hooks and worker queries on assets remain boundaries (195.4821ms)
✔ F03: production HTML entry selection never guesses custom build inputs (451.1189ms)
✔ F03: aliased React DOM subpath cannot be mistaken for the qualified platform root API (202.2631ms)
✔ F03: above-limit syntax and glob sets emit resource gaps without truncated framework facts (18966.2172ms)
✔ F03: invalid UTF-8 preserves legacy decoding but explicitly excludes new framework facts (202.016ms)
✔ F04 pinned route and rewrite matcher parity (9.0597ms)
✔ F04 next15/node-development: routes, actions, witnesses and incremental roundtrip (6292.8824ms)
✔ F04 next15/node-production: routes, actions, witnesses and incremental roundtrip (6524.1733ms)
✔ F04 next15/browser: routes, actions, witnesses and incremental roundtrip (5786.79ms)
✔ F04 next16-preservation/node-development: routes, actions, witnesses and incremental roundtrip (6603.2619ms)
✔ F04 next16-preservation/node-production: routes, actions, witnesses and incremental roundtrip (6327.1611ms)
✔ F04 next16-preservation/browser: routes, actions, witnesses and incremental roundtrip (5566.6532ms)
✔ F04 next16-patch/node-development: routes, actions, witnesses and incremental roundtrip (5226.5281ms)
✔ F04 next16-patch/node-production: routes, actions, witnesses and incremental roundtrip (4212.1896ms)
✔ F04 next16-patch/browser: routes, actions, witnesses and incremental roundtrip (4224.5149ms)
✔ F04 node22/node-development: native resolution oracle and registration parity (201.2568ms)
✔ F04 node22/node-production: native resolution oracle and registration parity (143.9641ms)
✔ F04 node24/node-development: native resolution oracle and registration parity (114.8687ms)
✔ F04 node24/node-production: native resolution oracle and registration parity (112.8977ms)
✔ F04 pages dispatch, config order/conditions and version-specific proxy declarations (305.2817ms)
✔ F04 inline actions, ambiguous props and version drift stay evidence-bound (782.7108ms)
✔ F04 Node runtime: ESM exact extension, require search, package conditions and builtins remain separate from TS aliases (69.1867ms)
✔ F04 unknown Next version and dynamic configuration cannot qualify new routes (434.6913ms)
✔ F04 Node registrations and unique CommonJS exports reject mutated receivers/exports (58.2227ms)
✔ F04 mutated request dispatch and unresolved explicit HEAD cannot become framework-derived methods (231.1634ms)
✔ F04 native Node ignores tsconfig paths while Next uses a protected one-target path (250.7975ms)
✔ F04 literal interception records soft navigation context; literal Link has unique route evidence (262.1346ms)
✔ F04 custom pageExtensions, source ownership, lifecycle exports and imperative navigation (251.2009ms)
✔ F04 config is never executed and nonerasable native TS remains unresolved (102.0197ms)
✔ F04 original BOM/CRLF/Unicode witnesses and action alias retain exact ranges (3366.5096ms)
✔ F04 derived methods have distinct occurrences and endpoint aliases trace to a service (510.4495ms)
✔ F04 active cancellation/deadline inside Node/Next preserves stored generation and recovers (1088.4641ms)
✔ F04 shared snapshot rejects noncallable action targets (231.318ms)
✔ F04 Middleware runtime and mutable Link stay explicit boundaries (267.5088ms)
✔ F04 convention entries, Pages switch dispatch, re-exports and marker/lifecycle operations (483.0118ms)
✔ F04 CJS re-export, duplicate global aliases and conditional assignment boundaries (145.5329ms)
✔ F04 native TS erasure oracle and type-only runtime exclusion (280.0442ms)
✔ F04 native profiles cannot qualify JSX or typed JavaScript accepted by a bundler parser (176.6885ms)
✔ FS05 original bytes, BOM, CRLF and Unicode ranges (7.243ms)
✔ FS05 Windows contained parser accepts controlled syntax without executing it (965.1739ms)
✔ FS05 unsupported encodings fail closed without replacement (2.7581ms)
✔ FS05 Python composes with TS/JS through shared v3 snapshots (1122.8631ms)
✔ FS05 decorators, reassignment, attributes and dynamic binding never guess calls (877.6121ms)
✔ FS05 cancellation refuses worker work and supports a fresh session (759.9112ms)
✔ FS05 controlled semantic fixture verifies exact calls and forbidden guesses (1074.1728ms)
✔ FS05 namespace/src roots, re-exports and shadowed import sites remain distinct (4234.9202ms)
✔ FS05 protected exclusions and failed parser retain TS/JS (105.9873ms)
✔ FS05 async refresh preserves previous publication after failure or pause (38.8555ms)
✔ FS05 active cancellation releases the single-worker lease and source byte limits recover (3360.1217ms)
✔ FS05 a paused asynchronous generation cannot publish late (38.4932ms)
✔ FS05 Python import exclusions, stubs, external packages and root escapes stay separate (1179.0187ms)
✔ FS05 neutral output rejects AST leakage, wrong hashes and fact/node budget overflow (178.2436ms)
✔ FS05 reopened Python generation is retained when parser startup fails (1441.3743ms)
✔ FS05 Python edits are watched through the shared protected refresh scheduler (2693.7011ms)
✔ FS05 package/submodule attribute collisions cannot prove a callable export (1402.991ms)
✔ FS05 cancellation cannot bypass retained neutral syntax reuse (2389.1957ms)
✔ FS05 built-in and frozen imports cannot resolve to shadowing project files (1204.1205ms)
✔ FS06 real Windows watch publishes complete settings and template edits and pause retains prior publication (44380.6437ms)
✔ FS06 literal routing keeps order, namespaces, distinct registrations and framework calls separate (1471.5797ms)
✔ FS06 source sentinels are never executed and similarly named APIs cannot register URLs (1395.8099ms)
✔ FS06 repeated mounts at identical prefixes retain source-backed distinct IDs (1374.0037ms)
✔ FS06 django52 local C3 mixin override and custom dispatch boundary (1480.9066ms)
✔ FS06 django52 DRF api_view methods preserve external OPTIONS (1492.6746ms)
✔ FS06 django52 path-mode SimpleRouter list/detail/custom action declarations (1265.0987ms)
✔ FS06 django52 DefaultRouter path-mode suffix declarations preserve unsupported matchers and external root (1200.7409ms)
✔ FS06 django52 manager and QuerySet declarations never establish custom runtime dispatch (1160.3754ms)
✔ FS06 django52 all pinned APIView and generic CBV classes retain method-specific external boundaries (1252.2266ms)
✔ FS06 django60 local C3 mixin override and custom dispatch boundary (1305.3842ms)
✔ FS06 django60 DRF api_view methods preserve external OPTIONS (1200.917ms)
✔ FS06 django60 path-mode SimpleRouter list/detail/custom action declarations (1177.0542ms)
✔ FS06 django60 DefaultRouter path-mode suffix declarations preserve unsupported matchers and external root (1056.652ms)
✔ FS06 django60 manager and QuerySet declarations never establish custom runtime dispatch (1051.3845ms)
✔ FS06 django60 all pinned APIView and generic CBV classes retain method-specific external boundaries (1125.8866ms)
✔ FS06 templates preserve literal lookup and named URL witnesses without executing render (1075.1605ms)
✔ FS06 models, ORM intent, signals and admin remain declared framework relationships (1051.0581ms)
✔ FS06 explicit settings variant follows bounded named literal inheritance and missing selection stays unresolved (2201.377ms)
✔ FS06 wildcard and computed inherited settings never become verified routes (1066.7194ms)
✔ FS06 repeated mounted CBV bindings retain each registration source (1092.2884ms)
✔ FS06 exact oracle tuples and shared metadata are required, with no qualification badge from syntax alone (1035.6971ms)
✔ FS06 unsupported regex/converters, stacked decorators and dynamic templates retain typed uncertainty (1148.026ms)
✔ FS06 middleware hooks, app-ready and command ownership are conditional declarations (1514.7137ms)
✔ FS06 custom template engine and traversal names are withheld behind protected read boundaries (1090.5951ms)
✔ FS06 explicit installed app association preserves FS02 owners and excludes independent child packages (2188.9801ms)
✔ FS06 opaque class/method decorators cannot prove models or router dispatch (1038.9806ms)
✔ FS06 template keyword names and explicit engine overrides preserve uncertainty (1055.6149ms)
✔ FS06 local Django namespace shadowing cannot create verified framework registrations (1070.6166ms)
✔ FS06 mutated or escaped router instances cannot create verified endpoints (2453.8504ms)
✔ FS06 multiple explicit settings profiles retain separate variants and mutation never chooses a root (3430.5903ms)
✔ FS06 standard converters and slash metadata stay literal while regex and custom converters retain gaps (1209.2335ms)
✔ FS06 async FBV and qualified HTTP decorator preserve downstream calls without framework-call promotion (1174.403ms)
✔ FS06 duplicate signal registrations retain occurrences without implying signal emission (1171.2638ms)
✔ FS06 edited settings and template bytes refresh source evidence and remain full/incremental equivalent (3055.6215ms)
✔ FS06 mutable settings containers cannot prove installed-app or middleware registration (1022.8542ms)
✔ FS06 qualification django52 routers (16688.7823ms)
✔ FS06 qualification django52 formats (47453.9561ms)
✔ FS06 qualification django52 includes (7364.0205ms)
✔ FS06 qualification django52 decorators (9910.4613ms)
✔ FS06 qualification django52 converters (3461.8022ms)
✔ FS06 qualification django52 dynamic routes and decorators (5994.1657ms)
✔ FS06 qualification django52 models and serializers (13925.2281ms)
✔ FS06 qualification django52 signals boundaries (4112.918ms)
✔ FS06 qualification django52 templates boundaries and positions (9095.9712ms)
✔ FS06 qualification django60 routers (14918.0889ms)
✔ FS06 qualification django60 formats (37237.0589ms)
✔ FS06 qualification django60 includes (6438.297ms)
✔ FS06 qualification django60 decorators (8861.8979ms)
✔ FS06 qualification django60 converters (2973.0392ms)
✔ FS06 qualification django60 dynamic routes and decorators (5289.7592ms)
✔ FS06 qualification django60 models and serializers (13197.1649ms)
✔ FS06 qualification django60 signals boundaries (3852.2409ms)
✔ FS06 qualification django60 templates boundaries and positions (8598.6181ms)
✔ React Navigation nested literal actions retain ancestry and reject conditional callbacks (2354.0665ms)
✔ Expo static app configuration: literal scheme/root metadata and unknown plugin boundaries (233.1744ms)
✔ Flow scope negatives: destructuring, nested var/eval and named expressions cannot leak guessed targets (86.5877ms)
✔ Flow imports: stable source-backed exports resolve only when all selected platform targets agree (3408.3592ms)
✔ Metro advanced exports/imports/redirects: independently pinned fallback and array semantics (30.442ms)
✔ Metro config composition: pinned helpers are interpreted as data; mutation/executable helpers stay boundaries (797.905ms)
✔ Expo55/56 file routes: independent platform oracles, layout evidence and conservative destinations (3657.5604ms)
✔ RN native inventory: source declarations stop at explicit native/generated boundaries on every tuple (2661.3856ms)
✔ RN linking configuration: declared URL paths are separate from unresolved native URL receivers (237.8401ms)
✔ RN platform projection: pinned selection, branch dependencies and framework roots remain variant-isolated (5086.5595ms)
✔ React Navigation declarations: static groups, JSX screens and context-scoped literal targets (1030.6123ms)
✔ Flow dialect selection accepts leading pragmas only (1.1108ms)
✔ Flow shared pipeline: neutral facts, safe unresolved imports, cache and full equivalence (5020.7262ms)
✔ Metro static kernel rn83-bare/android: pinned synthetic oracle parity (5.4241ms)
✔ Metro static kernel rn83-bare/ios: pinned synthetic oracle parity (2.7719ms)
✔ Metro static kernel rn85-bare/android: pinned synthetic oracle parity (2.8495ms)
✔ Metro static kernel rn85-bare/ios: pinned synthetic oracle parity (2.5203ms)
✔ Metro static kernel expo55/android: pinned synthetic oracle parity (2.5938ms)
✔ Metro static kernel expo55/ios: pinned synthetic oracle parity (2.6166ms)
✔ Metro static kernel expo56/android: pinned synthetic oracle parity (2.7677ms)
✔ Metro static kernel expo56/ios: pinned synthetic oracle parity (2.236ms)
✔ Metro static kernel: policy, custom resolver and missing exports targets stay explicit (2.5194ms)
✔ Metro static kernel: cooperative cancellation and deadline remain enforced (13.0027ms)
✔ Flow syntax experiment: pinned grammar records preserve original BOM/CRLF/Unicode offsets (3.0073ms)
✔ Metro default-context kernel rn83-bare/android: source-backed defaults oracle parity (4.349ms)
✔ Metro default-context kernel rn83-bare/ios: source-backed defaults oracle parity (2.4652ms)
✔ Metro default-context kernel rn85-bare/android: source-backed defaults oracle parity (2.3639ms)
✔ Metro default-context kernel rn85-bare/ios: source-backed defaults oracle parity (2.4285ms)
✔ Metro default-context kernel expo55/android: source-backed defaults oracle parity (5.3066ms)
✔ Metro default-context kernel expo55/ios: source-backed defaults oracle parity (3.0919ms)
✔ Metro default-context kernel expo56/android: source-backed defaults oracle parity (5.7103ms)
✔ Metro default-context kernel expo56/ios: source-backed defaults oracle parity (3.1511ms)
✔ Flow neutral extraction: lexical functions, immutable aliases and import requests are distinct (7.1146ms)
✔ Flow neutral protocol rejects AST leakage, forged source ranges, owners and imported targets (5.6953ms)
✔ Flow supervised parser: neutral fixture parity, Python shared lease and malformed recovery (2637.1699ms)
✔ Flow supervised parser: cancellation releases lease and a new worker recovers (3338.4647ms)
✔ Metro production profile: platform dependencies/assets retain shared witnesses and incremental equivalence (862.5533ms)
✔ RN shared React projection: AppRegistry, composition, native events, effects and context stay distinct from calls (1780.2355ms)
✔ Flow neutral extraction: parameter shadowing, mutations, eval and receiver dispatch never guess calls (6.9331ms)
✔ Flow neutral extraction: component/hook scopes, JSX calls, conditional evidence and original coordinates (13.1445ms)
✔ local adapter preserves exact dependency evidence, diagnostics and round trips (461.9166ms)
✔ deduplication reports first occurrence and retains type-only aggregation (53.823ms)
✔ structural queries include type-only dependents and terminate on cycles (110.9064ms)
✔ snapshot validator rejects incompatible, dangling, escaped and forged evidence (169.0584ms)
✔ read policy excludes sensitive sources and common output directories (142.5609ms)
✔ outside config inheritance is reported and cannot yield approximate edges (63.1804ms)
✔ JSON dependency config inheritance remains static and inside the root (78.4793ms)
✔ symlink escapes are never selected, resolved or read as evidence (36.7872ms)
✔ resource and enumeration failures are explicit; large files are not partially parsed (160.9465ms)
✔ binary and declaration files have explicit coverage (42.8736ms)
✔ framework route evidence and withheld routes survive normalization (190.2525ms)
✔ local analysis never requests network or executes repository configuration/scripts (54.2352ms)
✔ retired GitHub ingestion and cloud adapters cannot accept local repository roots (5.9441ms)
✔ protected import graph and visualization cannot reach cloud/server capabilities (39.6735ms)
✔ existing parser and graph verification scripts work against fixture output (3536.8303ms)
✔ selection can use bounded reader without hidden process-current-directory reads (15.1185ms)
✔ fresh migrations explicitly authorize every audited legacy writer operation (93.816ms)
✔ legacy writer repair contains only scoped grants without altering reader or RLS security (2.1217ms)
✔ desktop protocol rejects malformed versions, arbitrary commands, fields and query budgets (6.4705ms)
✔ sidecar analyzes a non-Git directory, reports stages, scopes queries and detects stale evidence offline (2384.7661ms)
✔ sidecar refuses an unselected root and bounded framing rejects oversized or invalid input (9168.7356ms)
✔ cancel and crash can terminate a busy process and a fresh engine can retry (16262.0013ms)
✔ empty directory produces an honest empty snapshot and projection does not fabricate edges (35.9486ms)
✔ desktop capability/config prevents broad renderer native access and cloud frontend startup (40.2249ms)
✔ SQLite round trips canonical evidence, full diagnostics, registrations, settings and outcomes (634.3741ms)
✔ failed/cancelled refresh, ownership conflicts and failed publication preserve the last complete result (611.3384ms)
✔ schema upgrade failure rolls back and future versions/incomplete snapshots are retained and rejected (367.2853ms)
✔ missing roots and changed/deleted evidence remain historical; forgetting cascades local records only (391.1266ms)
✔ crashing during a SQLite publication rolls back and dead job owners recover as interrupted (964.2556ms)
✔ private process restart reopens SQLite offline without parsing, including an unavailable root (7689.2377ms)
✔ cancelling the actual persistent engine preserves its previous complete snapshot and records the owner outcome (7436.7209ms)
✔ storage protocol denies arbitrary filesystem/SQL/provider operations and injected roots (3.5408ms)
✔ native startup watchdog displays bounded recovery when hydration fails and clears after readiness (40.0652ms)
✔ pilot traces and impact have deterministic shortest verified witnesses across cycles and type-only edges (570.9391ms)
✔ depth and result budgets disclose exact omissions without truncating traversal truth (293.7962ms)
✔ search and structural Ask disambiguate real paths and export names and withhold unsupported answers (303.0301ms)
✔ empty snapshots and stale source do not turn missing or historical evidence into current truth (377.0673ms)
✔ investigation boundaries reject hostile query fields, unknown intents and forged witness IPC results (296.6678ms)
✔ pilot measurement allowlists reject strings, repository payloads and invalid numbers at every storage boundary (739.2637ms)
✔ offline private engine investigations survive SQLite restart and expose real witness references (3051.4373ms)
✔ pilot measurement transport has no repository or remote payload affordance (1.7781ms)
✔ explanation packages contain bounded verified metadata, hashes and gaps, never source or roots (368.3966ms)
✔ folder/investigation selection is explicit, bounded and cannot manufacture evidence (57.3958ms)
✔ local explanation cache separates approved provenance/model/prompt and cascades on forgetting (2930.1666ms)
✔ native-only provider transport preserves the restrictive renderer and local engine boundary (40.9917ms)
✔ provider choice survives the approval dialog and citations do not depend on provider wire JSON (1.8327ms)
✔ installed agents have bounded native adapters, no renderer CLI/root/key authority or structural writes (20.6579ms)
✔ dense long-path evidence fits the unchanged budget without losing the selected file (74.4975ms)
✔ static calls resolve local/imported aliases, named reexports, defaults and JavaScript without type dependencies (1373.8807ms)
✔ shadowed, duplicated, mutable, skipped, missing and receiver bindings never become fabricated calls (757.9006ms)
✔ existing Next and Nest route declarations bind uniquely; computed handlers remain explicit gaps (460.4487ms)
✔ same-line handlers retain exact binding ranges and duplicate methods/indirect reassignments remain withheld (720.365ms)
✔ reference initializers retain lexical targets while receiver type guesses never establish method references/calls (801.0009ms)
✔ decorators, class initializers, getters and default parameters never become enclosing handler/body calls (781.5218ms)
✔ route bindings follow actual framework provenance and exact verb imports, including same-line decorators (775.2738ms)
✔ a shared virtual compiler namespace never manufactures implicit cross-file/package global calls (656.3768ms)
✔ bounded traces terminate on recursion, disclose limits and preserve canonical source witnesses and test candidates (569.9584ms)
✔ symbol validator rejects forged provenance/owners/targets and missing rich snapshots; SQLite retains old complete data until refresh (756.4654ms)
✔ optional richer explanations are bounded, metadata-only, cited through hash-checked files and exact-payload digest (381.0805ms)
✔ incremental syntax reuse equals every full snapshot fact after aliases/reexports/conditional call changes (3064.2499ms)
✔ add/delete/rename, syntax skips, config/package/global-framework changes safely rebuild and match full analysis (3380.5904ms)
✔ protected observations reject concurrent writes, missing-target additions and directory changes (777.2608ms)
✔ a replaced selected root cannot be read through an existing authorized reader (140.3601ms)
✔ atomic scheduler rejects stale/cancelled generations and concurrent changes before publication (501.1019ms)
✔ actual Windows/platform watcher coalesces edits, handles rename/config/new directories, pauses/loss and full recovery (3583.8352ms)
✔ unknown/overflow/burst event hints force full analysis; repeated failure degrades without losing prior publication (1157.2131ms)
✔ PID/session cancellation rejects later generation publication and cache digests preserve only matching evidence (865.9486ms)
✔ watch transport accepts only bounded authorized-session operations and metrics (2.1011ms)
✔ model-free ordering and stable score ties use depth then exact ID (13.3049ms)
✔ unknown/duplicate/missing candidates, nonfinite scores, extra fields and stale identities fall back (5.0233ms)
✔ timeouts, failures and cancellation abort adapter and do not leak exception text (43.4147ms)
✔ adapter inputs are immutable and output cannot change candidates/witnesses (1.342ms)
✔ bounded ranking changes only inspection order, retains verified witnesses and unchanged impact (259.4528ms)
✔ budget/depth/cycles, disabled ranking and cancellation preserve bounded model-free behavior (121.5994ms)
✔ snapshot mutation during await is rejected instead of returning stale evidence (84.6572ms)
✔ repeatable replay, consent and secure local record deletion without telemetry or source (153.8265ms)
✔ incomplete/no-ground-truth judgments are null and MRR declares denominator (84.1736ms)
✔ denied egress still supports baseline and records visible failure fallback (66.4964ms)
✔ stored CLI summary separates held-out cases and includes failures rather than favorable-only MRR (2027.1758ms)
✔ analytic neural gradient matches finite differences for every parameter (12.6781ms)
✔ bundled artifact pin, finite shape, bounded vocabulary-free features and scores (7.0847ms)
✔ worker input excludes source, arbitrary paths, duplicate nodes and stale identity formats (1.9213ms)
✔ real isolated worker inference is offline, repeatable and terminable (268.0405ms)
✔ missing, corrupt, wrong pin and unqualified artifacts use deterministic fallback (28.2361ms)
✔ worker timeout and cancellation terminate inference and preserve deterministic ordering (364.792ms)
✔ cold worker initialization timeout is failure, never cancellation, and retains deterministic candidates (20.0329ms)
✔ desktop ranking validates current snapshot and witnesses, keeps graph and Impact byte-identical (729.1626ms)
✔ desktop protocol rejects renderer artifact/runtime paths and excessive limits (3.3709ms)
✔ documented Windows fixture produces the declared bounded model/baseline witnesses (524.7491ms)
✔ every renderer command is declared and narrowly authorized by the native manifest/capability (58.5868ms)
✔ seeded small training repeats exactly and held-out labels cannot enter fitting (96.3294ms)
ℹ tests 356
ℹ suites 0
ℹ pass 356
ℹ fail 0
ℹ cancelled 0
ℹ skipped 0
ℹ todo 0
ℹ duration_ms 315295.9356
