✔ F01-contract: v3 round trip, repeated analysis and incremental facts are deterministic (761.0531ms)
✔ F01-contract: the retained real v2 baseline round trips and requires explicit reanalysis (1127.7764ms)
✔ F01-contract: import projection and exact Impact remain equivalent to legacy parsing (251.5537ms)
✔ F01-contract: fixture source/output hashes and semantic golden are executable (164.1711ms)
✔ F01-contract: supported HTTP, dispatch-dependent, page and navigation contracts remain separate (138.8625ms)
✔ F01-contract: multi-file registration/declaration/config witnesses open current original source (210.2841ms)
✔ F01-contract rejects duplicate registration (134.3313ms)
✔ F01-contract rejects dangling profile (135.5292ms)
✔ F01-contract rejects unsupported variant (117.6513ms)
✔ F01-contract rejects dangling target (123.6923ms)
✔ F01-contract rejects source ownership mismatch (155.6207ms)
✔ F01-contract rejects noncallable endpoint (112.754ms)
✔ F01-contract rejects unknown enum (124.1007ms)
✔ F01-contract rejects fabricated position (107.3534ms)
✔ F01-contract rejects wrong evidence hash (120.1951ms)
✔ F01-contract rejects missing declaration witness (136.4325ms)
✔ F01-contract rejects unknown method guessed GET (108.9045ms)
✔ F01-contract rejects navigation carries HTTP method (115.1004ms)
✔ F01-contract rejects unsupported matcher without gap (166.436ms)
✔ F01-contract rejects candidate promoted to import (161.5729ms)
✔ F01-contract rejects candidate missing uncertainty (148.1858ms)
✔ F01-contract rejects candidate overflow hidden (161.7024ms)
✔ F01-contract rejects qualified without ledger (142.2829ms)
✔ F01-contract rejects forbidden config evidence (141.2233ms)
✔ F01-contract rejects forbidden sensitive directory witness (147.5565ms)
✔ F01-contract rejects source archive field (155.5436ms)
✔ F01-contract rejects user assumption disguised as verified (150.4682ms)
✔ F01-contract: only a matching complete positive/negative/Windows ledger can qualify (209.0454ms)
✔ F00-position: original Unicode/BOM/combining/CRLF byte and UTF-16 ranges agree (2.8625ms)
✔ F01-contract: request pins reject old/missing contracts before publication (119.1055ms)
✔ F01-contract: interrupted/failed v2 reanalysis retains payload; atomic v3 publication and future-version protection (837.2987ms)
✔ F01-contract: uncertainty projection keeps unknown methods, unsupported matcher and user assumptions distinct (120.0936ms)
✔ F01-contract: diagnostics render uncertainty and actual evidence buttons check current/stale source (569.5368ms)
✔ F02-profile: one protected inventory, deterministic nested ownership and compatible composition (975.9098ms)
✔ F02-profile: first-match legacy routes/roles remain stable while framework detection composes (122.0736ms)
✔ F02-profile: registration conflict, dependency cycle and missing prerequisites fail before facts (2.1113ms)
✔ F02-profile: static literals, constants, objects, arrays, property access, concatenation and syntactic wrapper (6.1284ms)
✔ F02-profile: getter never manufactures configuration (3.2274ms)
✔ F02-profile: helper never manufactures configuration (1.1637ms)
✔ F02-profile: env never manufactures configuration (1.2543ms)
✔ F02-profile: computed never manufactures configuration (0.8831ms)
✔ F02-profile: spread never manufactures configuration (1.0755ms)
✔ F02-profile: cycle never manufactures configuration (1.4803ms)
✔ F02-profile: shadowed wrapper never manufactures configuration (0.9886ms)
✔ F02-profile: malformed never manufactures configuration (1.6311ms)
✔ F02-profile: mutation never manufactures configuration (1.4143ms)
✔ F02-profile: initializer mutation never manufactures configuration (0.9391ms)
✔ F02-profile: prefix mutation never manufactures configuration (2.078ms)
✔ F02-profile: delete mutation never manufactures configuration (1.3771ms)
✔ F02-profile: tag helper never manufactures configuration (2.6093ms)
✔ F02-profile: ambiguous wrapper never manufactures configuration (1.1635ms)
✔ F02-profile: unknown environment branches retain conditions and never collapse into defaults (2.3086ms)
✔ F02-profile: executable config sentinel is read as text and never creates its file (86.1705ms)
✔ F02-profile: public metadata names do not open secrets, dependency code, generated source or arbitrary configs (99.6592ms)
✔ F02-profile: symlink/workspace junctions and escaped aliases are denied without target reads (82.5694ms)
✔ F02-profile: explicit variants have independent keys/witnesses; platform/SSR/production semantics stay deferred (311.7697ms)
✔ F02-profile: every protected resolution is classified; duplicate workspace names stay ambiguous (199.5324ms)
✔ F00-resource: node/depth/string/config-dependency/glob bounds and deterministic cycle diagnostics (1029.3575ms)
✔ F00-resource: cancellation/deadline/read limits never publish partial generations (222.0789ms)
✔ F02-profile: configuration dependencies refresh/invalidate without changing graph or exact Impact (413.1021ms)
✔ F02-profile: public metadata evidence survives persistence, checks Unicode ranges and becomes stale (263.7349ms)
✔ F02-profile: malformed and unsupported metadata stays explicit; invalid byte encodings are not evidence (99.0847ms)
✔ F02-profile: fixture/oracle hashes and exact infrastructure tuple are mandatory (80.1309ms)
✔ F02-profile: Python environments are excluded and dependency families cannot create false framework detection (73.3968ms)
✔ F02-profile: wrong source hashes and cross-project/profile sources never resolve internally (86.9125ms)
✔ F02-profile: config uncertainty is scoped to its profile and cannot alter unrelated verified imports (100.1139ms)
✔ F00-resource: safe globs check cancellation inside adversarial matching and retain no truncated singleton (149.4848ms)
✔ F00-resource: cancellation between discovery and parsing preserves the current stored snapshot (33.7547ms)
✔ F02-profile: inherited configuration cycles and missing metadata have typed capability gaps and source proof (81.737ms)
✔ qualification vite7-react18/browser-development: pinned expanded module oracle and source witnesses (6569.5026ms)
ℹ {"tuple":"vite7-react18","profile":"browser-development","facts":51,"registrations":3,"candidates":0,"gaps":19,"forbiddenGuessedFacts":0}
✔ qualification vite7-react18/browser-production: pinned expanded module oracle and source witnesses (5761.2948ms)
ℹ {"tuple":"vite7-react18","profile":"browser-production","facts":51,"registrations":3,"candidates":0,"gaps":19,"forbiddenGuessedFacts":0}
✔ qualification vite8-react19/browser-development: pinned expanded module oracle and source witnesses (6131.9264ms)
ℹ {"tuple":"vite8-react19","profile":"browser-development","facts":51,"registrations":3,"candidates":0,"gaps":19,"forbiddenGuessedFacts":0}
✔ qualification vite8-react19/browser-production: pinned expanded module oracle and source witnesses (5940.5445ms)
ℹ {"tuple":"vite8-react19","profile":"browser-production","facts":51,"registrations":3,"candidates":0,"gaps":19,"forbiddenGuessedFacts":0}
✔ qualification vite8-react19/ssr-production: pinned expanded module oracle and source witnesses (5251.1673ms)
ℹ {"tuple":"vite8-react19","profile":"ssr-production","facts":47,"registrations":3,"candidates":0,"gaps":23,"forbiddenGuessedFacts":0}
✔ qualification: Vite 8 native TS paths browser-development agrees with controlled compiler (943.4819ms)
✔ qualification: Vite 8 native TS paths browser-production agrees with controlled compiler (1197.5823ms)
✔ qualification: Vite 8 native TS paths ssr-production agrees with controlled compiler (998.8171ms)
✔ qualification: pinned React plugins reject transforms, shadowing, mutation and version drift (4345.1833ms)
✔ qualification: publicDir disable/custom and unsafe exports retain explicit boundaries (2831.0617ms)
✔ qualification: namespace components, context consumers, hook callbacks and class lifecycle are associations (5107.5725ms)
✔ qualification: imperative navigation requires one proved router, callbacks remain framework bindings (2569.4205ms)
✔ qualification: nested router and plugin syntax depth/size limits fail explicitly (4785.2818ms)
✔ qualification: active framework cancellation/deadline preserves persisted generation and recovers (3092.0292ms)
✔ qualification: metadata and glob limits pass at ceiling and reject above without guessed facts (1905.1492ms)
✔ qualification: retained pinned matcher oracle maps to supported neutral registrations (447.1688ms)
✔ qualification: actual syntax below/at/above 100k nodes and generation fact ceiling (57845.6057ms)
✔ qualification: distributed routes reach 10k ceiling and overflow remains an explicit gap (91473.6167ms)
✔ qualification: state/reducer initialization and React 19 callbacks are version-qualified (783.2551ms)
✔ qualification: transparent component aliases preserve the complete event/call investigation (479.6055ms)
✔ vite7-react18: entries, composition, handlers, hooks and dependencies keep independent witnesses (2620.3636ms)
✔ vite8-react19: entries, composition, handlers, hooks and dependencies keep independent witnesses (2493.5052ms)
✔ F03: legacy import projection, exact Impact and type-only edges remain unchanged (435.8848ms)
✔ F03: glob exclusion/eager/lazy options and asset/worker facts never become calls (241.216ms)
✔ F03: computed config produces boundaries instead of guessed runtime edges (177.1053ms)
✔ F03: plugins config produces boundaries instead of guessed runtime edges (176.4952ms)
✔ F03: escape config produces boundaries instead of guessed runtime edges (172.9607ms)
✔ F03: unsupported callback props, inline effects and dynamic navigation stay explicit (423.7279ms)
✔ F03: nested route/loader/action bindings are navigation, never HTTP claims (217.1485ms)
✔ F03: incremental/full equivalence and changed HTML/config witnesses become stale (857.4301ms)
✔ F03: contract rejects binary source masquerading and malformed resource bindings (273.3791ms)
✔ vite7-react18: retained controlled build oracle hashes and named runtime module parity (251.4232ms)
✔ vite8-react19: retained controlled build oracle hashes and named runtime module parity (230.5575ms)
✔ F03: original UTF-16/BOM/CRLF/Unicode witnesses and explicit browser/SSR variants (1168.123ms)
✔ F03: literal aliases preserve runtime/type distinctions and divergent calls stay outside framework traces (248.4719ms)
✔ F03: Vite 8 opt-in TS paths resolve separately; Vite 7 never assumes the plugin (494.4772ms)
✔ F03: JavaScript/class/memo/forwardRef aliases and inline callbacks retain lexical ownership (253.6767ms)
✔ F03: named barrel aliases retain intermediate witnesses and stale barrel changes are detected (207.9104ms)
✔ F03: developer proxy facts never establish a production origin; rewrites remain exact or unknown (227.3516ms)
✔ F03: HTML comments/raw text/templates/duplicate attributes never create guessed entries (0.5888ms)
✔ F03: configuration execution/egress, escaped aliases and symlinks remain denied (477.8124ms)
✔ F03: aliased React implementation and reassigned exported handlers cannot create framework facts (432.7393ms)
✔ F03: retained accepted FS-02 v3 payload remains byte/canonical compatible (1189.8096ms)
✔ F03: adapter fact budget is generation-local and cancellation never returns a partial snapshot (315.7086ms)
✔ F03: React DOM version mismatch and shadowed classic JSX factory withhold roots (563.3191ms)
✔ F03: custom proxy request hooks and worker queries on assets remain boundaries (304.1081ms)
✔ F03: production HTML entry selection never guesses custom build inputs (992.9485ms)
✔ F03: aliased React DOM subpath cannot be mistaken for the qualified platform root API (306.4761ms)
✔ F03: above-limit syntax and glob sets emit resource gaps without truncated framework facts (27579.3058ms)
✔ F03: invalid UTF-8 preserves legacy decoding but explicitly excludes new framework facts (214.3074ms)
✔ F04 pinned route and rewrite matcher parity (9.6076ms)
✔ F04 next15/node-development: routes, actions, witnesses and incremental roundtrip (7054.6551ms)
✔ F04 next15/node-production: routes, actions, witnesses and incremental roundtrip (6370.5395ms)
✔ F04 next15/browser: routes, actions, witnesses and incremental roundtrip (6285.9018ms)
✔ F04 next16-preservation/node-development: routes, actions, witnesses and incremental roundtrip (6569.7842ms)
✔ F04 next16-preservation/node-production: routes, actions, witnesses and incremental roundtrip (6948.5533ms)
✔ F04 next16-preservation/browser: routes, actions, witnesses and incremental roundtrip (6133.2124ms)
✔ F04 next16-patch/node-development: routes, actions, witnesses and incremental roundtrip (6304.8166ms)
✔ F04 next16-patch/node-production: routes, actions, witnesses and incremental roundtrip (5597.7413ms)
✔ F04 next16-patch/browser: routes, actions, witnesses and incremental roundtrip (4758.4717ms)
✔ F04 node22/node-development: native resolution oracle and registration parity (235.9864ms)
✔ F04 node22/node-production: native resolution oracle and registration parity (142.2111ms)
✔ F04 node24/node-development: native resolution oracle and registration parity (130.1066ms)
✔ F04 node24/node-production: native resolution oracle and registration parity (133.2103ms)
✔ F04 pages dispatch, config order/conditions and version-specific proxy declarations (351.2782ms)
✔ F04 inline actions, ambiguous props and version drift stay evidence-bound (859.4971ms)
✔ F04 Node runtime: ESM exact extension, require search, package conditions and builtins remain separate from TS aliases (77.6158ms)
✔ F04 unknown Next version and dynamic configuration cannot qualify new routes (648.5455ms)
✔ F04 Node registrations and unique CommonJS exports reject mutated receivers/exports (82.5434ms)
✔ F04 mutated request dispatch and unresolved explicit HEAD cannot become framework-derived methods (322.2052ms)
✔ F04 native Node ignores tsconfig paths while Next uses a protected one-target path (288.3433ms)
✔ F04 literal interception records soft navigation context; literal Link has unique route evidence (276.1458ms)
✔ F04 custom pageExtensions, source ownership, lifecycle exports and imperative navigation (307.929ms)
✔ F04 config is never executed and nonerasable native TS remains unresolved (124.6735ms)
✔ F04 original BOM/CRLF/Unicode witnesses and action alias retain exact ranges (3636.0222ms)
✔ F04 derived methods have distinct occurrences and endpoint aliases trace to a service (551.8176ms)
✔ F04 active cancellation/deadline inside Node/Next preserves stored generation and recovers (1006.7203ms)
✔ F04 shared snapshot rejects noncallable action targets (222.3874ms)
✔ F04 Middleware runtime and mutable Link stay explicit boundaries (270.6186ms)
✔ F04 convention entries, Pages switch dispatch, re-exports and marker/lifecycle operations (466.7802ms)
✔ F04 CJS re-export, duplicate global aliases and conditional assignment boundaries (135.662ms)
✔ F04 native TS erasure oracle and type-only runtime exclusion (240.6994ms)
✔ F04 native profiles cannot qualify JSX or typed JavaScript accepted by a bundler parser (190.5216ms)
✔ FS05 original bytes, BOM, CRLF and Unicode ranges (6.1284ms)
✔ FS05 Windows contained parser accepts controlled syntax without executing it (1292.1601ms)
✔ FS05 unsupported encodings fail closed without replacement (3.2395ms)
✔ FS05 Python composes with TS/JS through shared v3 snapshots (1410.6301ms)
✔ FS05 decorators, reassignment, attributes and dynamic binding never guess calls (1046.7845ms)
✔ FS05 cancellation refuses worker work and supports a fresh session (961.4929ms)
✔ FS05 controlled semantic fixture verifies exact calls and forbidden guesses (1304.9363ms)
✔ FS05 namespace/src roots, re-exports and shadowed import sites remain distinct (4478.9381ms)
✔ FS05 protected exclusions and failed parser retain TS/JS (113.0222ms)
✔ FS05 async refresh preserves previous publication after failure or pause (56.172ms)
✔ FS05 active cancellation releases the single-worker lease and source byte limits recover (3438.601ms)
✔ FS05 a paused asynchronous generation cannot publish late (44.274ms)
✔ FS05 Python import exclusions, stubs, external packages and root escapes stay separate (1553.3181ms)
✔ FS05 neutral output rejects AST leakage, wrong hashes and fact/node budget overflow (206.112ms)
✔ FS05 reopened Python generation is retained when parser startup fails (1512.3161ms)
✔ FS05 Python edits are watched through the shared protected refresh scheduler (2724.4109ms)
✔ FS05 package/submodule attribute collisions cannot prove a callable export (1303.4725ms)
✔ FS05 cancellation cannot bypass retained neutral syntax reuse (2288.9317ms)
✔ FS05 built-in and frozen imports cannot resolve to shadowing project files (1132.9083ms)
✔ FS06 real Windows watch publishes complete settings and template edits and pause retains prior publication (51542.9879ms)
✔ FS06 literal routing keeps order, namespaces, distinct registrations and framework calls separate (2003.2859ms)
✔ FS06 source sentinels are never executed and similarly named APIs cannot register URLs (1751.3436ms)
✔ FS06 repeated mounts at identical prefixes retain source-backed distinct IDs (1556.5753ms)
✔ FS06 django52 local C3 mixin override and custom dispatch boundary (1545.3968ms)
✔ FS06 django52 DRF api_view methods preserve external OPTIONS (1451.8649ms)
✔ FS06 django52 path-mode SimpleRouter list/detail/custom action declarations (1257.6948ms)
✔ FS06 django52 DefaultRouter path-mode suffix declarations preserve unsupported matchers and external root (1166.8457ms)
✔ FS06 django52 manager and QuerySet declarations never establish custom runtime dispatch (1467.8176ms)
✔ FS06 django52 all pinned APIView and generic CBV classes retain method-specific external boundaries (1296.482ms)
✔ FS06 django60 local C3 mixin override and custom dispatch boundary (1271.3093ms)
✔ FS06 django60 DRF api_view methods preserve external OPTIONS (1168.7368ms)
✔ FS06 django60 path-mode SimpleRouter list/detail/custom action declarations (965.2698ms)
✔ FS06 django60 DefaultRouter path-mode suffix declarations preserve unsupported matchers and external root (1086.9842ms)
✔ FS06 django60 manager and QuerySet declarations never establish custom runtime dispatch (1076.8209ms)
✔ FS06 django60 all pinned APIView and generic CBV classes retain method-specific external boundaries (1093.496ms)
✔ FS06 templates preserve literal lookup and named URL witnesses without executing render (1083.2581ms)
✔ FS06 models, ORM intent, signals and admin remain declared framework relationships (1212.4153ms)
✔ FS06 explicit settings variant follows bounded named literal inheritance and missing selection stays unresolved (2431.2701ms)
✔ FS06 wildcard and computed inherited settings never become verified routes (1132.9895ms)
✔ FS06 repeated mounted CBV bindings retain each registration source (1154.3894ms)
✔ FS06 exact oracle tuples and shared metadata are required, with no qualification badge from syntax alone (1085.8226ms)
✔ FS06 unsupported regex/converters, stacked decorators and dynamic templates retain typed uncertainty (1167.3997ms)
✔ FS06 middleware hooks, app-ready and command ownership are conditional declarations (1199.5991ms)
✔ FS06 custom template engine and traversal names are withheld behind protected read boundaries (1128.3634ms)
✔ FS06 explicit installed app association preserves FS02 owners and excludes independent child packages (2780.0012ms)
✔ FS06 opaque class/method decorators cannot prove models or router dispatch (1185.2862ms)
✔ FS06 template keyword names and explicit engine overrides preserve uncertainty (1157.8577ms)
✔ FS06 local Django namespace shadowing cannot create verified framework registrations (1265.9846ms)
✔ FS06 mutated or escaped router instances cannot create verified endpoints (2314.1605ms)
✔ FS06 multiple explicit settings profiles retain separate variants and mutation never chooses a root (3434.6189ms)
✔ FS06 standard converters and slash metadata stay literal while regex and custom converters retain gaps (1092.1266ms)
✔ FS06 async FBV and qualified HTTP decorator preserve downstream calls without framework-call promotion (1057.662ms)
✔ FS06 duplicate signal registrations retain occurrences without implying signal emission (1047.2755ms)
✔ FS06 edited settings and template bytes refresh source evidence and remain full/incremental equivalent (3309.1203ms)
✔ FS06 mutable settings containers cannot prove installed-app or middleware registration (1067.1219ms)
✔ FS06 qualification django52 routers (20639.7069ms)
✔ FS06 qualification django52 formats (65446.3475ms)
✔ FS06 qualification django52 includes (18002.4721ms)
✔ FS06 qualification django52 decorators (11526.8066ms)
✔ FS06 qualification django52 converters (3882.2279ms)
✔ FS06 qualification django52 dynamic routes and decorators (9410.8014ms)
✔ FS06 qualification django52 models and serializers (19643.8033ms)
✔ FS06 qualification django52 signals boundaries (4115.7373ms)
✔ FS06 qualification django52 templates boundaries and positions (9763.6036ms)
✔ FS06 qualification django60 routers (14651.2143ms)
✔ FS06 qualification django60 formats (43763.1001ms)
✔ FS06 qualification django60 includes (8846.56ms)
✔ FS06 qualification django60 decorators (11435.7968ms)
✔ FS06 qualification django60 converters (3723.6808ms)
✔ FS06 qualification django60 dynamic routes and decorators (6984.6681ms)
✔ FS06 qualification django60 models and serializers (15448.219ms)
✔ FS06 qualification django60 signals boundaries (4772.3905ms)
✔ FS06 qualification django60 templates boundaries and positions (10190.5877ms)
✔ Flow dialect selection accepts leading pragmas only (7.7775ms)
✔ Flow shared pipeline: neutral facts, safe unresolved imports, cache and full equivalence (4717.8287ms)
✔ Metro static kernel rn83-bare/android: pinned synthetic oracle parity (7.6885ms)
✔ Metro static kernel rn83-bare/ios: pinned synthetic oracle parity (3.714ms)
✔ Metro static kernel rn85-bare/android: pinned synthetic oracle parity (4.284ms)
✔ Metro static kernel rn85-bare/ios: pinned synthetic oracle parity (3.7713ms)
✔ Metro static kernel expo55/android: pinned synthetic oracle parity (3.3583ms)
✔ Metro static kernel expo55/ios: pinned synthetic oracle parity (3.2347ms)
✔ Metro static kernel expo56/android: pinned synthetic oracle parity (3.7864ms)
✔ Metro static kernel expo56/ios: pinned synthetic oracle parity (3.2075ms)
✔ Metro static kernel: policy, custom resolver and missing exports targets stay explicit (1.6107ms)
✔ Metro static kernel: cooperative cancellation and deadline remain enforced (16.922ms)
✔ Flow syntax experiment: pinned grammar records preserve original BOM/CRLF/Unicode offsets (3.7811ms)
✔ Metro default-context kernel rn83-bare/android: source-backed defaults oracle parity (3.7204ms)
✔ Metro default-context kernel rn83-bare/ios: source-backed defaults oracle parity (2.4794ms)
✔ Metro default-context kernel rn85-bare/android: source-backed defaults oracle parity (2.4715ms)
✔ Metro default-context kernel rn85-bare/ios: source-backed defaults oracle parity (2.7248ms)
✔ Metro default-context kernel expo55/android: source-backed defaults oracle parity (18.9657ms)
✔ Metro default-context kernel expo55/ios: source-backed defaults oracle parity (3.782ms)
✔ Metro default-context kernel expo56/android: source-backed defaults oracle parity (3.2611ms)
✔ Metro default-context kernel expo56/ios: source-backed defaults oracle parity (6.0178ms)
✔ Flow neutral extraction: lexical functions, immutable aliases and import requests are distinct (57.0896ms)
✔ Flow neutral protocol rejects AST leakage, forged source ranges, owners and imported targets (4.521ms)
✔ Flow supervised parser: neutral fixture parity, Python shared lease and malformed recovery (2812.1845ms)
✔ Flow supervised parser: cancellation releases lease and a new worker recovers (3083.7317ms)
✔ Metro production profile: platform dependencies/assets retain shared witnesses and incremental equivalence (826.2814ms)
✔ RN shared React projection: AppRegistry, composition, native events, effects and context stay distinct from calls (1732.6482ms)
✔ Flow neutral extraction: parameter shadowing, mutations, eval and receiver dispatch never guess calls (11.3815ms)
✔ Flow neutral extraction: component/hook scopes, JSX calls, conditional evidence and original coordinates (17.8519ms)
✔ local adapter preserves exact dependency evidence, diagnostics and round trips (611.386ms)
✔ deduplication reports first occurrence and retains type-only aggregation (63.0218ms)
✔ structural queries include type-only dependents and terminate on cycles (152.127ms)
✔ snapshot validator rejects incompatible, dangling, escaped and forged evidence (189.756ms)
✔ read policy excludes sensitive sources and common output directories (249.2027ms)
✔ outside config inheritance is reported and cannot yield approximate edges (87.3243ms)
✔ JSON dependency config inheritance remains static and inside the root (91.2205ms)
✔ symlink escapes are never selected, resolved or read as evidence (60.0436ms)
✔ resource and enumeration failures are explicit; large files are not partially parsed (202.5767ms)
✔ binary and declaration files have explicit coverage (37.473ms)
✔ framework route evidence and withheld routes survive normalization (197.2102ms)
✔ local analysis never requests network or executes repository configuration/scripts (63.132ms)
✔ retired GitHub ingestion and cloud adapters cannot accept local repository roots (5.5443ms)
✔ protected import graph and visualization cannot reach cloud/server capabilities (38.5175ms)
✔ existing parser and graph verification scripts work against fixture output (3074.8982ms)
✔ selection can use bounded reader without hidden process-current-directory reads (16.8626ms)
✔ fresh migrations explicitly authorize every audited legacy writer operation (85.0391ms)
✔ legacy writer repair contains only scoped grants without altering reader or RLS security (2.2918ms)
✔ desktop protocol rejects malformed versions, arbitrary commands, fields and query budgets (9.668ms)
✔ sidecar analyzes a non-Git directory, reports stages, scopes queries and detects stale evidence offline (2473.8761ms)
✔ sidecar refuses an unselected root and bounded framing rejects oversized or invalid input (8987.6408ms)
✔ cancel and crash can terminate a busy process and a fresh engine can retry (18036.1617ms)
✔ empty directory produces an honest empty snapshot and projection does not fabricate edges (43.8529ms)
✔ desktop capability/config prevents broad renderer native access and cloud frontend startup (6.592ms)
✔ SQLite round trips canonical evidence, full diagnostics, registrations, settings and outcomes (580.5292ms)
✔ failed/cancelled refresh, ownership conflicts and failed publication preserve the last complete result (509.3109ms)
✔ schema upgrade failure rolls back and future versions/incomplete snapshots are retained and rejected (322.9088ms)
✔ missing roots and changed/deleted evidence remain historical; forgetting cascades local records only (588.5144ms)
✔ crashing during a SQLite publication rolls back and dead job owners recover as interrupted (1210.5469ms)
✔ private process restart reopens SQLite offline without parsing, including an unavailable root (7520.3064ms)
✔ cancelling the actual persistent engine preserves its previous complete snapshot and records the owner outcome (9223.5891ms)
✔ storage protocol denies arbitrary filesystem/SQL/provider operations and injected roots (2.3973ms)
✔ native startup watchdog displays bounded recovery when hydration fails and clears after readiness (6.1252ms)
✔ pilot traces and impact have deterministic shortest verified witnesses across cycles and type-only edges (870.0597ms)
✔ depth and result budgets disclose exact omissions without truncating traversal truth (447.2501ms)
✔ search and structural Ask disambiguate real paths and export names and withhold unsupported answers (375.57ms)
✔ empty snapshots and stale source do not turn missing or historical evidence into current truth (450.8209ms)
✔ investigation boundaries reject hostile query fields, unknown intents and forged witness IPC results (396.4919ms)
✔ pilot measurement allowlists reject strings, repository payloads and invalid numbers at every storage boundary (706.0303ms)
✔ offline private engine investigations survive SQLite restart and expose real witness references (2800.3907ms)
✔ pilot measurement transport has no repository or remote payload affordance (2.1252ms)
✔ explanation packages contain bounded verified metadata, hashes and gaps, never source or roots (292.7404ms)
✔ folder/investigation selection is explicit, bounded and cannot manufacture evidence (94.7499ms)
✔ local explanation cache separates approved provenance/model/prompt and cascades on forgetting (3768.3902ms)
✔ native-only provider transport preserves the restrictive renderer and local engine boundary (47.6489ms)
✔ provider choice survives the approval dialog and citations do not depend on provider wire JSON (2.0288ms)
✔ installed agents have bounded native adapters, no renderer CLI/root/key authority or structural writes (13.2387ms)
✔ dense long-path evidence fits the unchanged budget without losing the selected file (96.9679ms)
✔ static calls resolve local/imported aliases, named reexports, defaults and JavaScript without type dependencies (1812.8911ms)
✔ shadowed, duplicated, mutable, skipped, missing and receiver bindings never become fabricated calls (993.9921ms)
✔ existing Next and Nest route declarations bind uniquely; computed handlers remain explicit gaps (614.2929ms)
✔ same-line handlers retain exact binding ranges and duplicate methods/indirect reassignments remain withheld (1302.7293ms)
✔ reference initializers retain lexical targets while receiver type guesses never establish method references/calls (1036.7697ms)
✔ decorators, class initializers, getters and default parameters never become enclosing handler/body calls (959.2215ms)
✔ route bindings follow actual framework provenance and exact verb imports, including same-line decorators (1065.382ms)
✔ a shared virtual compiler namespace never manufactures implicit cross-file/package global calls (1020.115ms)
✔ bounded traces terminate on recursion, disclose limits and preserve canonical source witnesses and test candidates (763.1376ms)
✔ symbol validator rejects forged provenance/owners/targets and missing rich snapshots; SQLite retains old complete data until refresh (966.8085ms)
✔ optional richer explanations are bounded, metadata-only, cited through hash-checked files and exact-payload digest (697.564ms)
✔ incremental syntax reuse equals every full snapshot fact after aliases/reexports/conditional call changes (3470.2441ms)
✔ add/delete/rename, syntax skips, config/package/global-framework changes safely rebuild and match full analysis (4518.3627ms)
✔ protected observations reject concurrent writes, missing-target additions and directory changes (1416.7815ms)
✔ a replaced selected root cannot be read through an existing authorized reader (438.7863ms)
✔ atomic scheduler rejects stale/cancelled generations and concurrent changes before publication (931.8871ms)
✔ actual Windows/platform watcher coalesces edits, handles rename/config/new directories, pauses/loss and full recovery (4934.5149ms)
✔ unknown/overflow/burst event hints force full analysis; repeated failure degrades without losing prior publication (1592.5238ms)
✔ PID/session cancellation rejects later generation publication and cache digests preserve only matching evidence (1249.6255ms)
✔ watch transport accepts only bounded authorized-session operations and metrics (2.7898ms)
✔ model-free ordering and stable score ties use depth then exact ID (13.5197ms)
✔ unknown/duplicate/missing candidates, nonfinite scores, extra fields and stale identities fall back (6.8073ms)
✔ timeouts, failures and cancellation abort adapter and do not leak exception text (20.369ms)
✔ adapter inputs are immutable and output cannot change candidates/witnesses (6.7235ms)
✔ bounded ranking changes only inspection order, retains verified witnesses and unchanged impact (410.4214ms)
✔ budget/depth/cycles, disabled ranking and cancellation preserve bounded model-free behavior (160.555ms)
✔ snapshot mutation during await is rejected instead of returning stale evidence (107.1776ms)
✔ repeatable replay, consent and secure local record deletion without telemetry or source (246.8322ms)
✔ incomplete/no-ground-truth judgments are null and MRR declares denominator (90.4135ms)
✔ denied egress still supports baseline and records visible failure fallback (146.2573ms)
✔ stored CLI summary separates held-out cases and includes failures rather than favorable-only MRR (2388.4955ms)
✔ analytic neural gradient matches finite differences for every parameter (14.3186ms)
✔ bundled artifact pin, finite shape, bounded vocabulary-free features and scores (7.9095ms)
✔ worker input excludes source, arbitrary paths, duplicate nodes and stale identity formats (1.4503ms)
✔ real isolated worker inference is offline, repeatable and terminable (339.7874ms)
✔ missing, corrupt, wrong pin and unqualified artifacts use deterministic fallback (24.3861ms)
✔ worker timeout and cancellation terminate inference and preserve deterministic ordering (453.7199ms)
✔ cold worker initialization timeout is failure, never cancellation, and retains deterministic candidates (7.0273ms)
✔ desktop ranking validates current snapshot and witnesses, keeps graph and Impact byte-identical (794.8583ms)
✔ desktop protocol rejects renderer artifact/runtime paths and excessive limits (6.0194ms)
✔ documented Windows fixture produces the declared bounded model/baseline witnesses (729.1854ms)
✔ every renderer command is declared and narrowly authorized by the native manifest/capability (63.1258ms)
✔ seeded small training repeats exactly and held-out labels cannot enter fitting (128.4948ms)
ℹ tests 345
ℹ suites 0
ℹ pass 345
ℹ fail 0
ℹ cancelled 0
ℹ skipped 0
ℹ todo 0
ℹ duration_ms 387932.7119
