✔ F01-contract: v3 round trip, repeated analysis and incremental facts are deterministic (1322.3722ms)
✔ F01-contract: the retained real v2 baseline round trips and requires explicit reanalysis (1597.6389ms)
✔ F01-contract: import projection and exact Impact remain equivalent to legacy parsing (338.724ms)
✔ F01-contract: fixture source/output hashes and semantic golden are executable (233.2063ms)
✔ F01-contract: supported HTTP, dispatch-dependent, page and navigation contracts remain separate (179.4221ms)
✔ F01-contract: multi-file registration/declaration/config witnesses open current original source (292.209ms)
✔ F01-contract rejects duplicate registration (199.1115ms)
✔ F01-contract rejects dangling profile (299.6794ms)
✔ F01-contract rejects unsupported variant (334.0925ms)
✔ F01-contract rejects dangling target (295.5616ms)
✔ F01-contract rejects source ownership mismatch (212.4228ms)
✔ F01-contract rejects noncallable endpoint (183.1145ms)
✔ F01-contract rejects unknown enum (244.0481ms)
✔ F01-contract rejects fabricated position (396.5164ms)
✔ F01-contract rejects wrong evidence hash (274.8161ms)
✔ F01-contract rejects missing declaration witness (323.9466ms)
✔ F01-contract rejects unknown method guessed GET (280.3927ms)
✔ F01-contract rejects navigation carries HTTP method (387.8981ms)
✔ F01-contract rejects unsupported matcher without gap (252.8564ms)
✔ F01-contract rejects candidate promoted to import (213.6964ms)
✔ F01-contract rejects candidate missing uncertainty (384.0658ms)
✔ F01-contract rejects candidate overflow hidden (268.7119ms)
✔ F01-contract rejects qualified without ledger (361.109ms)
✔ F01-contract rejects forbidden config evidence (325.5076ms)
✔ F01-contract rejects forbidden sensitive directory witness (278.6774ms)
✔ F01-contract rejects source archive field (231.965ms)
✔ F01-contract rejects user assumption disguised as verified (258.3389ms)
✔ F01-contract: only a matching complete positive/negative/Windows ledger can qualify (369.385ms)
✔ F00-position: original Unicode/BOM/combining/CRLF byte and UTF-16 ranges agree (2.244ms)
✔ F01-contract: request pins reject old/missing contracts before publication (215.8241ms)
✔ F01-contract: interrupted/failed v2 reanalysis retains payload; atomic v3 publication and future-version protection (1198.8216ms)
✔ F01-contract: uncertainty projection keeps unknown methods, unsupported matcher and user assumptions distinct (225.5077ms)
✔ F01-contract: diagnostics render uncertainty and actual evidence buttons check current/stale source (1200.3332ms)
✔ F02-profile: one protected inventory, deterministic nested ownership and compatible composition (1800.4248ms)
✔ F02-profile: first-match legacy routes/roles remain stable while framework detection composes (205.5351ms)
✔ F02-profile: registration conflict, dependency cycle and missing prerequisites fail before facts (3.7487ms)
✔ F02-profile: static literals, constants, objects, arrays, property access, concatenation and syntactic wrapper (20.3006ms)
✔ F02-profile: getter never manufactures configuration (14.298ms)
✔ F02-profile: helper never manufactures configuration (3.5317ms)
✔ F02-profile: env never manufactures configuration (1.9518ms)
✔ F02-profile: computed never manufactures configuration (1.2309ms)
✔ F02-profile: spread never manufactures configuration (2.5183ms)
✔ F02-profile: cycle never manufactures configuration (31.2779ms)
✔ F02-profile: shadowed wrapper never manufactures configuration (1.2096ms)
✔ F02-profile: malformed never manufactures configuration (2.0159ms)
✔ F02-profile: mutation never manufactures configuration (2.6835ms)
✔ F02-profile: initializer mutation never manufactures configuration (1.2541ms)
✔ F02-profile: prefix mutation never manufactures configuration (29.7358ms)
✔ F02-profile: delete mutation never manufactures configuration (2.1512ms)
✔ F02-profile: tag helper never manufactures configuration (2.3678ms)
✔ F02-profile: ambiguous wrapper never manufactures configuration (12.5084ms)
✔ F02-profile: unknown environment branches retain conditions and never collapse into defaults (2.0434ms)
✔ F02-profile: executable config sentinel is read as text and never creates its file (185.7143ms)
✔ F02-profile: public metadata names do not open secrets, dependency code, generated source or arbitrary configs (190.3334ms)
✔ F02-profile: symlink/workspace junctions and escaped aliases are denied without target reads (135.361ms)
✔ F02-profile: explicit variants have independent keys/witnesses; platform/SSR/production semantics stay deferred (416.4869ms)
✔ F02-profile: every protected resolution is classified; duplicate workspace names stay ambiguous (518.596ms)
✔ F00-resource: node/depth/string/config-dependency/glob bounds and deterministic cycle diagnostics (1556.9847ms)
✔ F00-resource: cancellation/deadline/read limits never publish partial generations (526.2516ms)
✔ F02-profile: configuration dependencies refresh/invalidate without changing graph or exact Impact (702.6479ms)
✔ F02-profile: public metadata evidence survives persistence, checks Unicode ranges and becomes stale (313.465ms)
✔ F02-profile: malformed and unsupported metadata stays explicit; invalid byte encodings are not evidence (97.4491ms)
✔ F02-profile: fixture/oracle hashes and exact infrastructure tuple are mandatory (217.3593ms)
✔ F02-profile: Python environments are excluded and dependency families cannot create false framework detection (340.4878ms)
✔ F02-profile: wrong source hashes and cross-project/profile sources never resolve internally (177.3712ms)
✔ F02-profile: config uncertainty is scoped to its profile and cannot alter unrelated verified imports (239.1301ms)
✔ F00-resource: safe globs check cancellation inside adversarial matching and retain no truncated singleton (234.4053ms)
✔ F00-resource: cancellation between discovery and parsing preserves the current stored snapshot (49.6881ms)
✔ F02-profile: inherited configuration cycles and missing metadata have typed capability gaps and source proof (168.1097ms)
✔ qualification vite7-react18/browser-development: pinned expanded module oracle and source witnesses (9135.8422ms)
ℹ {"tuple":"vite7-react18","profile":"browser-development","facts":51,"registrations":3,"candidates":0,"gaps":19,"forbiddenGuessedFacts":0}
✔ qualification vite7-react18/browser-production: pinned expanded module oracle and source witnesses (9285.2363ms)
ℹ {"tuple":"vite7-react18","profile":"browser-production","facts":51,"registrations":3,"candidates":0,"gaps":19,"forbiddenGuessedFacts":0}
✔ qualification vite8-react19/browser-development: pinned expanded module oracle and source witnesses (12023.806ms)
ℹ {"tuple":"vite8-react19","profile":"browser-development","facts":51,"registrations":3,"candidates":0,"gaps":19,"forbiddenGuessedFacts":0}
✔ qualification vite8-react19/browser-production: pinned expanded module oracle and source witnesses (8969.2103ms)
ℹ {"tuple":"vite8-react19","profile":"browser-production","facts":51,"registrations":3,"candidates":0,"gaps":19,"forbiddenGuessedFacts":0}
✔ qualification vite8-react19/ssr-production: pinned expanded module oracle and source witnesses (8486.4669ms)
ℹ {"tuple":"vite8-react19","profile":"ssr-production","facts":47,"registrations":3,"candidates":0,"gaps":23,"forbiddenGuessedFacts":0}
✔ qualification: Vite 8 native TS paths browser-development agrees with controlled compiler (1132.6783ms)
✔ qualification: Vite 8 native TS paths browser-production agrees with controlled compiler (1225.1396ms)
✔ qualification: Vite 8 native TS paths ssr-production agrees with controlled compiler (1140.6602ms)
✔ qualification: pinned React plugins reject transforms, shadowing, mutation and version drift (5517.6548ms)
✔ qualification: publicDir disable/custom and unsafe exports retain explicit boundaries (3735.7252ms)
✔ qualification: namespace components, context consumers, hook callbacks and class lifecycle are associations (7067.99ms)
✔ qualification: imperative navigation requires one proved router, callbacks remain framework bindings (4720.5395ms)
✔ qualification: nested router and plugin syntax depth/size limits fail explicitly (7243.4639ms)
✔ qualification: active framework cancellation/deadline preserves persisted generation and recovers (4216.0485ms)
✔ qualification: metadata and glob limits pass at ceiling and reject above without guessed facts (2818.6301ms)
✔ qualification: retained pinned matcher oracle maps to supported neutral registrations (728.7282ms)
✔ qualification: actual syntax below/at/above 100k nodes and generation fact ceiling (74270.0093ms)
✔ qualification: distributed routes reach 10k ceiling and overflow remains an explicit gap (108942.5753ms)
✔ qualification: state/reducer initialization and React 19 callbacks are version-qualified (2273.1767ms)
✔ qualification: transparent component aliases preserve the complete event/call investigation (1848.0563ms)
✔ vite7-react18: entries, composition, handlers, hooks and dependencies keep independent witnesses (7093.0133ms)
✔ vite8-react19: entries, composition, handlers, hooks and dependencies keep independent witnesses (5082.9555ms)
✔ F03: legacy import projection, exact Impact and type-only edges remain unchanged (1255.1947ms)
✔ F03: glob exclusion/eager/lazy options and asset/worker facts never become calls (580.4529ms)
✔ F03: computed config produces boundaries instead of guessed runtime edges (609.0955ms)
✔ F03: plugins config produces boundaries instead of guessed runtime edges (1100.8771ms)
✔ F03: escape config produces boundaries instead of guessed runtime edges (2209.2794ms)
✔ F03: unsupported callback props, inline effects and dynamic navigation stay explicit (1925.5441ms)
✔ F03: nested route/loader/action bindings are navigation, never HTTP claims (950.1881ms)
✔ F03: incremental/full equivalence and changed HTML/config witnesses become stale (2776.8229ms)
✔ F03: contract rejects binary source masquerading and malformed resource bindings (806.2739ms)
✔ vite7-react18: retained controlled build oracle hashes and named runtime module parity (1218.4971ms)
✔ vite8-react19: retained controlled build oracle hashes and named runtime module parity (556.4741ms)
✔ F03: original UTF-16/BOM/CRLF/Unicode witnesses and explicit browser/SSR variants (2960.5005ms)
✔ F03: literal aliases preserve runtime/type distinctions and divergent calls stay outside framework traces (1387.3085ms)
✔ F03: Vite 8 opt-in TS paths resolve separately; Vite 7 never assumes the plugin (1670.9457ms)
✔ F03: JavaScript/class/memo/forwardRef aliases and inline callbacks retain lexical ownership (862.4574ms)
✔ F03: named barrel aliases retain intermediate witnesses and stale barrel changes are detected (671.391ms)
✔ F03: developer proxy facts never establish a production origin; rewrites remain exact or unknown (625.8677ms)
✔ F03: HTML comments/raw text/templates/duplicate attributes never create guessed entries (1.291ms)
✔ F03: configuration execution/egress, escaped aliases and symlinks remain denied (950.115ms)
✔ F03: aliased React implementation and reassigned exported handlers cannot create framework facts (736.0459ms)
✔ F03: retained accepted FS-02 v3 payload remains byte/canonical compatible (2490.9557ms)
✔ F03: adapter fact budget is generation-local and cancellation never returns a partial snapshot (1200.4368ms)
✔ F03: React DOM version mismatch and shadowed classic JSX factory withhold roots (908.9078ms)
✔ F03: custom proxy request hooks and worker queries on assets remain boundaries (756.0489ms)
✔ F03: production HTML entry selection never guesses custom build inputs (2099.1605ms)
✔ F03: aliased React DOM subpath cannot be mistaken for the qualified platform root API (574.9261ms)
✔ F03: above-limit syntax and glob sets emit resource gaps without truncated framework facts (38872.3247ms)
✔ F03: invalid UTF-8 preserves legacy decoding but explicitly excludes new framework facts (360.9573ms)
✔ F04 pinned route and rewrite matcher parity (16.4697ms)
✔ F04 next15/node-development: routes, actions, witnesses and incremental roundtrip (10241.594ms)
✔ F04 next15/node-production: routes, actions, witnesses and incremental roundtrip (9824.1547ms)
✔ F04 next15/browser: routes, actions, witnesses and incremental roundtrip (12323.1856ms)
✔ F04 next16-preservation/node-development: routes, actions, witnesses and incremental roundtrip (9015.9323ms)
✔ F04 next16-preservation/node-production: routes, actions, witnesses and incremental roundtrip (9423.3081ms)
✔ F04 next16-preservation/browser: routes, actions, witnesses and incremental roundtrip (7720.2469ms)
✔ F04 next16-patch/node-development: routes, actions, witnesses and incremental roundtrip (8091.4204ms)
✔ F04 next16-patch/node-production: routes, actions, witnesses and incremental roundtrip (8693.2296ms)
✔ F04 next16-patch/browser: routes, actions, witnesses and incremental roundtrip (6878.5097ms)
✔ F04 node22/node-development: native resolution oracle and registration parity (432.9012ms)
✔ F04 node22/node-production: native resolution oracle and registration parity (413.9517ms)
✔ F04 node24/node-development: native resolution oracle and registration parity (467.3858ms)
✔ F04 node24/node-production: native resolution oracle and registration parity (235.1913ms)
✔ F04 pages dispatch, config order/conditions and version-specific proxy declarations (885.6156ms)
✔ F04 inline actions, ambiguous props and version drift stay evidence-bound (1422.3906ms)
✔ F04 Node runtime: ESM exact extension, require search, package conditions and builtins remain separate from TS aliases (94.538ms)
✔ F04 unknown Next version and dynamic configuration cannot qualify new routes (1010.0156ms)
✔ F04 Node registrations and unique CommonJS exports reject mutated receivers/exports (257.4977ms)
✔ F04 mutated request dispatch and unresolved explicit HEAD cannot become framework-derived methods (994.8667ms)
✔ F04 native Node ignores tsconfig paths while Next uses a protected one-target path (1128.1839ms)
✔ F04 literal interception records soft navigation context; literal Link has unique route evidence (951.4596ms)
✔ F04 custom pageExtensions, source ownership, lifecycle exports and imperative navigation (583.0481ms)
✔ F04 config is never executed and nonerasable native TS remains unresolved (272.2504ms)
✔ F04 original BOM/CRLF/Unicode witnesses and action alias retain exact ranges (6182.8785ms)
✔ F04 derived methods have distinct occurrences and endpoint aliases trace to a service (1248.9411ms)
✔ F04 active cancellation/deadline inside Node/Next preserves stored generation and recovers (1762.2508ms)
✔ F04 shared snapshot rejects noncallable action targets (496.8062ms)
✔ F04 Middleware runtime and mutable Link stay explicit boundaries (457.6426ms)
✔ F04 convention entries, Pages switch dispatch, re-exports and marker/lifecycle operations (705.1086ms)
✔ F04 CJS re-export, duplicate global aliases and conditional assignment boundaries (227.9084ms)
✔ F04 native TS erasure oracle and type-only runtime exclusion (181.9594ms)
✔ F04 native profiles cannot qualify JSX or typed JavaScript accepted by a bundler parser (304.9777ms)
✔ FS05 original bytes, BOM, CRLF and Unicode ranges (20.6092ms)
✔ FS05 Windows contained parser accepts controlled syntax without executing it (3033.5831ms)
✔ FS05 unsupported encodings fail closed without replacement (2.6318ms)
✔ FS05 Python composes with TS/JS through shared v3 snapshots (2685.4077ms)
✔ FS05 decorators, reassignment, attributes and dynamic binding never guess calls (2215.7925ms)
✔ FS05 cancellation refuses worker work and supports a fresh session (2183.149ms)
✔ FS05 controlled semantic fixture verifies exact calls and forbidden guesses (2768.3608ms)
✔ FS05 namespace/src roots, re-exports and shadowed import sites remain distinct (11323.5231ms)
✔ FS05 protected exclusions and failed parser retain TS/JS (338.574ms)
✔ FS05 async refresh preserves previous publication after failure or pause (187.4585ms)
✖ FS05 active cancellation releases the single-worker lease and source byte limits recover (5382.0966ms)
✔ FS05 a paused asynchronous generation cannot publish late (42.1634ms)
✔ FS05 Python import exclusions, stubs, external packages and root escapes stay separate (3001.8974ms)
✔ FS05 neutral output rejects AST leakage, wrong hashes and fact/node budget overflow (262.5593ms)
✔ FS05 reopened Python generation is retained when parser startup fails (1937.4519ms)
✔ FS05 Python edits are watched through the shared protected refresh scheduler (4172.4168ms)
✔ FS05 package/submodule attribute collisions cannot prove a callable export (3562.975ms)
✔ FS05 cancellation cannot bypass retained neutral syntax reuse (4115.2893ms)
✔ FS05 built-in and frozen imports cannot resolve to shadowing project files (1532.097ms)
✔ FS06 real Windows watch publishes complete settings and template edits and pause retains prior publication (90318.5019ms)
✔ FS06 literal routing keeps order, namespaces, distinct registrations and framework calls separate (3854.2091ms)
✔ FS06 source sentinels are never executed and similarly named APIs cannot register URLs (2098.9194ms)
✔ FS06 repeated mounts at identical prefixes retain source-backed distinct IDs (2622.5696ms)
✔ FS06 django52 local C3 mixin override and custom dispatch boundary (2131.4627ms)
✔ FS06 django52 DRF api_view methods preserve external OPTIONS (1852.1095ms)
✔ FS06 django52 path-mode SimpleRouter list/detail/custom action declarations (1730.9528ms)
✔ FS06 django52 DefaultRouter path-mode suffix declarations preserve unsupported matchers and external root (2338.7163ms)
✔ FS06 django52 manager and QuerySet declarations never establish custom runtime dispatch (2043.9935ms)
✔ FS06 django52 all pinned APIView and generic CBV classes retain method-specific external boundaries (2038.118ms)
✔ FS06 django60 local C3 mixin override and custom dispatch boundary (1797.2151ms)
✔ FS06 django60 DRF api_view methods preserve external OPTIONS (1405.4806ms)
✔ FS06 django60 path-mode SimpleRouter list/detail/custom action declarations (1389.7861ms)
✔ FS06 django60 DefaultRouter path-mode suffix declarations preserve unsupported matchers and external root (1678.824ms)
✔ FS06 django60 manager and QuerySet declarations never establish custom runtime dispatch (1479.9231ms)
✔ FS06 django60 all pinned APIView and generic CBV classes retain method-specific external boundaries (1340.8891ms)
✔ FS06 templates preserve literal lookup and named URL witnesses without executing render (1461.3575ms)
✔ FS06 models, ORM intent, signals and admin remain declared framework relationships (1316.1729ms)
✔ FS06 explicit settings variant follows bounded named literal inheritance and missing selection stays unresolved (2828.5147ms)
✔ FS06 wildcard and computed inherited settings never become verified routes (1487.15ms)
✔ FS06 repeated mounted CBV bindings retain each registration source (1539.0427ms)
✔ FS06 exact oracle tuples and shared metadata are required, with no qualification badge from syntax alone (1305.1885ms)
✔ FS06 unsupported regex/converters, stacked decorators and dynamic templates retain typed uncertainty (1301.7995ms)
✔ FS06 middleware hooks, app-ready and command ownership are conditional declarations (1375.297ms)
✔ FS06 custom template engine and traversal names are withheld behind protected read boundaries (1167.5268ms)
✔ FS06 explicit installed app association preserves FS02 owners and excludes independent child packages (2613.3692ms)
✔ FS06 opaque class/method decorators cannot prove models or router dispatch (1192.1605ms)
✔ FS06 template keyword names and explicit engine overrides preserve uncertainty (1589.5334ms)
✔ FS06 local Django namespace shadowing cannot create verified framework registrations (1443.0988ms)
✔ FS06 mutated or escaped router instances cannot create verified endpoints (2414.7772ms)
✔ FS06 multiple explicit settings profiles retain separate variants and mutation never chooses a root (3934.7639ms)
✔ FS06 standard converters and slash metadata stay literal while regex and custom converters retain gaps (1565.0895ms)
✔ FS06 async FBV and qualified HTTP decorator preserve downstream calls without framework-call promotion (1268.1102ms)
✔ FS06 duplicate signal registrations retain occurrences without implying signal emission (1295.5055ms)
✔ FS06 edited settings and template bytes refresh source evidence and remain full/incremental equivalent (3949.3074ms)
✔ FS06 mutable settings containers cannot prove installed-app or middleware registration (1298.3506ms)
✔ FS06 qualification django52 routers (30217.2178ms)
✔ FS06 qualification django52 formats (62675.0723ms)
✔ FS06 qualification django52 includes (17308.2175ms)
✔ FS06 qualification django52 decorators (47618.8521ms)
✔ FS06 qualification django52 converters (9081.9025ms)
✔ FS06 qualification django52 dynamic routes and decorators (12494.2255ms)
✔ FS06 qualification django52 models and serializers (25054.779ms)
✔ FS06 qualification django52 signals boundaries (5739.3458ms)
✔ FS06 qualification django52 templates boundaries and positions (13708.1356ms)
✔ FS06 qualification django60 routers (24479.0687ms)
✔ FS06 qualification django60 formats (57372.2981ms)
✔ FS06 qualification django60 includes (10228.4897ms)
✔ FS06 qualification django60 decorators (11505.0381ms)
✔ FS06 qualification django60 converters (3994.7363ms)
✔ FS06 qualification django60 dynamic routes and decorators (7886.1515ms)
✔ FS06 qualification django60 models and serializers (37741.73ms)
✔ FS06 qualification django60 signals boundaries (8825.8955ms)
✔ FS06 qualification django60 templates boundaries and positions (16724.8831ms)
✔ RN route ceiling: variant growth aborts a generation and retains its prior publication (62925.1552ms)
✔ Flow resource ceilings: source, syntax nodes and fact overflow discard output and recover (9500.1263ms)
✔ FS07 Windows watch: app metadata, Flow edits, variant switches and atomic publication (23194.0843ms)
✔ React Navigation nested literal actions retain ancestry and reject conditional callbacks (2528.3829ms)
✔ Expo static app configuration: literal scheme/root metadata and unknown plugin boundaries (472.2097ms)
✔ Flow scope negatives: destructuring, nested var/eval and named expressions cannot leak guessed targets (151.4223ms)
✔ Flow imports: stable source-backed exports resolve only when all selected platform targets agree (4217.3805ms)
✔ Metro advanced exports/imports/redirects: independently pinned fallback and array semantics (36.8424ms)
✔ Metro config composition: pinned helpers are interpreted as data; mutation/executable helpers stay boundaries (814.6926ms)
✔ Expo55/56 file routes: independent platform oracles, layout evidence and conservative destinations (3845.0468ms)
✔ RN native inventory: source declarations stop at explicit native/generated boundaries on every tuple (5531.8709ms)
✔ RN linking configuration: declared URL paths are separate from unresolved native URL receivers (141.9073ms)
✔ RN platform projection: pinned selection, branch dependencies and framework roots remain variant-isolated (4025.3203ms)
✔ React Navigation declarations: static groups, JSX screens and context-scoped literal targets (519.6938ms)
✔ Flow dialect selection accepts leading pragmas only (0.5073ms)
✔ Flow shared pipeline: neutral facts, safe unresolved imports, cache and full equivalence (2387.6839ms)
✔ Metro static kernel rn83-bare/android: pinned synthetic oracle parity (3.8928ms)
✔ Metro static kernel rn83-bare/ios: pinned synthetic oracle parity (2.9853ms)
✔ Metro static kernel rn85-bare/android: pinned synthetic oracle parity (2.1695ms)
✔ Metro static kernel rn85-bare/ios: pinned synthetic oracle parity (2.4257ms)
✔ Metro static kernel expo55/android: pinned synthetic oracle parity (3.3993ms)
✔ Metro static kernel expo55/ios: pinned synthetic oracle parity (2.5904ms)
✔ Metro static kernel expo56/android: pinned synthetic oracle parity (2.3223ms)
✔ Metro static kernel expo56/ios: pinned synthetic oracle parity (2.4079ms)
✔ Metro static kernel: policy, custom resolver and missing exports targets stay explicit (2.4862ms)
✔ Metro static kernel: cooperative cancellation and deadline remain enforced (9.3268ms)
✔ Flow syntax experiment: pinned grammar records preserve original BOM/CRLF/Unicode offsets (2.2169ms)
✔ Metro default-context kernel rn83-bare/android: source-backed defaults oracle parity (3.328ms)
✔ Metro default-context kernel rn83-bare/ios: source-backed defaults oracle parity (2.7698ms)
✔ Metro default-context kernel rn85-bare/android: source-backed defaults oracle parity (2.5431ms)
✔ Metro default-context kernel rn85-bare/ios: source-backed defaults oracle parity (2.1985ms)
✔ Metro default-context kernel expo55/android: source-backed defaults oracle parity (2.7189ms)
✔ Metro default-context kernel expo55/ios: source-backed defaults oracle parity (2.6195ms)
✔ Metro default-context kernel expo56/android: source-backed defaults oracle parity (4.0326ms)
✔ Metro default-context kernel expo56/ios: source-backed defaults oracle parity (2.6354ms)
✔ Flow neutral extraction: lexical functions, immutable aliases and import requests are distinct (4.0835ms)
✔ Flow neutral protocol rejects AST leakage, forged source ranges, owners and imported targets (2.8789ms)
✔ Flow supervised parser: neutral fixture parity, Python shared lease and malformed recovery (1418.257ms)
✔ Flow supervised parser: cancellation releases lease and a new worker recovers (1397.8459ms)
✔ Metro production profile: platform dependencies/assets retain shared witnesses and incremental equivalence (413.6393ms)
✔ RN shared React projection: AppRegistry, composition, native events, effects and context stay distinct from calls (1116.3245ms)
✔ Flow neutral extraction: parameter shadowing, mutations, eval and receiver dispatch never guess calls (6.5382ms)
✔ Flow neutral extraction: component/hook scopes, JSX calls, conditional evidence and original coordinates (17.0163ms)
✔ local adapter preserves exact dependency evidence, diagnostics and round trips (784.0461ms)
✔ deduplication reports first occurrence and retains type-only aggregation (145.6606ms)
✔ structural queries include type-only dependents and terminate on cycles (162.3268ms)
✔ snapshot validator rejects incompatible, dangling, escaped and forged evidence (316.1792ms)
✔ read policy excludes sensitive sources and common output directories (671.1331ms)
✔ outside config inheritance is reported and cannot yield approximate edges (235.3811ms)
✔ JSON dependency config inheritance remains static and inside the root (171.449ms)
✔ symlink escapes are never selected, resolved or read as evidence (123.7736ms)
✔ resource and enumeration failures are explicit; large files are not partially parsed (291.4438ms)
✔ binary and declaration files have explicit coverage (74.5816ms)
✔ framework route evidence and withheld routes survive normalization (440.1198ms)
✔ local analysis never requests network or executes repository configuration/scripts (236.9538ms)
✔ retired GitHub ingestion and cloud adapters cannot accept local repository roots (116.3949ms)
✔ protected import graph and visualization cannot reach cloud/server capabilities (149.9968ms)
✔ existing parser and graph verification scripts work against fixture output (7360.3311ms)
✔ selection can use bounded reader without hidden process-current-directory reads (197.1328ms)
✔ fresh migrations explicitly authorize every audited legacy writer operation (129.8235ms)
✔ legacy writer repair contains only scoped grants without altering reader or RLS security (2.9124ms)
✔ desktop protocol rejects malformed versions, arbitrary commands, fields and query budgets (5.3903ms)
✔ sidecar analyzes a non-Git directory, reports stages, scopes queries and detects stale evidence offline (4961.9627ms)
✔ sidecar refuses an unselected root and bounded framing rejects oversized or invalid input (17676.8992ms)
✔ cancel and crash can terminate a busy process and a fresh engine can retry (28943.4979ms)
✔ empty directory produces an honest empty snapshot and projection does not fabricate edges (66.1149ms)
✔ desktop capability/config prevents broad renderer native access and cloud frontend startup (72.9974ms)
✔ SQLite round trips canonical evidence, full diagnostics, registrations, settings and outcomes (1550.5895ms)
✔ failed/cancelled refresh, ownership conflicts and failed publication preserve the last complete result (1143.8671ms)
✔ schema upgrade failure rolls back and future versions/incomplete snapshots are retained and rejected (984.2763ms)
✔ missing roots and changed/deleted evidence remain historical; forgetting cascades local records only (849.8147ms)
✔ crashing during a SQLite publication rolls back and dead job owners recover as interrupted (1295.9211ms)
✔ private process restart reopens SQLite offline without parsing, including an unavailable root (12050.7968ms)
✔ cancelling the actual persistent engine preserves its previous complete snapshot and records the owner outcome (13898.2669ms)
✔ storage protocol denies arbitrary filesystem/SQL/provider operations and injected roots (1.8447ms)
✔ native startup watchdog displays bounded recovery when hydration fails and clears after readiness (33.6192ms)
✔ pilot traces and impact have deterministic shortest verified witnesses across cycles and type-only edges (848.9788ms)
✔ depth and result budgets disclose exact omissions without truncating traversal truth (385.2431ms)
✔ search and structural Ask disambiguate real paths and export names and withhold unsupported answers (414.3795ms)
✔ empty snapshots and stale source do not turn missing or historical evidence into current truth (520.8292ms)
✔ investigation boundaries reject hostile query fields, unknown intents and forged witness IPC results (591.2495ms)
✔ pilot measurement allowlists reject strings, repository payloads and invalid numbers at every storage boundary (1648.6922ms)
✔ offline private engine investigations survive SQLite restart and expose real witness references (4003.4233ms)
✔ pilot measurement transport has no repository or remote payload affordance (272.2719ms)
✔ explanation packages contain bounded verified metadata, hashes and gaps, never source or roots (422.3254ms)
✔ folder/investigation selection is explicit, bounded and cannot manufacture evidence (149.3454ms)
✔ local explanation cache separates approved provenance/model/prompt and cascades on forgetting (4607.4854ms)
✔ native-only provider transport preserves the restrictive renderer and local engine boundary (99.5322ms)
✔ provider choice survives the approval dialog and citations do not depend on provider wire JSON (3.2536ms)
✔ installed agents have bounded native adapters, no renderer CLI/root/key authority or structural writes (26.5403ms)
✔ dense long-path evidence fits the unchanged budget without losing the selected file (153.1752ms)
✔ static calls resolve local/imported aliases, named reexports, defaults and JavaScript without type dependencies (1982.2217ms)
✔ shadowed, duplicated, mutable, skipped, missing and receiver bindings never become fabricated calls (1567.2954ms)
✔ existing Next and Nest route declarations bind uniquely; computed handlers remain explicit gaps (966.6367ms)
✔ same-line handlers retain exact binding ranges and duplicate methods/indirect reassignments remain withheld (1284.1887ms)
✔ reference initializers retain lexical targets while receiver type guesses never establish method references/calls (1585.0791ms)
✔ decorators, class initializers, getters and default parameters never become enclosing handler/body calls (1383.4825ms)
✔ route bindings follow actual framework provenance and exact verb imports, including same-line decorators (1448.2287ms)
✔ a shared virtual compiler namespace never manufactures implicit cross-file/package global calls (1614.8437ms)
✔ bounded traces terminate on recursion, disclose limits and preserve canonical source witnesses and test candidates (1157.7571ms)
✔ symbol validator rejects forged provenance/owners/targets and missing rich snapshots; SQLite retains old complete data until refresh (1570.4803ms)
✔ optional richer explanations are bounded, metadata-only, cited through hash-checked files and exact-payload digest (967.9241ms)
✔ incremental syntax reuse equals every full snapshot fact after aliases/reexports/conditional call changes (4616.1773ms)
✔ add/delete/rename, syntax skips, config/package/global-framework changes safely rebuild and match full analysis (5045.3635ms)
✔ protected observations reject concurrent writes, missing-target additions and directory changes (1805.093ms)
✔ a replaced selected root cannot be read through an existing authorized reader (607.9576ms)
✔ atomic scheduler rejects stale/cancelled generations and concurrent changes before publication (1047.2646ms)
✔ actual Windows/platform watcher coalesces edits, handles rename/config/new directories, pauses/loss and full recovery (6732.9571ms)
✔ unknown/overflow/burst event hints force full analysis; repeated failure degrades without losing prior publication (2431.7038ms)
✔ PID/session cancellation rejects later generation publication and cache digests preserve only matching evidence (1396.7654ms)
✔ watch transport accepts only bounded authorized-session operations and metrics (2.5175ms)
✔ model-free ordering and stable score ties use depth then exact ID (7.7662ms)
✔ unknown/duplicate/missing candidates, nonfinite scores, extra fields and stale identities fall back (7.7555ms)
✔ timeouts, failures and cancellation abort adapter and do not leak exception text (27.0884ms)
✔ adapter inputs are immutable and output cannot change candidates/witnesses (4.7771ms)
✔ bounded ranking changes only inspection order, retains verified witnesses and unchanged impact (598.5701ms)
✔ budget/depth/cycles, disabled ranking and cancellation preserve bounded model-free behavior (189.4865ms)
✔ snapshot mutation during await is rejected instead of returning stale evidence (177.9612ms)
✔ repeatable replay, consent and secure local record deletion without telemetry or source (418.4116ms)
✔ incomplete/no-ground-truth judgments are null and MRR declares denominator (276.6192ms)
✔ denied egress still supports baseline and records visible failure fallback (274.8962ms)
✔ stored CLI summary separates held-out cases and includes failures rather than favorable-only MRR (3162.8573ms)
✔ analytic neural gradient matches finite differences for every parameter (24.4234ms)
✔ bundled artifact pin, finite shape, bounded vocabulary-free features and scores (20.3696ms)
✔ worker input excludes source, arbitrary paths, duplicate nodes and stale identity formats (3.6282ms)
✔ real isolated worker inference is offline, repeatable and terminable (645.0309ms)
✔ missing, corrupt, wrong pin and unqualified artifacts use deterministic fallback (152.4082ms)
✔ worker timeout and cancellation terminate inference and preserve deterministic ordering (486.9624ms)
✔ cold worker initialization timeout is failure, never cancellation, and retains deterministic candidates (13.8192ms)
✔ desktop ranking validates current snapshot and witnesses, keeps graph and Impact byte-identical (850.5891ms)
✔ desktop protocol rejects renderer artifact/runtime paths and excessive limits (4.4763ms)
✔ documented Windows fixture produces the declared bounded model/baseline witnesses (1013.8059ms)
✔ every renderer command is declared and narrowly authorized by the native manifest/capability (222.7046ms)
✔ seeded small training repeats exactly and held-out labels cannot enter fitting (342.2645ms)
ℹ tests 359
ℹ suites 0
ℹ pass 358
ℹ fail 1
ℹ cancelled 0
ℹ skipped 0
ℹ todo 0
ℹ duration_ms 563280.282

✖ failing tests:

test at tests\framework-support\fs-05.test.ts:169:1
✖ FS05 active cancellation releases the single-worker lease and source byte limits recover (5382.0966ms)
  Error: parser-unavailable
      at PythonParserWorker.fail (file:///D:/Repositorios%20Github/cartograph/lib/engine/parser-worker.ts:108:64)
      at Timeout.<anonymous> (file:///D:/Repositorios%20Github/cartograph/lib/engine/parser-worker.ts:83:119)
      at listOnTimeout (node:internal/timers:635:17)
      at process.processTimers (node:internal/timers:571:7) {
    reason: 'parser-unavailable'
  }
