✔ F01-contract: v3 round trip, repeated analysis and incremental facts are deterministic (609.1475ms)
✔ F01-contract: the retained real v2 baseline round trips and requires explicit reanalysis (810.7842ms)
✔ F01-contract: import projection and exact Impact remain equivalent to legacy parsing (162.1499ms)
✔ F01-contract: fixture source/output hashes and semantic golden are executable (100.4218ms)
✔ F01-contract: supported HTTP, dispatch-dependent, page and navigation contracts remain separate (113.0299ms)
✔ F01-contract: multi-file registration/declaration/config witnesses open current original source (160.9431ms)
✔ F01-contract rejects duplicate registration (107.7156ms)
✔ F01-contract rejects dangling profile (102.4932ms)
✔ F01-contract rejects unsupported variant (97.9834ms)
✔ F01-contract rejects dangling target (98.2783ms)
✔ F01-contract rejects source ownership mismatch (90.6839ms)
✔ F01-contract rejects noncallable endpoint (101.9393ms)
✔ F01-contract rejects unknown enum (106.7047ms)
✔ F01-contract rejects fabricated position (91.9014ms)
✔ F01-contract rejects wrong evidence hash (107.5262ms)
✔ F01-contract rejects missing declaration witness (98.3792ms)
✔ F01-contract rejects unknown method guessed GET (85.932ms)
✔ F01-contract rejects navigation carries HTTP method (107.6182ms)
✔ F01-contract rejects unsupported matcher without gap (112.0909ms)
✔ F01-contract rejects candidate promoted to import (103.0637ms)
✔ F01-contract rejects candidate missing uncertainty (102.6964ms)
✔ F01-contract rejects candidate overflow hidden (116.4733ms)
✔ F01-contract rejects qualified without ledger (100.7003ms)
✔ F01-contract rejects forbidden config evidence (90.5914ms)
✔ F01-contract rejects forbidden sensitive directory witness (100.5804ms)
✔ F01-contract rejects source archive field (108.7244ms)
✔ F01-contract rejects user assumption disguised as verified (89.3384ms)
✔ F01-contract: only a matching complete positive/negative/Windows ledger can qualify (104.3966ms)
✔ F00-position: original Unicode/BOM/combining/CRLF byte and UTF-16 ranges agree (3.1025ms)
✔ F01-contract: request pins reject old/missing contracts before publication (86.6023ms)
✔ F01-contract: interrupted/failed v2 reanalysis retains payload; atomic v3 publication and future-version protection (591.4711ms)
✔ F01-contract: uncertainty projection keeps unknown methods, unsupported matcher and user assumptions distinct (87.9686ms)
✔ F01-contract: diagnostics render uncertainty and actual evidence buttons check current/stale source (539.5113ms)
✔ F02-profile: one protected inventory, deterministic nested ownership and compatible composition (685.747ms)
✔ F02-profile: first-match legacy routes/roles remain stable while framework detection composes (73.4799ms)
✔ F02-profile: registration conflict, dependency cycle and missing prerequisites fail before facts (3.1105ms)
✔ F02-profile: static literals, constants, objects, arrays, property access, concatenation and syntactic wrapper (3.9252ms)
✔ F02-profile: getter never manufactures configuration (2.8208ms)
✔ F02-profile: helper never manufactures configuration (1.3295ms)
✔ F02-profile: env never manufactures configuration (1.0642ms)
✔ F02-profile: computed never manufactures configuration (1.0825ms)
✔ F02-profile: spread never manufactures configuration (0.9301ms)
✔ F02-profile: cycle never manufactures configuration (1.4136ms)
✔ F02-profile: shadowed wrapper never manufactures configuration (1.6873ms)
✔ F02-profile: malformed never manufactures configuration (1.5986ms)
✔ F02-profile: mutation never manufactures configuration (1.1098ms)
✔ F02-profile: initializer mutation never manufactures configuration (0.5528ms)
✔ F02-profile: prefix mutation never manufactures configuration (1.4329ms)
✔ F02-profile: delete mutation never manufactures configuration (1.1919ms)
✔ F02-profile: tag helper never manufactures configuration (1.6989ms)
✔ F02-profile: ambiguous wrapper never manufactures configuration (1.1212ms)
✔ F02-profile: unknown environment branches retain conditions and never collapse into defaults (3.0909ms)
✔ F02-profile: executable config sentinel is read as text and never creates its file (64.9092ms)
✔ F02-profile: public metadata names do not open secrets, dependency code, generated source or arbitrary configs (59.805ms)
✔ F02-profile: symlink/workspace junctions and escaped aliases are denied without target reads (53.0264ms)
✔ F02-profile: explicit variants have independent keys/witnesses; platform/SSR/production semantics stay deferred (190.5488ms)
✔ F02-profile: every protected resolution is classified; duplicate workspace names stay ambiguous (144.8742ms)
✔ F00-resource: node/depth/string/config-dependency/glob bounds and deterministic cycle diagnostics (768.2901ms)
✔ F00-resource: cancellation/deadline/read limits never publish partial generations (190.4361ms)
✔ F02-profile: configuration dependencies refresh/invalidate without changing graph or exact Impact (405.2294ms)
✔ F02-profile: public metadata evidence survives persistence, checks Unicode ranges and becomes stale (233.7181ms)
✔ F02-profile: malformed and unsupported metadata stays explicit; invalid byte encodings are not evidence (82.7294ms)
✔ F02-profile: fixture/oracle hashes and exact infrastructure tuple are mandatory (67.6194ms)
✔ F02-profile: Python environments are excluded and dependency families cannot create false framework detection (68.0507ms)
✔ F02-profile: wrong source hashes and cross-project/profile sources never resolve internally (68.2361ms)
✔ F02-profile: config uncertainty is scoped to its profile and cannot alter unrelated verified imports (96.1256ms)
✔ F00-resource: safe globs check cancellation inside adversarial matching and retain no truncated singleton (143.6742ms)
✔ F00-resource: cancellation between discovery and parsing preserves the current stored snapshot (33.2581ms)
✔ F02-profile: inherited configuration cycles and missing metadata have typed capability gaps and source proof (59.7121ms)
✔ qualification vite7-react18/browser-development: pinned expanded module oracle and source witnesses (4587.2809ms)
ℹ {"tuple":"vite7-react18","profile":"browser-development","facts":51,"registrations":3,"candidates":0,"gaps":19,"forbiddenGuessedFacts":0}
✔ qualification vite7-react18/browser-production: pinned expanded module oracle and source witnesses (4138.0522ms)
ℹ {"tuple":"vite7-react18","profile":"browser-production","facts":51,"registrations":3,"candidates":0,"gaps":19,"forbiddenGuessedFacts":0}
✔ qualification vite8-react19/browser-development: pinned expanded module oracle and source witnesses (4213.2019ms)
ℹ {"tuple":"vite8-react19","profile":"browser-development","facts":51,"registrations":3,"candidates":0,"gaps":19,"forbiddenGuessedFacts":0}
✔ qualification vite8-react19/browser-production: pinned expanded module oracle and source witnesses (4428.1848ms)
ℹ {"tuple":"vite8-react19","profile":"browser-production","facts":51,"registrations":3,"candidates":0,"gaps":19,"forbiddenGuessedFacts":0}
✔ qualification vite8-react19/ssr-production: pinned expanded module oracle and source witnesses (4028.9995ms)
ℹ {"tuple":"vite8-react19","profile":"ssr-production","facts":47,"registrations":3,"candidates":0,"gaps":23,"forbiddenGuessedFacts":0}
✔ qualification: Vite 8 native TS paths browser-development agrees with controlled compiler (558.3609ms)
✔ qualification: Vite 8 native TS paths browser-production agrees with controlled compiler (575.4538ms)
✔ qualification: Vite 8 native TS paths ssr-production agrees with controlled compiler (623.0536ms)
✔ qualification: pinned React plugins reject transforms, shadowing, mutation and version drift (2585.064ms)
✔ qualification: publicDir disable/custom and unsafe exports retain explicit boundaries (1901.4681ms)
✔ qualification: namespace components, context consumers, hook callbacks and class lifecycle are associations (3686.0508ms)
✔ qualification: imperative navigation requires one proved router, callbacks remain framework bindings (1881.4056ms)
✔ qualification: nested router and plugin syntax depth/size limits fail explicitly (3702.858ms)
✔ qualification: active framework cancellation/deadline preserves persisted generation and recovers (2392.9531ms)
✔ qualification: metadata and glob limits pass at ceiling and reject above without guessed facts (1634.2073ms)
✔ qualification: retained pinned matcher oracle maps to supported neutral registrations (396.1114ms)
✔ qualification: actual syntax below/at/above 100k nodes and generation fact ceiling (68539.3388ms)
✔ qualification: distributed routes reach 10k ceiling and overflow remains an explicit gap (106695.156ms)
✔ qualification: state/reducer initialization and React 19 callbacks are version-qualified (802.5709ms)
✔ qualification: transparent component aliases preserve the complete event/call investigation (421.286ms)
✔ vite7-react18: entries, composition, handlers, hooks and dependencies keep independent witnesses (2692.3664ms)
✔ vite8-react19: entries, composition, handlers, hooks and dependencies keep independent witnesses (2866.8541ms)
✔ F03: legacy import projection, exact Impact and type-only edges remain unchanged (507.3378ms)
✔ F03: glob exclusion/eager/lazy options and asset/worker facts never become calls (309.1396ms)
✔ F03: computed config produces boundaries instead of guessed runtime edges (261.7087ms)
✔ F03: plugins config produces boundaries instead of guessed runtime edges (338.5889ms)
✔ F03: escape config produces boundaries instead of guessed runtime edges (316.6835ms)
✔ F03: unsupported callback props, inline effects and dynamic navigation stay explicit (617.9531ms)
✔ F03: nested route/loader/action bindings are navigation, never HTTP claims (370.3932ms)
✔ F03: incremental/full equivalence and changed HTML/config witnesses become stale (1327.7715ms)
✔ F03: contract rejects binary source masquerading and malformed resource bindings (305.0596ms)
✔ vite7-react18: retained controlled build oracle hashes and named runtime module parity (272.708ms)
✔ vite8-react19: retained controlled build oracle hashes and named runtime module parity (321.9631ms)
✔ F03: original UTF-16/BOM/CRLF/Unicode witnesses and explicit browser/SSR variants (1903.3626ms)
✔ F03: literal aliases preserve runtime/type distinctions and divergent calls stay outside framework traces (467.0487ms)
✔ F03: Vite 8 opt-in TS paths resolve separately; Vite 7 never assumes the plugin (884.554ms)
✔ F03: JavaScript/class/memo/forwardRef aliases and inline callbacks retain lexical ownership (366.1427ms)
✔ F03: named barrel aliases retain intermediate witnesses and stale barrel changes are detected (320.8558ms)
✔ F03: developer proxy facts never establish a production origin; rewrites remain exact or unknown (341.8213ms)
✔ F03: HTML comments/raw text/templates/duplicate attributes never create guessed entries (0.6676ms)
✔ F03: configuration execution/egress, escaped aliases and symlinks remain denied (629.287ms)
✔ F03: aliased React implementation and reassigned exported handlers cannot create framework facts (452.4831ms)
✔ F03: retained accepted FS-02 v3 payload remains byte/canonical compatible (1437.0345ms)
✔ F03: adapter fact budget is generation-local and cancellation never returns a partial snapshot (362.2894ms)
✔ F03: React DOM version mismatch and shadowed classic JSX factory withhold roots (516.5587ms)
✔ F03: custom proxy request hooks and worker queries on assets remain boundaries (257.9579ms)
✔ F03: production HTML entry selection never guesses custom build inputs (661.7894ms)
✔ F03: aliased React DOM subpath cannot be mistaken for the qualified platform root API (287.5656ms)
✔ F03: above-limit syntax and glob sets emit resource gaps without truncated framework facts (27989.9811ms)
✔ F03: invalid UTF-8 preserves legacy decoding but explicitly excludes new framework facts (313.3951ms)
✔ F04 pinned route and rewrite matcher parity (7.7171ms)
✔ F04 next15/node-development: routes, actions, witnesses and incremental roundtrip (5294.5769ms)
✔ F04 next15/node-production: routes, actions, witnesses and incremental roundtrip (5500.3983ms)
✔ F04 next15/browser: routes, actions, witnesses and incremental roundtrip (5829.5528ms)
✔ F04 next16-preservation/node-development: routes, actions, witnesses and incremental roundtrip (5626.6266ms)
✔ F04 next16-preservation/node-production: routes, actions, witnesses and incremental roundtrip (4846.1149ms)
✔ F04 next16-preservation/browser: routes, actions, witnesses and incremental roundtrip (4916.722ms)
✔ F04 next16-patch/node-development: routes, actions, witnesses and incremental roundtrip (4830.529ms)
✔ F04 next16-patch/node-production: routes, actions, witnesses and incremental roundtrip (6100.9442ms)
✔ F04 next16-patch/browser: routes, actions, witnesses and incremental roundtrip (3715.3413ms)
✔ F04 node22/node-development: native resolution oracle and registration parity (113.6403ms)
✔ F04 node22/node-production: native resolution oracle and registration parity (89.8668ms)
✔ F04 node24/node-development: native resolution oracle and registration parity (87.1239ms)
✔ F04 node24/node-production: native resolution oracle and registration parity (87.0008ms)
✔ F04 pages dispatch, config order/conditions and version-specific proxy declarations (272.4042ms)
✔ F04 inline actions, ambiguous props and version drift stay evidence-bound (702.2998ms)
✔ F04 Node runtime: ESM exact extension, require search, package conditions and builtins remain separate from TS aliases (66.9433ms)
✔ F04 unknown Next version and dynamic configuration cannot qualify new routes (441.3215ms)
✔ F04 Node registrations and unique CommonJS exports reject mutated receivers/exports (94.0668ms)
✔ F04 mutated request dispatch and unresolved explicit HEAD cannot become framework-derived methods (212.7591ms)
✔ F04 native Node ignores tsconfig paths while Next uses a protected one-target path (227.8808ms)
✔ F04 literal interception records soft navigation context; literal Link has unique route evidence (263.0868ms)
✔ F04 custom pageExtensions, source ownership, lifecycle exports and imperative navigation (337.2548ms)
✔ F04 config is never executed and nonerasable native TS remains unresolved (104.3392ms)
✔ F04 original BOM/CRLF/Unicode witnesses and action alias retain exact ranges (3196.7194ms)
✔ F04 derived methods have distinct occurrences and endpoint aliases trace to a service (421.0074ms)
✔ F04 active cancellation/deadline inside Node/Next preserves stored generation and recovers (842.7412ms)
✔ F04 shared snapshot rejects noncallable action targets (231.7628ms)
✔ F04 Middleware runtime and mutable Link stay explicit boundaries (223.952ms)
✔ F04 convention entries, Pages switch dispatch, re-exports and marker/lifecycle operations (426.9048ms)
✔ F04 CJS re-export, duplicate global aliases and conditional assignment boundaries (124.0653ms)
✔ F04 native TS erasure oracle and type-only runtime exclusion (71.4342ms)
✔ F04 native profiles cannot qualify JSX or typed JavaScript accepted by a bundler parser (149.5937ms)
✔ FS05 original bytes, BOM, CRLF and Unicode ranges (5.7022ms)
✔ FS05 Windows contained parser accepts controlled syntax without executing it (504.1771ms)
✔ FS05 unsupported encodings fail closed without replacement (2.1577ms)
✔ FS05 Python composes with TS/JS through shared v3 snapshots (575.6343ms)
✔ FS05 decorators, reassignment, attributes and dynamic binding never guess calls (452.9763ms)
✔ FS05 cancellation refuses worker work and supports a fresh session (413.5419ms)
✔ FS05 controlled semantic fixture verifies exact calls and forbidden guesses (542.9895ms)
✔ FS05 namespace/src roots, re-exports and shadowed import sites remain distinct (2126.9297ms)
✔ FS05 protected exclusions and failed parser retain TS/JS (58.6801ms)
✔ FS05 async refresh preserves previous publication after failure or pause (21.077ms)
✔ FS05 active cancellation releases the single-worker lease and source byte limits recover (1854.6772ms)
✔ FS05 a paused asynchronous generation cannot publish late (21.9635ms)
✔ FS05 Python import exclusions, stubs, external packages and root escapes stay separate (505.1085ms)
✔ FS05 neutral output rejects AST leakage, wrong hashes and fact/node budget overflow (85.082ms)
✔ FS05 reopened Python generation is retained when parser startup fails (498.8851ms)
✔ FS05 Python edits are watched through the shared protected refresh scheduler (947.6647ms)
✔ FS05 package/submodule attribute collisions cannot prove a callable export (485.0437ms)
✔ FS05 cancellation cannot bypass retained neutral syntax reuse (895.7136ms)
✔ FS05 built-in and frozen imports cannot resolve to shadowing project files (485.6157ms)
✔ FS06 real Windows watch publishes complete settings and template edits and pause retains prior publication (20647.4218ms)
✔ FS06 literal routing keeps order, namespaces, distinct registrations and framework calls separate (991.2128ms)
✔ FS06 source sentinels are never executed and similarly named APIs cannot register URLs (990.7135ms)
✔ FS06 repeated mounts at identical prefixes retain source-backed distinct IDs (981.8126ms)
✔ FS06 django52 local C3 mixin override and custom dispatch boundary (1013.5202ms)
✔ FS06 django52 DRF api_view methods preserve external OPTIONS (965.4492ms)
✔ FS06 django52 path-mode SimpleRouter list/detail/custom action declarations (983.9261ms)
✔ FS06 django52 DefaultRouter path-mode suffix declarations preserve unsupported matchers and external root (995.0021ms)
✔ FS06 django52 manager and QuerySet declarations never establish custom runtime dispatch (978.6297ms)
✔ FS06 django52 all pinned APIView and generic CBV classes retain method-specific external boundaries (1020.6099ms)
✔ FS06 django60 local C3 mixin override and custom dispatch boundary (951.6838ms)
✔ FS06 django60 DRF api_view methods preserve external OPTIONS (971.269ms)
✔ FS06 django60 path-mode SimpleRouter list/detail/custom action declarations (949.8175ms)
✔ FS06 django60 DefaultRouter path-mode suffix declarations preserve unsupported matchers and external root (943.5907ms)
✔ FS06 django60 manager and QuerySet declarations never establish custom runtime dispatch (963.5066ms)
✔ FS06 django60 all pinned APIView and generic CBV classes retain method-specific external boundaries (1022.5138ms)
✔ FS06 templates preserve literal lookup and named URL witnesses without executing render (982.1025ms)
✔ FS06 models, ORM intent, signals and admin remain declared framework relationships (967.0085ms)
✔ FS06 explicit settings variant follows bounded named literal inheritance and missing selection stays unresolved (1938.6097ms)
✔ FS06 wildcard and computed inherited settings never become verified routes (1001.16ms)
✔ FS06 repeated mounted CBV bindings retain each registration source (1009.1764ms)
✔ FS06 exact oracle tuples and shared metadata are required, with no qualification badge from syntax alone (961.1844ms)
✔ FS06 unsupported regex/converters, stacked decorators and dynamic templates retain typed uncertainty (1062.658ms)
✔ FS06 middleware hooks, app-ready and command ownership are conditional declarations (1031.6643ms)
✔ FS06 custom template engine and traversal names are withheld behind protected read boundaries (953.9316ms)
✔ FS06 explicit installed app association preserves FS02 owners and excludes independent child packages (1982.1323ms)
✔ FS06 opaque class/method decorators cannot prove models or router dispatch (991.0003ms)
✔ FS06 template keyword names and explicit engine overrides preserve uncertainty (997.2644ms)
✔ FS06 local Django namespace shadowing cannot create verified framework registrations (995.7037ms)
✔ FS06 mutated or escaped router instances cannot create verified endpoints (1955.4678ms)
✔ FS06 multiple explicit settings profiles retain separate variants and mutation never chooses a root (2952.1307ms)
✔ FS06 standard converters and slash metadata stay literal while regex and custom converters retain gaps (958.8801ms)
✔ FS06 async FBV and qualified HTTP decorator preserve downstream calls without framework-call promotion (960.0895ms)
✔ FS06 duplicate signal registrations retain occurrences without implying signal emission (1017.898ms)
✔ FS06 edited settings and template bytes refresh source evidence and remain full/incremental equivalent (2845.795ms)
✔ FS06 mutable settings containers cannot prove installed-app or middleware registration (968.1421ms)
✔ FS06 qualification django52 routers (14030.0837ms)
✔ FS06 qualification django52 formats (36320.0136ms)
✔ FS06 qualification django52 includes (6790.6882ms)
✔ FS06 qualification django52 decorators (8738.6749ms)
✔ FS06 qualification django52 converters (2990.3071ms)
✔ FS06 qualification django52 dynamic routes and decorators (5697.9189ms)
✔ FS06 qualification django52 models and serializers (14842.9558ms)
✔ FS06 qualification django52 signals boundaries (3866.9022ms)
✔ FS06 qualification django52 templates boundaries and positions (8926.057ms)
✔ FS06 qualification django60 routers (13902.1233ms)
✔ FS06 qualification django60 formats (45058.9974ms)
✔ FS06 qualification django60 includes (6769.4971ms)
✔ FS06 qualification django60 decorators (16982.644ms)
✔ FS06 qualification django60 converters (4967.373ms)
✔ FS06 qualification django60 dynamic routes and decorators (6130.9997ms)
✔ FS06 qualification django60 models and serializers (13478.1876ms)
✔ FS06 qualification django60 signals boundaries (3965.3282ms)
✔ FS06 qualification django60 templates boundaries and positions (8969.9976ms)
✔ RN shipped sidecar: both mobile profiles are accessible through the existing protocol without UI/schema changes (5947.4646ms)
✔ RN React reuse: wrappers, lazy, events, hook callbacks and context independently on every tuple/profile (19499.3661ms)
✔ RN route ceiling: variant growth aborts a generation and retains its prior publication (29671.2161ms)
✔ Flow resource ceilings: source, syntax nodes and fact overflow discard output and recover (3827.2455ms)
✔ FS07 Windows watch: app metadata, Flow edits, variant switches and atomic publication (6960.0447ms)
✔ React Navigation nested literal actions retain ancestry and reject conditional callbacks (1336.1831ms)
✔ Expo static app configuration: literal scheme/root metadata and unknown plugin boundaries (131.1017ms)
✔ Flow scope negatives: destructuring, nested var/eval and named expressions cannot leak guessed targets (56.3872ms)
✔ Flow imports: stable source-backed exports resolve only when all selected platform targets agree (2362.2706ms)
✔ Metro advanced exports/imports/redirects: independently pinned fallback and array semantics (21.3687ms)
✔ Metro config composition: pinned helpers are interpreted as data; mutation/executable helpers stay boundaries (436.1004ms)
✔ Expo55/56 file routes: independent platform oracles, layout evidence and conservative destinations (2671.9012ms)
✔ RN native inventory: source declarations stop at explicit native/generated boundaries on every tuple (3114.3072ms)
✔ RN linking configuration: declared URL paths are separate from unresolved native URL receivers (417.4575ms)
✔ RN platform projection: pinned selection, branch dependencies and framework roots remain variant-isolated (3106.6171ms)
✔ React Navigation declarations: static groups, JSX screens and context-scoped literal targets (374.341ms)
✔ Flow dialect selection accepts leading pragmas only (0.3935ms)
✔ Flow shared pipeline: neutral facts, safe unresolved imports, cache and full equivalence (1789.8076ms)
✔ Metro static kernel rn83-bare/android: pinned synthetic oracle parity (2.8197ms)
✔ Metro static kernel rn83-bare/ios: pinned synthetic oracle parity (2.0415ms)
✔ Metro static kernel rn85-bare/android: pinned synthetic oracle parity (1.5492ms)
✔ Metro static kernel rn85-bare/ios: pinned synthetic oracle parity (1.3866ms)
✔ Metro static kernel expo55/android: pinned synthetic oracle parity (1.7607ms)
✔ Metro static kernel expo55/ios: pinned synthetic oracle parity (1.605ms)
✔ Metro static kernel expo56/android: pinned synthetic oracle parity (1.295ms)
✔ Metro static kernel expo56/ios: pinned synthetic oracle parity (1.3525ms)
✔ Metro static kernel: policy, custom resolver and missing exports targets stay explicit (1.4182ms)
✔ Metro static kernel: cooperative cancellation and deadline remain enforced (5.9828ms)
✔ Flow syntax experiment: pinned grammar records preserve original BOM/CRLF/Unicode offsets (1.7927ms)
✔ Metro default-context kernel rn83-bare/android: source-backed defaults oracle parity (1.7089ms)
✔ Metro default-context kernel rn83-bare/ios: source-backed defaults oracle parity (1.3683ms)
✔ Metro default-context kernel rn85-bare/android: source-backed defaults oracle parity (1.3378ms)
✔ Metro default-context kernel rn85-bare/ios: source-backed defaults oracle parity (1.417ms)
✔ Metro default-context kernel expo55/android: source-backed defaults oracle parity (1.4333ms)
✔ Metro default-context kernel expo55/ios: source-backed defaults oracle parity (1.7029ms)
✔ Metro default-context kernel expo56/android: source-backed defaults oracle parity (1.7933ms)
✔ Metro default-context kernel expo56/ios: source-backed defaults oracle parity (1.6099ms)
✔ Flow neutral extraction: lexical functions, immutable aliases and import requests are distinct (3.1603ms)
✔ Flow neutral protocol rejects AST leakage, forged source ranges, owners and imported targets (1.7642ms)
✔ Flow supervised parser: neutral fixture parity, Python shared lease and malformed recovery (1028.0609ms)
✔ Flow supervised parser: cancellation releases lease and a new worker recovers (1109.5097ms)
✔ Metro production profile: platform dependencies/assets retain shared witnesses and incremental equivalence (372.082ms)
✔ RN shared React projection: AppRegistry, composition, native events, effects and context stay distinct from calls (853.212ms)
✔ Flow neutral extraction: parameter shadowing, mutations, eval and receiver dispatch never guess calls (5.4008ms)
✔ Flow neutral extraction: component/hook scopes, JSX calls, conditional evidence and original coordinates (9.1031ms)
✔ local adapter preserves exact dependency evidence, diagnostics and round trips (270.4651ms)
✔ deduplication reports first occurrence and retains type-only aggregation (90.5808ms)
✔ structural queries include type-only dependents and terminate on cycles (44.9302ms)
✔ snapshot validator rejects incompatible, dangling, escaped and forged evidence (87.3061ms)
✔ read policy excludes sensitive sources and common output directories (88.8767ms)
✔ outside config inheritance is reported and cannot yield approximate edges (34.1902ms)
✔ JSON dependency config inheritance remains static and inside the root (41.0094ms)
✔ symlink escapes are never selected, resolved or read as evidence (21.4223ms)
✔ resource and enumeration failures are explicit; large files are not partially parsed (107.6202ms)
✔ binary and declaration files have explicit coverage (19.1631ms)
✔ framework route evidence and withheld routes survive normalization (88.1246ms)
✔ local analysis never requests network or executes repository configuration/scripts (35.6691ms)
✔ retired GitHub ingestion and cloud adapters cannot accept local repository roots (2.8282ms)
✔ protected import graph and visualization cannot reach cloud/server capabilities (17.8064ms)
✔ existing parser and graph verification scripts work against fixture output (1445.1817ms)
✔ selection can use bounded reader without hidden process-current-directory reads (11.3906ms)
✔ fresh migrations explicitly authorize every audited legacy writer operation (3.3262ms)
✔ legacy writer repair contains only scoped grants without altering reader or RLS security (1.2675ms)
✔ desktop protocol rejects malformed versions, arbitrary commands, fields and query budgets (3.4714ms)
✔ sidecar analyzes a non-Git directory, reports stages, scopes queries and detects stale evidence offline (1322.192ms)
✔ sidecar refuses an unselected root and bounded framing rejects oversized or invalid input (4312.3608ms)
✔ cancel and crash can terminate a busy process and a fresh engine can retry (8879.582ms)
✔ empty directory produces an honest empty snapshot and projection does not fabricate edges (32.9854ms)
✔ desktop capability/config prevents broad renderer native access and cloud frontend startup (7.7368ms)
✔ SQLite round trips canonical evidence, full diagnostics, registrations, settings and outcomes (377.3162ms)
✔ failed/cancelled refresh, ownership conflicts and failed publication preserve the last complete result (337.8715ms)
✔ schema upgrade failure rolls back and future versions/incomplete snapshots are retained and rejected (214.7065ms)
✔ missing roots and changed/deleted evidence remain historical; forgetting cascades local records only (231.0775ms)
✔ crashing during a SQLite publication rolls back and dead job owners recover as interrupted (441.9931ms)
✔ private process restart reopens SQLite offline without parsing, including an unavailable root (4593.1957ms)
✔ cancelling the actual persistent engine preserves its previous complete snapshot and records the owner outcome (4319.8751ms)
✔ storage protocol denies arbitrary filesystem/SQL/provider operations and injected roots (1.3537ms)
✔ native startup watchdog displays bounded recovery when hydration fails and clears after readiness (5.174ms)
✔ pilot traces and impact have deterministic shortest verified witnesses across cycles and type-only edges (816.9006ms)
✔ depth and result budgets disclose exact omissions without truncating traversal truth (176.7475ms)
✔ search and structural Ask disambiguate real paths and export names and withhold unsupported answers (168.7479ms)
✔ empty snapshots and stale source do not turn missing or historical evidence into current truth (194.1829ms)
✔ investigation boundaries reject hostile query fields, unknown intents and forged witness IPC results (175.298ms)
✔ pilot measurement allowlists reject strings, repository payloads and invalid numbers at every storage boundary (685.8788ms)
✔ offline private engine investigations survive SQLite restart and expose real witness references (2065.627ms)
✔ pilot measurement transport has no repository or remote payload affordance (1.6748ms)
✔ explanation packages contain bounded verified metadata, hashes and gaps, never source or roots (193.2011ms)
✔ folder/investigation selection is explicit, bounded and cannot manufacture evidence (39.6747ms)
✔ local explanation cache separates approved provenance/model/prompt and cascades on forgetting (2158.1658ms)
✔ native-only provider transport preserves the restrictive renderer and local engine boundary (2.2718ms)
✔ provider choice survives the approval dialog and citations do not depend on provider wire JSON (1.2929ms)
✔ installed agents have bounded native adapters, no renderer CLI/root/key authority or structural writes (1.8118ms)
✔ dense long-path evidence fits the unchanged budget without losing the selected file (49.8585ms)
✔ static calls resolve local/imported aliases, named reexports, defaults and JavaScript without type dependencies (778.7927ms)
✔ shadowed, duplicated, mutable, skipped, missing and receiver bindings never become fabricated calls (496.5044ms)
✔ existing Next and Nest route declarations bind uniquely; computed handlers remain explicit gaps (339.8168ms)
✔ same-line handlers retain exact binding ranges and duplicate methods/indirect reassignments remain withheld (477.2667ms)
✔ reference initializers retain lexical targets while receiver type guesses never establish method references/calls (593.9636ms)
✔ decorators, class initializers, getters and default parameters never become enclosing handler/body calls (496.5763ms)
✔ route bindings follow actual framework provenance and exact verb imports, including same-line decorators (656.4542ms)
✔ a shared virtual compiler namespace never manufactures implicit cross-file/package global calls (649.2977ms)
✔ bounded traces terminate on recursion, disclose limits and preserve canonical source witnesses and test candidates (379.5898ms)
✔ symbol validator rejects forged provenance/owners/targets and missing rich snapshots; SQLite retains old complete data until refresh (537.7011ms)
✔ optional richer explanations are bounded, metadata-only, cited through hash-checked files and exact-payload digest (262.5293ms)
✔ incremental syntax reuse equals every full snapshot fact after aliases/reexports/conditional call changes (1584.6574ms)
✔ add/delete/rename, syntax skips, config/package/global-framework changes safely rebuild and match full analysis (2019.1498ms)
✔ protected observations reject concurrent writes, missing-target additions and directory changes (577.8253ms)
✔ a replaced selected root cannot be read through an existing authorized reader (123.6488ms)
✔ atomic scheduler rejects stale/cancelled generations and concurrent changes before publication (440.7468ms)
✔ actual Windows/platform watcher coalesces edits, handles rename/config/new directories, pauses/loss and full recovery (2998.1246ms)
✔ unknown/overflow/burst event hints force full analysis; repeated failure degrades without losing prior publication (855.167ms)
✔ PID/session cancellation rejects later generation publication and cache digests preserve only matching evidence (641.3029ms)
✔ watch transport accepts only bounded authorized-session operations and metrics (2.0454ms)
✔ model-free ordering and stable score ties use depth then exact ID (6.8287ms)
✔ unknown/duplicate/missing candidates, nonfinite scores, extra fields and stale identities fall back (2.932ms)
✔ timeouts, failures and cancellation abort adapter and do not leak exception text (15.8863ms)
✔ adapter inputs are immutable and output cannot change candidates/witnesses (1.1467ms)
✔ bounded ranking changes only inspection order, retains verified witnesses and unchanged impact (195.3422ms)
✔ budget/depth/cycles, disabled ranking and cancellation preserve bounded model-free behavior (51.2424ms)
✔ snapshot mutation during await is rejected instead of returning stale evidence (51.4199ms)
✔ repeatable replay, consent and secure local record deletion without telemetry or source (99.1153ms)
✔ incomplete/no-ground-truth judgments are null and MRR declares denominator (43.7414ms)
✔ denied egress still supports baseline and records visible failure fallback (34.0974ms)
✔ stored CLI summary separates held-out cases and includes failures rather than favorable-only MRR (1042.6242ms)
✔ analytic neural gradient matches finite differences for every parameter (7.255ms)
✔ bundled artifact pin, finite shape, bounded vocabulary-free features and scores (4.086ms)
✔ worker input excludes source, arbitrary paths, duplicate nodes and stale identity formats (1.0337ms)
✔ real isolated worker inference is offline, repeatable and terminable (117.1536ms)
✔ missing, corrupt, wrong pin and unqualified artifacts use deterministic fallback (12.5404ms)
✔ worker timeout and cancellation terminate inference and preserve deterministic ordering (198.2136ms)
✔ cold worker initialization timeout is failure, never cancellation, and retains deterministic candidates (5.3724ms)
✔ desktop ranking validates current snapshot and witnesses, keeps graph and Impact byte-identical (344.6252ms)
✔ desktop protocol rejects renderer artifact/runtime paths and excessive limits (1.8897ms)
✔ documented Windows fixture produces the declared bounded model/baseline witnesses (329.758ms)
✔ every renderer command is declared and narrowly authorized by the native manifest/capability (2.3946ms)
✔ seeded small training repeats exactly and held-out labels cannot enter fitting (49.8874ms)
ℹ tests 361
ℹ suites 0
ℹ pass 361
ℹ fail 0
ℹ cancelled 0
ℹ skipped 0
ℹ todo 0
ℹ duration_ms 783323.3363
