✔ F01-contract: v3 round trip, repeated analysis and incremental facts are deterministic (636.7841ms)
✔ F01-contract: the retained real v2 baseline round trips and requires explicit reanalysis (957.185ms)
✔ F01-contract: import projection and exact Impact remain equivalent to legacy parsing (183.7859ms)
✔ F01-contract: fixture source/output hashes and semantic golden are executable (102.7518ms)
✔ F01-contract: supported HTTP, dispatch-dependent, page and navigation contracts remain separate (103.0898ms)
✔ F01-contract: multi-file registration/declaration/config witnesses open current original source (160.4142ms)
✔ F01-contract rejects duplicate registration (98.4535ms)
✔ F01-contract rejects dangling profile (101.8598ms)
✔ F01-contract rejects unsupported variant (99.1474ms)
✔ F01-contract rejects dangling target (97.7542ms)
✔ F01-contract rejects source ownership mismatch (99.2609ms)
✔ F01-contract rejects noncallable endpoint (90.0311ms)
✔ F01-contract rejects unknown enum (97.2077ms)
✔ F01-contract rejects fabricated position (93.6974ms)
✔ F01-contract rejects wrong evidence hash (109.6735ms)
✔ F01-contract rejects missing declaration witness (103.4785ms)
✔ F01-contract rejects unknown method guessed GET (104.349ms)
✔ F01-contract rejects navigation carries HTTP method (103.0902ms)
✔ F01-contract rejects unsupported matcher without gap (99.3883ms)
✔ F01-contract rejects candidate promoted to import (92.6149ms)
✔ F01-contract rejects candidate missing uncertainty (99.5904ms)
✔ F01-contract rejects candidate overflow hidden (105.1244ms)
✔ F01-contract rejects qualified without ledger (96.4683ms)
✔ F01-contract rejects forbidden config evidence (87.4752ms)
✔ F01-contract rejects forbidden sensitive directory witness (101.0577ms)
✔ F01-contract rejects source archive field (86.7558ms)
✔ F01-contract rejects user assumption disguised as verified (89.059ms)
✔ F01-contract: only a matching complete positive/negative/Windows ledger can qualify (113.7015ms)
✔ F00-position: original Unicode/BOM/combining/CRLF byte and UTF-16 ranges agree (3.6838ms)
✔ F01-contract: request pins reject old/missing contracts before publication (88.3186ms)
✔ F01-contract: interrupted/failed v2 reanalysis retains payload; atomic v3 publication and future-version protection (632.4896ms)
✔ F01-contract: uncertainty projection keeps unknown methods, unsupported matcher and user assumptions distinct (261.2275ms)
✔ F01-contract: diagnostics render uncertainty and actual evidence buttons check current/stale source (573.1492ms)
✔ F02-profile: one protected inventory, deterministic nested ownership and compatible composition (824.7821ms)
✔ F02-profile: first-match legacy routes/roles remain stable while framework detection composes (78.0712ms)
✔ F02-profile: registration conflict, dependency cycle and missing prerequisites fail before facts (2.1678ms)
✔ F02-profile: static literals, constants, objects, arrays, property access, concatenation and syntactic wrapper (4.9572ms)
✔ F02-profile: getter never manufactures configuration (1.8561ms)
✔ F02-profile: helper never manufactures configuration (1.4585ms)
✔ F02-profile: env never manufactures configuration (1.1806ms)
✔ F02-profile: computed never manufactures configuration (1.3931ms)
✔ F02-profile: spread never manufactures configuration (1.0572ms)
✔ F02-profile: cycle never manufactures configuration (1.1171ms)
✔ F02-profile: shadowed wrapper never manufactures configuration (0.7768ms)
✔ F02-profile: malformed never manufactures configuration (1.7755ms)
✔ F02-profile: mutation never manufactures configuration (1.1921ms)
✔ F02-profile: initializer mutation never manufactures configuration (0.8939ms)
✔ F02-profile: prefix mutation never manufactures configuration (1.649ms)
✔ F02-profile: delete mutation never manufactures configuration (1.0354ms)
✔ F02-profile: tag helper never manufactures configuration (1.7424ms)
✔ F02-profile: ambiguous wrapper never manufactures configuration (1.0202ms)
✔ F02-profile: unknown environment branches retain conditions and never collapse into defaults (1.9836ms)
✔ F02-profile: executable config sentinel is read as text and never creates its file (57.7872ms)
✔ F02-profile: public metadata names do not open secrets, dependency code, generated source or arbitrary configs (54.6057ms)
✔ F02-profile: symlink/workspace junctions and escaped aliases are denied without target reads (53.3307ms)
✔ F02-profile: explicit variants have independent keys/witnesses; platform/SSR/production semantics stay deferred (179.7168ms)
✔ F02-profile: every protected resolution is classified; duplicate workspace names stay ambiguous (136.8896ms)
✔ F00-resource: node/depth/string/config-dependency/glob bounds and deterministic cycle diagnostics (751.2091ms)
✔ F00-resource: cancellation/deadline/read limits never publish partial generations (202.7935ms)
✔ F02-profile: configuration dependencies refresh/invalidate without changing graph or exact Impact (336.9158ms)
✔ F02-profile: public metadata evidence survives persistence, checks Unicode ranges and becomes stale (212.6252ms)
✔ F02-profile: malformed and unsupported metadata stays explicit; invalid byte encodings are not evidence (65.2835ms)
✔ F02-profile: fixture/oracle hashes and exact infrastructure tuple are mandatory (76.4668ms)
✔ F02-profile: Python environments are excluded and dependency families cannot create false framework detection (50.8364ms)
✔ F02-profile: wrong source hashes and cross-project/profile sources never resolve internally (47.1116ms)
✔ F02-profile: config uncertainty is scoped to its profile and cannot alter unrelated verified imports (67.732ms)
✔ F00-resource: safe globs check cancellation inside adversarial matching and retain no truncated singleton (123.7322ms)
✔ F00-resource: cancellation between discovery and parsing preserves the current stored snapshot (31.072ms)
✔ F02-profile: inherited configuration cycles and missing metadata have typed capability gaps and source proof (56.6415ms)
✔ qualification vite7-react18/browser-development: pinned expanded module oracle and source witnesses (4945.1417ms)
ℹ {"tuple":"vite7-react18","profile":"browser-development","facts":51,"registrations":3,"candidates":0,"gaps":19,"forbiddenGuessedFacts":0}
✔ qualification vite7-react18/browser-production: pinned expanded module oracle and source witnesses (4150.3434ms)
ℹ {"tuple":"vite7-react18","profile":"browser-production","facts":51,"registrations":3,"candidates":0,"gaps":19,"forbiddenGuessedFacts":0}
✔ qualification vite8-react19/browser-development: pinned expanded module oracle and source witnesses (4032.9698ms)
ℹ {"tuple":"vite8-react19","profile":"browser-development","facts":51,"registrations":3,"candidates":0,"gaps":19,"forbiddenGuessedFacts":0}
✔ qualification vite8-react19/browser-production: pinned expanded module oracle and source witnesses (4237.506ms)
ℹ {"tuple":"vite8-react19","profile":"browser-production","facts":51,"registrations":3,"candidates":0,"gaps":19,"forbiddenGuessedFacts":0}
✔ qualification vite8-react19/ssr-production: pinned expanded module oracle and source witnesses (4736.4109ms)
ℹ {"tuple":"vite8-react19","profile":"ssr-production","facts":47,"registrations":3,"candidates":0,"gaps":23,"forbiddenGuessedFacts":0}
✔ qualification: Vite 8 native TS paths browser-development agrees with controlled compiler (727.8838ms)
✔ qualification: Vite 8 native TS paths browser-production agrees with controlled compiler (585.5314ms)
✔ qualification: Vite 8 native TS paths ssr-production agrees with controlled compiler (584.2257ms)
✔ qualification: pinned React plugins reject transforms, shadowing, mutation and version drift (2642.5661ms)
✔ qualification: publicDir disable/custom and unsafe exports retain explicit boundaries (2023.8684ms)
✔ qualification: namespace components, context consumers, hook callbacks and class lifecycle are associations (3678.688ms)
✔ qualification: imperative navigation requires one proved router, callbacks remain framework bindings (1976.6134ms)
✔ qualification: nested router and plugin syntax depth/size limits fail explicitly (3873.0138ms)
✔ qualification: active framework cancellation/deadline preserves persisted generation and recovers (2352.0361ms)
✔ qualification: metadata and glob limits pass at ceiling and reject above without guessed facts (1873.2144ms)
✔ qualification: retained pinned matcher oracle maps to supported neutral registrations (491.3753ms)
✔ qualification: actual syntax below/at/above 100k nodes and generation fact ceiling (64141.0732ms)
✔ qualification: distributed routes reach 10k ceiling and overflow remains an explicit gap (91587.3867ms)
✔ qualification: state/reducer initialization and React 19 callbacks are version-qualified (864.8713ms)
✔ qualification: transparent component aliases preserve the complete event/call investigation (520.0687ms)
✔ vite7-react18: entries, composition, handlers, hooks and dependencies keep independent witnesses (3167.4479ms)
✔ vite8-react19: entries, composition, handlers, hooks and dependencies keep independent witnesses (2562.6041ms)
✔ F03: legacy import projection, exact Impact and type-only edges remain unchanged (420.6707ms)
✔ F03: glob exclusion/eager/lazy options and asset/worker facts never become calls (299.4172ms)
✔ F03: computed config produces boundaries instead of guessed runtime edges (245.7025ms)
✔ F03: plugins config produces boundaries instead of guessed runtime edges (225.936ms)
✔ F03: escape config produces boundaries instead of guessed runtime edges (257.1972ms)
✔ F03: unsupported callback props, inline effects and dynamic navigation stay explicit (612.8081ms)
✔ F03: nested route/loader/action bindings are navigation, never HTTP claims (317.3429ms)
✔ F03: incremental/full equivalence and changed HTML/config witnesses become stale (1158.4189ms)
✔ F03: contract rejects binary source masquerading and malformed resource bindings (281.1567ms)
✔ vite7-react18: retained controlled build oracle hashes and named runtime module parity (317.2374ms)
✔ vite8-react19: retained controlled build oracle hashes and named runtime module parity (284.0792ms)
✔ F03: original UTF-16/BOM/CRLF/Unicode witnesses and explicit browser/SSR variants (1438.641ms)
✔ F03: literal aliases preserve runtime/type distinctions and divergent calls stay outside framework traces (380.5542ms)
✔ F03: Vite 8 opt-in TS paths resolve separately; Vite 7 never assumes the plugin (750.2328ms)
✔ F03: JavaScript/class/memo/forwardRef aliases and inline callbacks retain lexical ownership (330.118ms)
✔ F03: named barrel aliases retain intermediate witnesses and stale barrel changes are detected (306.23ms)
✔ F03: developer proxy facts never establish a production origin; rewrites remain exact or unknown (317.9464ms)
✔ F03: HTML comments/raw text/templates/duplicate attributes never create guessed entries (1.2268ms)
✔ F03: configuration execution/egress, escaped aliases and symlinks remain denied (632.8158ms)
✔ F03: aliased React implementation and reassigned exported handlers cannot create framework facts (495.2143ms)
✔ F03: retained accepted FS-02 v3 payload remains byte/canonical compatible (1322.745ms)
✔ F03: adapter fact budget is generation-local and cancellation never returns a partial snapshot (381.716ms)
✔ F03: React DOM version mismatch and shadowed classic JSX factory withhold roots (580.9974ms)
✔ F03: custom proxy request hooks and worker queries on assets remain boundaries (365.5523ms)
✔ F03: production HTML entry selection never guesses custom build inputs (683.3555ms)
✔ F03: aliased React DOM subpath cannot be mistaken for the qualified platform root API (266.9657ms)
✔ F03: above-limit syntax and glob sets emit resource gaps without truncated framework facts (27539.7791ms)
✔ F03: invalid UTF-8 preserves legacy decoding but explicitly excludes new framework facts (321.201ms)
✔ F04 pinned route and rewrite matcher parity (7.0557ms)
✔ F04 next15/node-development: routes, actions, witnesses and incremental roundtrip (5133.4147ms)
✔ F04 next15/node-production: routes, actions, witnesses and incremental roundtrip (4498.5979ms)
✔ F04 next15/browser: routes, actions, witnesses and incremental roundtrip (4014.6398ms)
✔ F04 next16-preservation/node-development: routes, actions, witnesses and incremental roundtrip (4546.596ms)
✔ F04 next16-preservation/node-production: routes, actions, witnesses and incremental roundtrip (4403.3214ms)
✔ F04 next16-preservation/browser: routes, actions, witnesses and incremental roundtrip (4036.3074ms)
✔ F04 next16-patch/node-development: routes, actions, witnesses and incremental roundtrip (4657.6532ms)
✔ F04 next16-patch/node-production: routes, actions, witnesses and incremental roundtrip (4547.3104ms)
✔ F04 next16-patch/browser: routes, actions, witnesses and incremental roundtrip (3912.7858ms)
✔ F04 node22/node-development: native resolution oracle and registration parity (168.6618ms)
✔ F04 node22/node-production: native resolution oracle and registration parity (129.9294ms)
✔ F04 node24/node-development: native resolution oracle and registration parity (120.6405ms)
✔ F04 node24/node-production: native resolution oracle and registration parity (122.6192ms)
✔ F04 pages dispatch, config order/conditions and version-specific proxy declarations (366.4749ms)
✔ F04 inline actions, ambiguous props and version drift stay evidence-bound (1020.3759ms)
✔ F04 Node runtime: ESM exact extension, require search, package conditions and builtins remain separate from TS aliases (90.6088ms)
✔ F04 unknown Next version and dynamic configuration cannot qualify new routes (555.9261ms)
✔ F04 Node registrations and unique CommonJS exports reject mutated receivers/exports (98.6756ms)
✔ F04 mutated request dispatch and unresolved explicit HEAD cannot become framework-derived methods (265.2496ms)
✔ F04 native Node ignores tsconfig paths while Next uses a protected one-target path (324.9451ms)
✔ F04 literal interception records soft navigation context; literal Link has unique route evidence (315.5294ms)
✔ F04 custom pageExtensions, source ownership, lifecycle exports and imperative navigation (352.3009ms)
✔ F04 config is never executed and nonerasable native TS remains unresolved (137.5811ms)
✔ F04 original BOM/CRLF/Unicode witnesses and action alias retain exact ranges (5005.9201ms)
✔ F04 derived methods have distinct occurrences and endpoint aliases trace to a service (612.3207ms)
✔ F04 active cancellation/deadline inside Node/Next preserves stored generation and recovers (1160.9276ms)
✔ F04 shared snapshot rejects noncallable action targets (304.9878ms)
✔ F04 Middleware runtime and mutable Link stay explicit boundaries (350.1872ms)
✔ F04 convention entries, Pages switch dispatch, re-exports and marker/lifecycle operations (559.1429ms)
✔ F04 CJS re-export, duplicate global aliases and conditional assignment boundaries (162.6169ms)
✔ F04 native TS erasure oracle and type-only runtime exclusion (133.5753ms)
✔ F04 native profiles cannot qualify JSX or typed JavaScript accepted by a bundler parser (256.3414ms)
✔ FS05 original bytes, BOM, CRLF and Unicode ranges (21.6569ms)
✔ FS05 Windows contained parser accepts controlled syntax without executing it (1541.4785ms)
✔ FS05 unsupported encodings fail closed without replacement (2.6353ms)
✔ FS05 Python composes with TS/JS through shared v3 snapshots (1011.2897ms)
✔ FS05 decorators, reassignment, attributes and dynamic binding never guess calls (777.5921ms)
✔ FS05 cancellation refuses worker work and supports a fresh session (719.4927ms)
✔ FS05 controlled semantic fixture verifies exact calls and forbidden guesses (876.0469ms)
✔ FS05 namespace/src roots, re-exports and shadowed import sites remain distinct (3063.0078ms)
✔ FS05 protected exclusions and failed parser retain TS/JS (86.1358ms)
✔ FS05 async refresh preserves previous publication after failure or pause (35.936ms)
✔ FS05 active cancellation releases the single-worker lease and source byte limits recover (2559.506ms)
✔ FS05 a paused asynchronous generation cannot publish late (28.1769ms)
✔ FS05 Python import exclusions, stubs, external packages and root escapes stay separate (764.8456ms)
✔ FS05 neutral output rejects AST leakage, wrong hashes and fact/node budget overflow (128.1626ms)
✔ FS05 reopened Python generation is retained when parser startup fails (765.9687ms)
✔ FS05 Python edits are watched through the shared protected refresh scheduler (1477.9092ms)
✔ FS05 package/submodule attribute collisions cannot prove a callable export (771.2732ms)
✔ FS05 cancellation cannot bypass retained neutral syntax reuse (1446.3355ms)
✔ FS05 built-in and frozen imports cannot resolve to shadowing project files (939.691ms)
✔ FS06 real Windows watch publishes complete settings and template edits and pause retains prior publication (32919.2462ms)
✔ FS06 literal routing keeps order, namespaces, distinct registrations and framework calls separate (1795.4833ms)
✔ FS06 source sentinels are never executed and similarly named APIs cannot register URLs (1615.7371ms)
✔ FS06 repeated mounts at identical prefixes retain source-backed distinct IDs (1534.0691ms)
✔ FS06 django52 local C3 mixin override and custom dispatch boundary (1535.6071ms)
✔ FS06 django52 DRF api_view methods preserve external OPTIONS (1546.7603ms)
✔ FS06 django52 path-mode SimpleRouter list/detail/custom action declarations (1555.577ms)
✔ FS06 django52 DefaultRouter path-mode suffix declarations preserve unsupported matchers and external root (1510.9737ms)
✔ FS06 django52 manager and QuerySet declarations never establish custom runtime dispatch (1536.4821ms)
✔ FS06 django52 all pinned APIView and generic CBV classes retain method-specific external boundaries (1644.452ms)
✔ FS06 django60 local C3 mixin override and custom dispatch boundary (1549.8728ms)
✔ FS06 django60 DRF api_view methods preserve external OPTIONS (1604.7474ms)
✔ FS06 django60 path-mode SimpleRouter list/detail/custom action declarations (1739.2375ms)
✔ FS06 django60 DefaultRouter path-mode suffix declarations preserve unsupported matchers and external root (1649.2549ms)
✔ FS06 django60 manager and QuerySet declarations never establish custom runtime dispatch (1572.4998ms)
✔ FS06 django60 all pinned APIView and generic CBV classes retain method-specific external boundaries (1939.2492ms)
✔ FS06 templates preserve literal lookup and named URL witnesses without executing render (1574.8282ms)
✔ FS06 models, ORM intent, signals and admin remain declared framework relationships (1532.8084ms)
✔ FS06 explicit settings variant follows bounded named literal inheritance and missing selection stays unresolved (3326.5334ms)
✔ FS06 wildcard and computed inherited settings never become verified routes (1719.2159ms)
✔ FS06 repeated mounted CBV bindings retain each registration source (1671.0379ms)
✔ FS06 exact oracle tuples and shared metadata are required, with no qualification badge from syntax alone (1637.0277ms)
✔ FS06 unsupported regex/converters, stacked decorators and dynamic templates retain typed uncertainty (1696.9524ms)
✔ FS06 middleware hooks, app-ready and command ownership are conditional declarations (1716.758ms)
✔ FS06 custom template engine and traversal names are withheld behind protected read boundaries (1625.7689ms)
✔ FS06 explicit installed app association preserves FS02 owners and excludes independent child packages (3559.3516ms)
✔ FS06 opaque class/method decorators cannot prove models or router dispatch (1606.8482ms)
✔ FS06 template keyword names and explicit engine overrides preserve uncertainty (1561.5922ms)
✔ FS06 local Django namespace shadowing cannot create verified framework registrations (1540.9011ms)
✔ FS06 mutated or escaped router instances cannot create verified endpoints (3106.597ms)
✔ FS06 multiple explicit settings profiles retain separate variants and mutation never chooses a root (5460.5477ms)
✔ FS06 standard converters and slash metadata stay literal while regex and custom converters retain gaps (1519.797ms)
✔ FS06 async FBV and qualified HTTP decorator preserve downstream calls without framework-call promotion (1562.8083ms)
✔ FS06 duplicate signal registrations retain occurrences without implying signal emission (1711.0241ms)
✔ FS06 edited settings and template bytes refresh source evidence and remain full/incremental equivalent (4727.8513ms)
✔ FS06 mutable settings containers cannot prove installed-app or middleware registration (1525.5338ms)
✔ FS06 qualification django52 routers (23227.2986ms)
✔ FS06 qualification django52 formats (60068.903ms)
✔ FS06 qualification django52 includes (11617.4537ms)
✔ FS06 qualification django52 decorators (14291.1794ms)
✔ FS06 qualification django52 converters (4977.9032ms)
✔ FS06 qualification django52 dynamic routes and decorators (8618.0904ms)
✔ FS06 qualification django52 models and serializers (21921.4818ms)
✔ FS06 qualification django52 signals boundaries (6760.0246ms)
✔ FS06 qualification django52 templates boundaries and positions (14739.0489ms)
✔ FS06 qualification django60 routers (22339.594ms)
✔ FS06 qualification django60 formats (60380.817ms)
✔ FS06 qualification django60 includes (13372.6164ms)
✔ FS06 qualification django60 decorators (14596.7101ms)
✔ FS06 qualification django60 converters (5197.315ms)
✔ FS06 qualification django60 dynamic routes and decorators (8868.2334ms)
✔ FS06 qualification django60 models and serializers (22624.8381ms)
✔ FS06 qualification django60 signals boundaries (6318.7968ms)
✔ FS06 qualification django60 templates boundaries and positions (15445.1564ms)
✔ RN shipped sidecar: both mobile profiles are accessible through the existing protocol without UI/schema changes (10663.9011ms)
✔ RN React reuse: wrappers, lazy, events, hook callbacks and context independently on every tuple/profile (28344.6877ms)
✔ RN route ceiling: variant growth aborts a generation and retains its prior publication (34183.9251ms)
✔ Flow resource ceilings: source, syntax nodes and fact overflow discard output and recover (4693.48ms)
✔ FS07 Windows watch: app metadata, Flow edits, variant switches and atomic publication (11481.1268ms)
✔ React Navigation nested literal actions retain ancestry and reject conditional callbacks (1991.6258ms)
✔ Expo static app configuration: literal scheme/root metadata and unknown plugin boundaries (261.34ms)
✔ Flow scope negatives: destructuring, nested var/eval and named expressions cannot leak guessed targets (96.2018ms)
✔ Flow imports: stable source-backed exports resolve only when all selected platform targets agree (3704.9836ms)
✔ Metro advanced exports/imports/redirects: independently pinned fallback and array semantics (213.8081ms)
✔ Metro config composition: pinned helpers are interpreted as data; mutation/executable helpers stay boundaries (699.4511ms)
✖ Expo55/56 file routes: independent platform oracles, layout evidence and conservative destinations (335.3172ms)
✔ RN native inventory: source declarations stop at explicit native/generated boundaries on every tuple (5189.2646ms)
✔ RN linking configuration: declared URL paths are separate from unresolved native URL receivers (898.9639ms)
✔ RN platform projection: pinned selection, branch dependencies and framework roots remain variant-isolated (6370.6907ms)
✔ React Navigation declarations: static groups, JSX screens and context-scoped literal targets (612.1111ms)
✔ Flow dialect selection accepts leading pragmas only (0.7941ms)
✔ Flow shared pipeline: neutral facts, safe unresolved imports, cache and full equivalence (2981.2982ms)
✔ Metro static kernel rn83-bare/android: pinned synthetic oracle parity (29.7468ms)
✔ Metro static kernel rn83-bare/ios: pinned synthetic oracle parity (19.782ms)
✔ Metro static kernel rn85-bare/android: pinned synthetic oracle parity (24.399ms)
✔ Metro static kernel rn85-bare/ios: pinned synthetic oracle parity (2.8228ms)
✔ Metro static kernel expo55/android: pinned synthetic oracle parity (19.1569ms)
✔ Metro static kernel expo55/ios: pinned synthetic oracle parity (2.6242ms)
✔ Metro static kernel expo56/android: pinned synthetic oracle parity (3.177ms)
✔ Metro static kernel expo56/ios: pinned synthetic oracle parity (4.146ms)
✔ Metro static kernel: policy, custom resolver and missing exports targets stay explicit (2.5349ms)
✔ Metro static kernel: cooperative cancellation and deadline remain enforced (10.4726ms)
✔ Flow syntax experiment: pinned grammar records preserve original BOM/CRLF/Unicode offsets (31.459ms)
✔ Metro default-context kernel rn83-bare/android: source-backed defaults oracle parity (20.7144ms)
✔ Metro default-context kernel rn83-bare/ios: source-backed defaults oracle parity (3.3464ms)
✔ Metro default-context kernel rn85-bare/android: source-backed defaults oracle parity (3.2291ms)
✔ Metro default-context kernel rn85-bare/ios: source-backed defaults oracle parity (3.3905ms)
✔ Metro default-context kernel expo55/android: source-backed defaults oracle parity (3.157ms)
✔ Metro default-context kernel expo55/ios: source-backed defaults oracle parity (4.3708ms)
✔ Metro default-context kernel expo56/android: source-backed defaults oracle parity (4.0473ms)
✔ Metro default-context kernel expo56/ios: source-backed defaults oracle parity (3.4107ms)
✔ Flow neutral extraction: lexical functions, immutable aliases and import requests are distinct (4.6646ms)
✔ Flow neutral protocol rejects AST leakage, forged source ranges, owners and imported targets (4.2381ms)
✔ Flow supervised parser: neutral fixture parity, Python shared lease and malformed recovery (1643.0695ms)
✔ Flow supervised parser: cancellation releases lease and a new worker recovers (1760.8619ms)
✔ Metro production profile: platform dependencies/assets retain shared witnesses and incremental equivalence (511.7399ms)
✔ RN shared React projection: AppRegistry, composition, native events, effects and context stay distinct from calls (1202.8378ms)
✔ Flow neutral extraction: parameter shadowing, mutations, eval and receiver dispatch never guess calls (7.1513ms)
✔ Flow neutral extraction: component/hook scopes, JSX calls, conditional evidence and original coordinates (10.7909ms)
✔ local adapter preserves exact dependency evidence, diagnostics and round trips (487.0029ms)
✔ deduplication reports first occurrence and retains type-only aggregation (41.3387ms)
✔ structural queries include type-only dependents and terminate on cycles (97.0512ms)
✔ snapshot validator rejects incompatible, dangling, escaped and forged evidence (135.1869ms)
✔ read policy excludes sensitive sources and common output directories (122.5426ms)
✔ outside config inheritance is reported and cannot yield approximate edges (47.0902ms)
✔ JSON dependency config inheritance remains static and inside the root (62.4817ms)
✔ symlink escapes are never selected, resolved or read as evidence (29.4729ms)
✔ resource and enumeration failures are explicit; large files are not partially parsed (152.3904ms)
✔ binary and declaration files have explicit coverage (26.4523ms)
✔ framework route evidence and withheld routes survive normalization (146.5801ms)
✔ local analysis never requests network or executes repository configuration/scripts (46.6642ms)
✔ retired GitHub ingestion and cloud adapters cannot accept local repository roots (59.7069ms)
✔ protected import graph and visualization cannot reach cloud/server capabilities (78.4902ms)
✔ existing parser and graph verification scripts work against fixture output (2394.0007ms)
✔ selection can use bounded reader without hidden process-current-directory reads (16.4458ms)
✔ fresh migrations explicitly authorize every audited legacy writer operation (54.8527ms)
✔ legacy writer repair contains only scoped grants without altering reader or RLS security (1.7889ms)
✔ desktop protocol rejects malformed versions, arbitrary commands, fields and query budgets (6.2213ms)
✔ sidecar analyzes a non-Git directory, reports stages, scopes queries and detects stale evidence offline (2151.5073ms)
✔ sidecar refuses an unselected root and bounded framing rejects oversized or invalid input (6468.6141ms)
✔ cancel and crash can terminate a busy process and a fresh engine can retry (12340.8526ms)
✔ empty directory produces an honest empty snapshot and projection does not fabricate edges (44.3704ms)
✔ desktop capability/config prevents broad renderer native access and cloud frontend startup (102.9857ms)
✔ SQLite round trips canonical evidence, full diagnostics, registrations, settings and outcomes (561.7186ms)
✔ failed/cancelled refresh, ownership conflicts and failed publication preserve the last complete result (472.4974ms)
✔ schema upgrade failure rolls back and future versions/incomplete snapshots are retained and rejected (258.9626ms)
✔ missing roots and changed/deleted evidence remain historical; forgetting cascades local records only (257.1447ms)
✔ crashing during a SQLite publication rolls back and dead job owners recover as interrupted (550.8918ms)
✔ private process restart reopens SQLite offline without parsing, including an unavailable root (5568.549ms)
✔ cancelling the actual persistent engine preserves its previous complete snapshot and records the owner outcome (4477.0876ms)
✔ storage protocol denies arbitrary filesystem/SQL/provider operations and injected roots (2.2005ms)
✔ native startup watchdog displays bounded recovery when hydration fails and clears after readiness (11.1655ms)
✔ pilot traces and impact have deterministic shortest verified witnesses across cycles and type-only edges (722.0111ms)
✔ depth and result budgets disclose exact omissions without truncating traversal truth (239.3889ms)
✔ search and structural Ask disambiguate real paths and export names and withhold unsupported answers (276.7447ms)
✔ empty snapshots and stale source do not turn missing or historical evidence into current truth (271.8845ms)
✔ investigation boundaries reject hostile query fields, unknown intents and forged witness IPC results (234.9047ms)
✔ pilot measurement allowlists reject strings, repository payloads and invalid numbers at every storage boundary (603.8754ms)
✔ offline private engine investigations survive SQLite restart and expose real witness references (2345.7589ms)
✔ pilot measurement transport has no repository or remote payload affordance (35.3542ms)
✔ explanation packages contain bounded verified metadata, hashes and gaps, never source or roots (313.7647ms)
✔ folder/investigation selection is explicit, bounded and cannot manufacture evidence (60.2478ms)
✔ local explanation cache separates approved provenance/model/prompt and cascades on forgetting (2629.0648ms)
✔ native-only provider transport preserves the restrictive renderer and local engine boundary (37.3628ms)
✔ provider choice survives the approval dialog and citations do not depend on provider wire JSON (1.4543ms)
✔ installed agents have bounded native adapters, no renderer CLI/root/key authority or structural writes (23.0361ms)
✔ dense long-path evidence fits the unchanged budget without losing the selected file (57.2846ms)
✔ static calls resolve local/imported aliases, named reexports, defaults and JavaScript without type dependencies (1072.4487ms)
✔ shadowed, duplicated, mutable, skipped, missing and receiver bindings never become fabricated calls (644.7633ms)
✔ existing Next and Nest route declarations bind uniquely; computed handlers remain explicit gaps (391.2341ms)
✔ same-line handlers retain exact binding ranges and duplicate methods/indirect reassignments remain withheld (599.6383ms)
✔ reference initializers retain lexical targets while receiver type guesses never establish method references/calls (678.4465ms)
✔ decorators, class initializers, getters and default parameters never become enclosing handler/body calls (586.5547ms)
✔ route bindings follow actual framework provenance and exact verb imports, including same-line decorators (646.6205ms)
✔ a shared virtual compiler namespace never manufactures implicit cross-file/package global calls (652.1974ms)
✔ bounded traces terminate on recursion, disclose limits and preserve canonical source witnesses and test candidates (416.2987ms)
✔ symbol validator rejects forged provenance/owners/targets and missing rich snapshots; SQLite retains old complete data until refresh (603.1309ms)
✔ optional richer explanations are bounded, metadata-only, cited through hash-checked files and exact-payload digest (357.6248ms)
✔ incremental syntax reuse equals every full snapshot fact after aliases/reexports/conditional call changes (2538.0611ms)
✔ add/delete/rename, syntax skips, config/package/global-framework changes safely rebuild and match full analysis (3028.4238ms)
✔ protected observations reject concurrent writes, missing-target additions and directory changes (901.7754ms)
✔ a replaced selected root cannot be read through an existing authorized reader (157.8446ms)
✔ atomic scheduler rejects stale/cancelled generations and concurrent changes before publication (587.8059ms)
✔ actual Windows/platform watcher coalesces edits, handles rename/config/new directories, pauses/loss and full recovery (4014.9173ms)
✔ unknown/overflow/burst event hints force full analysis; repeated failure degrades without losing prior publication (1175.5533ms)
✔ PID/session cancellation rejects later generation publication and cache digests preserve only matching evidence (948.4215ms)
✔ watch transport accepts only bounded authorized-session operations and metrics (2.2436ms)
✔ model-free ordering and stable score ties use depth then exact ID (8.7084ms)
✔ unknown/duplicate/missing candidates, nonfinite scores, extra fields and stale identities fall back (4.5826ms)
✔ timeouts, failures and cancellation abort adapter and do not leak exception text (46.139ms)
✔ adapter inputs are immutable and output cannot change candidates/witnesses (1.2107ms)
✔ bounded ranking changes only inspection order, retains verified witnesses and unchanged impact (253.0906ms)
✔ budget/depth/cycles, disabled ranking and cancellation preserve bounded model-free behavior (70.5153ms)
✔ snapshot mutation during await is rejected instead of returning stale evidence (61.9082ms)
✔ repeatable replay, consent and secure local record deletion without telemetry or source (126.3865ms)
✔ incomplete/no-ground-truth judgments are null and MRR declares denominator (57.8646ms)
✔ denied egress still supports baseline and records visible failure fallback (61.4363ms)
✔ stored CLI summary separates held-out cases and includes failures rather than favorable-only MRR (1671.1728ms)
✔ analytic neural gradient matches finite differences for every parameter (16.0499ms)
✔ bundled artifact pin, finite shape, bounded vocabulary-free features and scores (8.1681ms)
✔ worker input excludes source, arbitrary paths, duplicate nodes and stale identity formats (2.3317ms)
✔ real isolated worker inference is offline, repeatable and terminable (275.8855ms)
✔ missing, corrupt, wrong pin and unqualified artifacts use deterministic fallback (18.6072ms)
✔ worker timeout and cancellation terminate inference and preserve deterministic ordering (291.897ms)
✔ cold worker initialization timeout is failure, never cancellation, and retains deterministic candidates (10.9051ms)
✔ desktop ranking validates current snapshot and witnesses, keeps graph and Impact byte-identical (505.5064ms)
✔ desktop protocol rejects renderer artifact/runtime paths and excessive limits (2.6598ms)
✔ documented Windows fixture produces the declared bounded model/baseline witnesses (514.6992ms)
✔ every renderer command is declared and narrowly authorized by the native manifest/capability (57.3835ms)
✔ seeded small training repeats exactly and held-out labels cannot enter fitting (102.018ms)
ℹ tests 361
ℹ suites 0
ℹ pass 360
ℹ fail 1
ℹ cancelled 0
ℹ skipped 0
ℹ todo 0
ℹ duration_ms 978885.8417

✖ failing tests:

test at tests\framework-support\fs-07.test.ts:228:1
✖ Expo55/56 file routes: independent platform oracles, layout evidence and conservative destinations (335.3172ms)
  Error: Duplicate shared ID
      at mapRecords (file:///D:/Repositorios%20Github/cartograph/lib/model/framework-validate.ts:18:300)
      at validateAnalysis (file:///D:/Repositorios%20Github/cartograph/lib/model/framework-validate.ts:48:25)
      at validateSnapshot (file:///D:/Repositorios%20Github/cartograph/lib/engine/contract.ts:14:58)
      at extractReactNative (file:///D:/Repositorios%20Github/cartograph/lib/parser/adapters/react-native.ts:99:10)
      at Object.project (file:///D:/Repositorios%20Github/cartograph/lib/engine/adapters/typescript.ts:106:68)
      at AnalysisCoordinator.analyze (file:///D:/Repositorios%20Github/cartograph/lib/engine/coordinator.ts:24:43)
      at TestContext.<anonymous> (file:///D:/Repositorios%20Github/cartograph/tests/framework-support/fs-07.test.ts:238:111)
      at Test.runInAsyncScope (node:async_hooks:227:14)
      at Test.run (node:internal/test_runner/test:1382:25)
      at Test.processPendingSubtests (node:internal/test_runner/test:960:18)
