✔ F01-contract: v3 round trip, repeated analysis and incremental facts are deterministic (382.1141ms)
✔ F01-contract: the retained real v2 baseline round trips and requires explicit reanalysis (648.5284ms)
✔ F01-contract: import projection and exact Impact remain equivalent to legacy parsing (131.3963ms)
✔ F01-contract: fixture source/output hashes and semantic golden are executable (70.5647ms)
✔ F01-contract: supported HTTP, dispatch-dependent, page and navigation contracts remain separate (71.5176ms)
✔ F01-contract: multi-file registration/declaration/config witnesses open current original source (119.9394ms)
✔ F01-contract rejects duplicate registration (74.2213ms)
✔ F01-contract rejects dangling profile (69.0435ms)
✔ F01-contract rejects unsupported variant (62.3882ms)
✔ F01-contract rejects dangling target (79.7242ms)
✔ F01-contract rejects source ownership mismatch (71.0334ms)
✔ F01-contract rejects noncallable endpoint (66.2697ms)
✔ F01-contract rejects unknown enum (66.2952ms)
✔ F01-contract rejects fabricated position (69.4031ms)
✔ F01-contract rejects wrong evidence hash (68.0103ms)
✔ F01-contract rejects missing declaration witness (65.2317ms)
✔ F01-contract rejects unknown method guessed GET (57.2479ms)
✔ F01-contract rejects navigation carries HTTP method (90.1908ms)
✔ F01-contract rejects unsupported matcher without gap (95.2828ms)
✔ F01-contract rejects candidate promoted to import (86.3062ms)
✔ F01-contract rejects candidate missing uncertainty (70.0464ms)
✔ F01-contract rejects candidate overflow hidden (73.5121ms)
✔ F01-contract rejects qualified without ledger (73.1219ms)
✔ F01-contract rejects forbidden config evidence (80.2148ms)
✔ F01-contract rejects forbidden sensitive directory witness (73.7115ms)
✔ F01-contract rejects source archive field (72.4412ms)
✔ F01-contract rejects user assumption disguised as verified (98.3269ms)
✔ F01-contract: only a matching complete positive/negative/Windows ledger can qualify (101.82ms)
✔ F00-position: original Unicode/BOM/combining/CRLF byte and UTF-16 ranges agree (1.4715ms)
✔ F01-contract: request pins reject old/missing contracts before publication (72.1977ms)
✔ F01-contract: interrupted/failed v2 reanalysis retains payload; atomic v3 publication and future-version protection (617.2562ms)
✔ F01-contract: uncertainty projection keeps unknown methods, unsupported matcher and user assumptions distinct (93.3323ms)
✔ F01-contract: diagnostics render uncertainty and actual evidence buttons check current/stale source (361.4931ms)
✔ F02-profile: one protected inventory, deterministic nested ownership and compatible composition (534.3192ms)
✔ F02-profile: first-match legacy routes/roles remain stable while framework detection composes (53.1055ms)
✔ F02-profile: registration conflict, dependency cycle and missing prerequisites fail before facts (1.2888ms)
✔ F02-profile: static literals, constants, objects, arrays, property access, concatenation and syntactic wrapper (3.9363ms)
✔ F02-profile: getter never manufactures configuration (1.4344ms)
✔ F02-profile: helper never manufactures configuration (0.7745ms)
✔ F02-profile: env never manufactures configuration (0.8244ms)
✔ F02-profile: computed never manufactures configuration (0.7453ms)
✔ F02-profile: spread never manufactures configuration (0.8335ms)
✔ F02-profile: cycle never manufactures configuration (0.959ms)
✔ F02-profile: shadowed wrapper never manufactures configuration (0.5843ms)
✔ F02-profile: malformed never manufactures configuration (1.0506ms)
✔ F02-profile: mutation never manufactures configuration (0.8002ms)
✔ F02-profile: initializer mutation never manufactures configuration (0.4415ms)
✔ F02-profile: prefix mutation never manufactures configuration (1.1294ms)
✔ F02-profile: delete mutation never manufactures configuration (1.2154ms)
✔ F02-profile: tag helper never manufactures configuration (1.3832ms)
✔ F02-profile: ambiguous wrapper never manufactures configuration (1.0084ms)
✔ F02-profile: unknown environment branches retain conditions and never collapse into defaults (1.7871ms)
✔ F02-profile: executable config sentinel is read as text and never creates its file (49.2857ms)
✔ F02-profile: public metadata names do not open secrets, dependency code, generated source or arbitrary configs (45.5152ms)
✔ F02-profile: symlink/workspace junctions and escaped aliases are denied without target reads (41.1781ms)
✔ F02-profile: explicit variants have independent keys/witnesses; platform/SSR/production semantics stay deferred (121.3193ms)
✔ F02-profile: every protected resolution is classified; duplicate workspace names stay ambiguous (100.8828ms)
✔ F00-resource: node/depth/string/config-dependency/glob bounds and deterministic cycle diagnostics (584.2799ms)
✔ F00-resource: cancellation/deadline/read limits never publish partial generations (169.6653ms)
✔ F02-profile: configuration dependencies refresh/invalidate without changing graph or exact Impact (235.8317ms)
✔ F02-profile: public metadata evidence survives persistence, checks Unicode ranges and becomes stale (171.0686ms)
✔ F02-profile: malformed and unsupported metadata stays explicit; invalid byte encodings are not evidence (45.3477ms)
✔ F02-profile: fixture/oracle hashes and exact infrastructure tuple are mandatory (36.9875ms)
✔ F02-profile: Python environments are excluded and dependency families cannot create false framework detection (38.3494ms)
✔ F02-profile: wrong source hashes and cross-project/profile sources never resolve internally (28.3751ms)
✔ F02-profile: config uncertainty is scoped to its profile and cannot alter unrelated verified imports (61.5965ms)
✔ F00-resource: safe globs check cancellation inside adversarial matching and retain no truncated singleton (86.8654ms)
✔ F00-resource: cancellation between discovery and parsing preserves the current stored snapshot (19.3196ms)
✔ F02-profile: inherited configuration cycles and missing metadata have typed capability gaps and source proof (43.9527ms)
ℹ tests 69
ℹ suites 0
ℹ pass 69
ℹ fail 0
ℹ cancelled 0
ℹ skipped 0
ℹ todo 0
ℹ duration_ms 6044.0756
