✔ F01-contract: v3 round trip, repeated analysis and incremental facts are deterministic (369.4174ms)
✔ F01-contract: the retained real v2 baseline round trips and requires explicit reanalysis (619.7689ms)
✔ F01-contract: import projection and exact Impact remain equivalent to legacy parsing (110.8243ms)
✔ F01-contract: fixture source/output hashes and semantic golden are executable (57.3308ms)
✔ F01-contract: supported HTTP, dispatch-dependent, page and navigation contracts remain separate (62.9334ms)
✔ F01-contract: multi-file registration/declaration/config witnesses open current original source (101.7534ms)
✔ F01-contract rejects duplicate registration (63.3737ms)
✔ F01-contract rejects dangling profile (63.0272ms)
✔ F01-contract rejects unsupported variant (59.0333ms)
✔ F01-contract rejects dangling target (67.4174ms)
✔ F01-contract rejects source ownership mismatch (53.274ms)
✔ F01-contract rejects noncallable endpoint (63.1011ms)
✔ F01-contract rejects unknown enum (88.4537ms)
✔ F01-contract rejects fabricated position (67.6325ms)
✔ F01-contract rejects wrong evidence hash (77.1199ms)
✔ F01-contract rejects missing declaration witness (66.1356ms)
✔ F01-contract rejects unknown method guessed GET (57.1516ms)
✔ F01-contract rejects navigation carries HTTP method (54.1665ms)
✔ F01-contract rejects unsupported matcher without gap (52.2823ms)
✔ F01-contract rejects candidate promoted to import (54.4838ms)
✔ F01-contract rejects candidate missing uncertainty (50.7443ms)
✔ F01-contract rejects candidate overflow hidden (66.0417ms)
✔ F01-contract rejects qualified without ledger (53.3474ms)
✔ F01-contract rejects forbidden config evidence (60.4434ms)
✔ F01-contract rejects forbidden sensitive directory witness (53.2674ms)
✔ F01-contract rejects source archive field (53.3685ms)
✔ F01-contract rejects user assumption disguised as verified (56.2322ms)
✔ F01-contract: only a matching complete positive/negative/Windows ledger can qualify (52.1166ms)
✔ F00-position: original Unicode/BOM/combining/CRLF byte and UTF-16 ranges agree (1.2484ms)
✔ F01-contract: request pins reject old/missing contracts before publication (51.2249ms)
✔ F01-contract: interrupted/failed v2 reanalysis retains payload; atomic v3 publication and future-version protection (442.5878ms)
✔ F01-contract: uncertainty projection keeps unknown methods, unsupported matcher and user assumptions distinct (56.5081ms)
✔ F01-contract: diagnostics render uncertainty and actual evidence buttons check current/stale source (264.2836ms)
✔ F02-profile: one protected inventory, deterministic nested ownership and compatible composition (455.8001ms)
✔ F02-profile: first-match legacy routes/roles remain stable while framework detection composes (48.5736ms)
✔ F02-profile: registration conflict, dependency cycle and missing prerequisites fail before facts (1.1774ms)
✔ F02-profile: static literals, constants, objects, arrays, property access, concatenation and syntactic wrapper (4.2015ms)
✔ F02-profile: getter never manufactures configuration (1.4566ms)
✔ F02-profile: helper never manufactures configuration (0.7715ms)
✔ F02-profile: env never manufactures configuration (1.0764ms)
✔ F02-profile: computed never manufactures configuration (0.6235ms)
✔ F02-profile: spread never manufactures configuration (1.0192ms)
✔ F02-profile: cycle never manufactures configuration (1.0845ms)
✔ F02-profile: shadowed wrapper never manufactures configuration (0.6184ms)
✔ F02-profile: malformed never manufactures configuration (1.1927ms)
✔ F02-profile: mutation never manufactures configuration (1.1608ms)
✔ F02-profile: initializer mutation never manufactures configuration (0.4965ms)
✔ F02-profile: prefix mutation never manufactures configuration (1.186ms)
✔ F02-profile: delete mutation never manufactures configuration (0.8628ms)
✔ F02-profile: tag helper never manufactures configuration (1.0881ms)
✔ F02-profile: ambiguous wrapper never manufactures configuration (0.7548ms)
✔ F02-profile: unknown environment branches retain conditions and never collapse into defaults (1.8002ms)
✔ F02-profile: executable config sentinel is read as text and never creates its file (41.4779ms)
✔ F02-profile: public metadata names do not open secrets, dependency code, generated source or arbitrary configs (36.0459ms)
✔ F02-profile: symlink/workspace junctions and escaped aliases are denied without target reads (34.6348ms)
✔ F02-profile: explicit variants have independent keys/witnesses; platform/SSR/production semantics stay deferred (118.3899ms)
✔ F02-profile: every protected resolution is classified; duplicate workspace names stay ambiguous (103.3333ms)
✔ F00-resource: node/depth/string/config-dependency/glob bounds and deterministic cycle diagnostics (535.4377ms)
✔ F00-resource: cancellation/deadline/read limits never publish partial generations (138.7883ms)
✔ F02-profile: configuration dependencies refresh/invalidate without changing graph or exact Impact (209.6914ms)
✔ F02-profile: public metadata evidence survives persistence, checks Unicode ranges and becomes stale (150.4618ms)
✔ F02-profile: malformed and unsupported metadata stays explicit; invalid byte encodings are not evidence (42.7998ms)
✔ F02-profile: fixture/oracle hashes and exact infrastructure tuple are mandatory (35.9108ms)
✔ F02-profile: Python environments are excluded and dependency families cannot create false framework detection (38.6945ms)
✔ F02-profile: wrong source hashes and cross-project/profile sources never resolve internally (27.7758ms)
✔ F02-profile: config uncertainty is scoped to its profile and cannot alter unrelated verified imports (42.8829ms)
✔ F00-resource: safe globs check cancellation inside adversarial matching and retain no truncated singleton (113.8939ms)
✔ F00-resource: cancellation between discovery and parsing preserves the current stored snapshot (22.9779ms)
✔ F02-profile: inherited configuration cycles and missing metadata have typed capability gaps and source proof (50.4136ms)
ℹ tests 69
ℹ suites 0
ℹ pass 69
ℹ fail 0
ℹ cancelled 0
ℹ skipped 0
ℹ todo 0
ℹ duration_ms 5091.1081
