✔ F01-contract: v3 round trip, repeated analysis and incremental facts are deterministic (747.1197ms)
✔ F01-contract: the retained real v2 baseline round trips and requires explicit reanalysis (1023.1129ms)
✔ F01-contract: import projection and exact Impact remain equivalent to legacy parsing (202.5723ms)
✖ F01-contract: fixture source/output hashes and semantic golden are executable (149.9936ms)
✔ F01-contract: supported HTTP, dispatch-dependent, page and navigation contracts remain separate (141.2472ms)
✔ F01-contract: multi-file registration/declaration/config witnesses open current original source (177.7088ms)
✔ F01-contract rejects duplicate registration (90.4902ms)
✔ F01-contract rejects dangling profile (83.0211ms)
✔ F01-contract rejects unsupported variant (105.0083ms)
✔ F01-contract rejects dangling target (113.7474ms)
✔ F01-contract rejects source ownership mismatch (110.3482ms)
✔ F01-contract rejects noncallable endpoint (113.2856ms)
✔ F01-contract rejects unknown enum (115.5136ms)
✔ F01-contract rejects fabricated position (124.1132ms)
✔ F01-contract rejects wrong evidence hash (202.7342ms)
✔ F01-contract rejects missing declaration witness (137.7261ms)
✔ F01-contract rejects unknown method guessed GET (138.7992ms)
✔ F01-contract rejects navigation carries HTTP method (123.6812ms)
✔ F01-contract rejects unsupported matcher without gap (151.5791ms)
✔ F01-contract rejects candidate promoted to import (130.9057ms)
✔ F01-contract rejects candidate missing uncertainty (108.521ms)
✔ F01-contract rejects candidate overflow hidden (103.5325ms)
✔ F01-contract rejects qualified without ledger (184.1288ms)
✔ F01-contract rejects forbidden config evidence (303.0102ms)
✔ F01-contract rejects forbidden sensitive directory witness (177.1396ms)
✔ F01-contract rejects source archive field (101.7344ms)
✔ F01-contract rejects user assumption disguised as verified (162.2544ms)
✔ F01-contract: only a matching complete positive/negative/Windows ledger can qualify (195.4172ms)
✔ F00-position: original Unicode/BOM/combining/CRLF byte and UTF-16 ranges agree (3.2529ms)
✔ F01-contract: request pins reject old/missing contracts before publication (179.3645ms)
✔ F01-contract: interrupted/failed v2 reanalysis retains payload; atomic v3 publication and future-version protection (803.585ms)
✔ F01-contract: uncertainty projection keeps unknown methods, unsupported matcher and user assumptions distinct (135.8375ms)
✔ F01-contract: diagnostics render uncertainty and actual evidence buttons check current/stale source (621.7439ms)
✖ F02-profile: one protected inventory, deterministic nested ownership and compatible composition (930.1501ms)
✔ F02-profile: first-match legacy routes/roles remain stable while framework detection composes (131.3861ms)
✔ F02-profile: registration conflict, dependency cycle and missing prerequisites fail before facts (2.6884ms)
✔ F02-profile: static literals, constants, objects, arrays, property access, concatenation and syntactic wrapper (7.4211ms)
✔ F02-profile: getter never manufactures configuration (2.0112ms)
✔ F02-profile: helper never manufactures configuration (0.8122ms)
✔ F02-profile: env never manufactures configuration (0.8273ms)
✔ F02-profile: computed never manufactures configuration (1.1086ms)
✔ F02-profile: spread never manufactures configuration (1.1482ms)
✔ F02-profile: cycle never manufactures configuration (1.9943ms)
✔ F02-profile: shadowed wrapper never manufactures configuration (1.604ms)
✔ F02-profile: malformed never manufactures configuration (2.1657ms)
✔ F02-profile: mutation never manufactures configuration (1.5363ms)
✔ F02-profile: initializer mutation never manufactures configuration (1.012ms)
✔ F02-profile: prefix mutation never manufactures configuration (1.8226ms)
✔ F02-profile: delete mutation never manufactures configuration (1.3771ms)
✔ F02-profile: tag helper never manufactures configuration (1.84ms)
✔ F02-profile: ambiguous wrapper never manufactures configuration (1.619ms)
✔ F02-profile: unknown environment branches retain conditions and never collapse into defaults (1.8689ms)
✔ F02-profile: executable config sentinel is read as text and never creates its file (79.8561ms)
✔ F02-profile: public metadata names do not open secrets, dependency code, generated source or arbitrary configs (88.0415ms)
✔ F02-profile: symlink/workspace junctions and escaped aliases are denied without target reads (55.5262ms)
✔ F02-profile: explicit variants have independent keys/witnesses; platform/SSR/production semantics stay deferred (243.7207ms)
✔ F02-profile: every protected resolution is classified; duplicate workspace names stay ambiguous (163.7876ms)
✔ F00-resource: node/depth/string/config-dependency/glob bounds and deterministic cycle diagnostics (831.8149ms)
✔ F00-resource: cancellation/deadline/read limits never publish partial generations (418.2182ms)
✔ F02-profile: configuration dependencies refresh/invalidate without changing graph or exact Impact (380.825ms)
✔ F02-profile: public metadata evidence survives persistence, checks Unicode ranges and becomes stale (362.4245ms)
✔ F02-profile: malformed and unsupported metadata stays explicit; invalid byte encodings are not evidence (99.8238ms)
✔ F02-profile: fixture/oracle hashes and exact infrastructure tuple are mandatory (85.0335ms)
✔ F02-profile: Python environments are excluded and dependency families cannot create false framework detection (104.1142ms)
✔ F02-profile: wrong source hashes and cross-project/profile sources never resolve internally (48.667ms)
✔ F02-profile: config uncertainty is scoped to its profile and cannot alter unrelated verified imports (103.2043ms)
✔ F00-resource: safe globs check cancellation inside adversarial matching and retain no truncated singleton (160.7184ms)
✔ F00-resource: cancellation between discovery and parsing preserves the current stored snapshot (40.9559ms)
✔ F02-profile: inherited configuration cycles and missing metadata have typed capability gaps and source proof (132.1116ms)
✔ local adapter preserves exact dependency evidence, diagnostics and round trips (755.0853ms)
✔ deduplication reports first occurrence and retains type-only aggregation (66.4013ms)
✔ structural queries include type-only dependents and terminate on cycles (132.5408ms)
✔ snapshot validator rejects incompatible, dangling, escaped and forged evidence (159.817ms)
✔ read policy excludes sensitive sources and common output directories (179.8187ms)
✔ outside config inheritance is reported and cannot yield approximate edges (79.5041ms)
✔ JSON dependency config inheritance remains static and inside the root (72.4244ms)
✔ symlink escapes are never selected, resolved or read as evidence (38.8533ms)
✔ resource and enumeration failures are explicit; large files are not partially parsed (237.3324ms)
✔ binary and declaration files have explicit coverage (27.1558ms)
✔ framework route evidence and withheld routes survive normalization (175.1347ms)
✔ local analysis never requests network or executes repository configuration/scripts (54.2194ms)
✔ retired GitHub ingestion and cloud adapters cannot accept local repository roots (8.1924ms)
✔ protected import graph and visualization cannot reach cloud/server capabilities (41.9836ms)
✔ existing parser and graph verification scripts work against fixture output (2655.6571ms)
✔ selection can use bounded reader without hidden process-current-directory reads (25.5105ms)
✔ fresh migrations explicitly authorize every audited legacy writer operation (7.241ms)
✔ legacy writer repair contains only scoped grants without altering reader or RLS security (2.075ms)
✔ desktop protocol rejects malformed versions, arbitrary commands, fields and query budgets (5.6437ms)
✔ sidecar analyzes a non-Git directory, reports stages, scopes queries and detects stale evidence offline (2225.574ms)
✔ sidecar refuses an unselected root and bounded framing rejects oversized or invalid input (7531.7106ms)
✔ cancel and crash can terminate a busy process and a fresh engine can retry (8138.4049ms)
✔ empty directory produces an honest empty snapshot and projection does not fabricate edges (22.4398ms)
✔ desktop capability/config prevents broad renderer native access and cloud frontend startup (4.0771ms)
✔ SQLite round trips canonical evidence, full diagnostics, registrations, settings and outcomes (751.6618ms)
✔ failed/cancelled refresh, ownership conflicts and failed publication preserve the last complete result (679.5153ms)
✔ schema upgrade failure rolls back and future versions/incomplete snapshots are retained and rejected (351.0228ms)
✔ missing roots and changed/deleted evidence remain historical; forgetting cascades local records only (443.1527ms)
✔ crashing during a SQLite publication rolls back and dead job owners recover as interrupted (894.5014ms)
✔ private process restart reopens SQLite offline without parsing, including an unavailable root (6552.9907ms)
✔ cancelling the actual persistent engine preserves its previous complete snapshot and records the owner outcome (3950.8087ms)
✔ storage protocol denies arbitrary filesystem/SQL/provider operations and injected roots (2.0194ms)
✔ native startup watchdog displays bounded recovery when hydration fails and clears after readiness (6.1946ms)
✔ pilot traces and impact have deterministic shortest verified witnesses across cycles and type-only edges (656.0142ms)
✔ depth and result budgets disclose exact omissions without truncating traversal truth (321.989ms)
✔ search and structural Ask disambiguate real paths and export names and withhold unsupported answers (242.5336ms)
✔ empty snapshots and stale source do not turn missing or historical evidence into current truth (261.2814ms)
✔ investigation boundaries reject hostile query fields, unknown intents and forged witness IPC results (307.0704ms)
✔ pilot measurement allowlists reject strings, repository payloads and invalid numbers at every storage boundary (1005.5975ms)
✔ offline private engine investigations survive SQLite restart and expose real witness references (2490.3746ms)
✔ pilot measurement transport has no repository or remote payload affordance (3.0374ms)
✔ explanation packages contain bounded verified metadata, hashes and gaps, never source or roots (243.4652ms)
✔ folder/investigation selection is explicit, bounded and cannot manufacture evidence (107.1071ms)
✔ local explanation cache separates approved provenance/model/prompt and cascades on forgetting (4825.2532ms)
✔ native-only provider transport preserves the restrictive renderer and local engine boundary (5.8585ms)
✔ provider choice survives the approval dialog and citations do not depend on provider wire JSON (2.8645ms)
✔ installed agents have bounded native adapters, no renderer CLI/root/key authority or structural writes (3.679ms)
✔ dense long-path evidence fits the unchanged budget without losing the selected file (168.6144ms)
✔ static calls resolve local/imported aliases, named reexports, defaults and JavaScript without type dependencies (1323.6854ms)
✔ shadowed, duplicated, mutable, skipped, missing and receiver bindings never become fabricated calls (1234.1698ms)
✔ existing Next and Nest route declarations bind uniquely; computed handlers remain explicit gaps (777.0832ms)
✔ same-line handlers retain exact binding ranges and duplicate methods/indirect reassignments remain withheld (631.4542ms)
✔ reference initializers retain lexical targets while receiver type guesses never establish method references/calls (659.6491ms)
✔ decorators, class initializers, getters and default parameters never become enclosing handler/body calls (563.6324ms)
✔ route bindings follow actual framework provenance and exact verb imports, including same-line decorators (540.7573ms)
✔ a shared virtual compiler namespace never manufactures implicit cross-file/package global calls (674.9045ms)
✔ bounded traces terminate on recursion, disclose limits and preserve canonical source witnesses and test candidates (350.8799ms)
✔ symbol validator rejects forged provenance/owners/targets and missing rich snapshots; SQLite retains old complete data until refresh (606.8268ms)
✔ optional richer explanations are bounded, metadata-only, cited through hash-checked files and exact-payload digest (256.8693ms)
✔ incremental syntax reuse equals every full snapshot fact after aliases/reexports/conditional call changes (3296.8455ms)
✔ add/delete/rename, syntax skips, config/package/global-framework changes safely rebuild and match full analysis (3014.528ms)
✔ protected observations reject concurrent writes, missing-target additions and directory changes (790.5278ms)
✔ a replaced selected root cannot be read through an existing authorized reader (125.6668ms)
✔ atomic scheduler rejects stale/cancelled generations and concurrent changes before publication (375.2842ms)
✔ actual Windows/platform watcher coalesces edits, handles rename/config/new directories, pauses/loss and full recovery (2900.6785ms)
✔ unknown/overflow/burst event hints force full analysis; repeated failure degrades without losing prior publication (827.1938ms)
✔ PID/session cancellation rejects later generation publication and cache digests preserve only matching evidence (662.4873ms)
✔ watch transport accepts only bounded authorized-session operations and metrics (1.6583ms)
✔ model-free ordering and stable score ties use depth then exact ID (7.8744ms)
✔ unknown/duplicate/missing candidates, nonfinite scores, extra fields and stale identities fall back (11.4597ms)
✔ timeouts, failures and cancellation abort adapter and do not leak exception text (19.2647ms)
✔ adapter inputs are immutable and output cannot change candidates/witnesses (1.7579ms)
✔ bounded ranking changes only inspection order, retains verified witnesses and unchanged impact (294.7467ms)
✔ budget/depth/cycles, disabled ranking and cancellation preserve bounded model-free behavior (96.0793ms)
✔ snapshot mutation during await is rejected instead of returning stale evidence (79.9317ms)
✔ repeatable replay, consent and secure local record deletion without telemetry or source (208.7927ms)
✔ incomplete/no-ground-truth judgments are null and MRR declares denominator (120.2137ms)
✔ denied egress still supports baseline and records visible failure fallback (135.5389ms)
✔ stored CLI summary separates held-out cases and includes failures rather than favorable-only MRR (2094.7187ms)
✔ analytic neural gradient matches finite differences for every parameter (13.8243ms)
✔ bundled artifact pin, finite shape, bounded vocabulary-free features and scores (8.0363ms)
✔ worker input excludes source, arbitrary paths, duplicate nodes and stale identity formats (2.1716ms)
✔ real isolated worker inference is offline, repeatable and terminable (254.4696ms)
✔ missing, corrupt, wrong pin and unqualified artifacts use deterministic fallback (28.1107ms)
✔ worker timeout and cancellation terminate inference and preserve deterministic ordering (480.6804ms)
✔ cold worker initialization timeout is failure, never cancellation, and retains deterministic candidates (10.1692ms)
✔ desktop ranking validates current snapshot and witnesses, keeps graph and Impact byte-identical (810.0771ms)
✔ desktop protocol rejects renderer artifact/runtime paths and excessive limits (5.5219ms)
✔ documented Windows fixture produces the declared bounded model/baseline witnesses (737.64ms)
✔ every renderer command is declared and narrowly authorized by the native manifest/capability (3.9899ms)
✔ seeded small training repeats exactly and held-out labels cannot enter fitting (92.3652ms)
ℹ tests 160
ℹ suites 0
ℹ pass 158
ℹ fail 2
ℹ cancelled 0
ℹ skipped 0
ℹ todo 0
ℹ duration_ms 21176.5378

✖ failing tests:

test at tests\framework-support\fs-01.test.ts:73:1
✖ F01-contract: fixture source/output hashes and semantic golden are executable (149.9936ms)
  AssertionError [ERR_ASSERTION]: The expression evaluated to a falsy value:
  
    assert(f.snapshot.analysis.capabilities.every(c => c.state === expected.legacyCapability))
  
      at TestContext.<anonymous> (file:///D:/Repositorios%20Github/cartograph/tests/framework-support/fs-01.test.ts:74:880)
      at Test.runInAsyncScope (node:async_hooks:227:14)
      at Test.run (node:internal/test_runner/test:1382:25)
      at Test.processPendingSubtests (node:internal/test_runner/test:960:18)
      at Test.postRun (node:internal/test_runner/test:1522:19)
      at Test.run (node:internal/test_runner/test:1447:12)
      at async Test.processPendingSubtests (node:internal/test_runner/test:960:7) {
    generatedMessage: true,
    code: 'ERR_ASSERTION',
    actual: false,
    expected: true,
    operator: '==',
    diff: 'simple'
  }

test at tests\framework-support\fs-02.test.ts:42:1
✖ F02-profile: one protected inventory, deterministic nested ownership and compatible composition (930.1501ms)
  AssertionError [ERR_ASSERTION]: The expression evaluated to a falsy value:
  
    assert(snapshot.analysis.capabilities.every(c => c.state === "partial"))
  
      at TestContext.<anonymous> (file:///D:/Repositorios%20Github/cartograph/tests/framework-support/fs-02.test.ts:59:5)
      at Test.runInAsyncScope (node:async_hooks:227:14)
      at Test.run (node:internal/test_runner/test:1382:25)
      at Test.start (node:internal/test_runner/test:1242:17)
      at startSubtestAfterBootstrap (node:internal/test_runner/harness:387:17) {
    generatedMessage: true,
    code: 'ERR_ASSERTION',
    actual: false,
    expected: true,
    operator: '==',
    diff: 'simple'
  }
