✔ F01-contract: v3 round trip, repeated analysis and incremental facts are deterministic (448.1115ms)
✔ F01-contract: the retained real v2 baseline round trips and requires explicit reanalysis (784.4018ms)
✔ F01-contract: import projection and exact Impact remain equivalent to legacy parsing (154.1604ms)
✔ F01-contract: fixture source/output hashes and semantic golden are executable (79.9182ms)
✔ F01-contract: supported HTTP, dispatch-dependent, page and navigation contracts remain separate (79.1331ms)
✔ F01-contract: multi-file registration/declaration/config witnesses open current original source (126.2127ms)
✔ F01-contract rejects duplicate registration (79.4937ms)
✔ F01-contract rejects dangling profile (74.212ms)
✔ F01-contract rejects unsupported variant (87.317ms)
✔ F01-contract rejects dangling target (69.7945ms)
✔ F01-contract rejects source ownership mismatch (78.6964ms)
✔ F01-contract rejects noncallable endpoint (66.4041ms)
✔ F01-contract rejects unknown enum (67.7387ms)
✔ F01-contract rejects fabricated position (71.9332ms)
✔ F01-contract rejects wrong evidence hash (72.9ms)
✔ F01-contract rejects missing declaration witness (63.8629ms)
✔ F01-contract rejects unknown method guessed GET (65.222ms)
✔ F01-contract rejects navigation carries HTTP method (70.2674ms)
✔ F01-contract rejects unsupported matcher without gap (79.2885ms)
✔ F01-contract rejects candidate promoted to import (71.067ms)
✔ F01-contract rejects candidate missing uncertainty (75.3129ms)
✔ F01-contract rejects candidate overflow hidden (81.3872ms)
✔ F01-contract rejects qualified without ledger (65.1304ms)
✔ F01-contract rejects forbidden config evidence (70.8929ms)
✔ F01-contract rejects forbidden sensitive directory witness (64.6188ms)
✔ F01-contract rejects source archive field (66.7072ms)
✔ F01-contract rejects user assumption disguised as verified (65.7743ms)
✔ F01-contract: only a matching complete positive/negative/Windows ledger can qualify (61.4361ms)
✔ F00-position: original Unicode/BOM/combining/CRLF byte and UTF-16 ranges agree (2.0657ms)
✔ F01-contract: request pins reject old/missing contracts before publication (61.3116ms)
✔ F01-contract: interrupted/failed v2 reanalysis retains payload; atomic v3 publication and future-version protection (492.276ms)
✔ F01-contract: uncertainty projection keeps unknown methods, unsupported matcher and user assumptions distinct (65.0842ms)
✔ F01-contract: diagnostics render uncertainty and actual evidence buttons check current/stale source (357.151ms)
✔ F02-profile: one protected inventory, deterministic nested ownership and compatible composition (654.3852ms)
✔ F02-profile: first-match legacy routes/roles remain stable while framework detection composes (68.8821ms)
✔ F02-profile: registration conflict, dependency cycle and missing prerequisites fail before facts (2.43ms)
✔ F02-profile: static literals, constants, objects, arrays, property access, concatenation and syntactic wrapper (4.6165ms)
✔ F02-profile: getter never manufactures configuration (2.0261ms)
✔ F02-profile: helper never manufactures configuration (1.2025ms)
✔ F02-profile: env never manufactures configuration (1.0082ms)
✔ F02-profile: computed never manufactures configuration (0.6515ms)
✔ F02-profile: spread never manufactures configuration (0.8753ms)
✔ F02-profile: cycle never manufactures configuration (0.9309ms)
✔ F02-profile: shadowed wrapper never manufactures configuration (0.7179ms)
✔ F02-profile: malformed never manufactures configuration (1.479ms)
✔ F02-profile: mutation never manufactures configuration (1.2333ms)
✔ F02-profile: initializer mutation never manufactures configuration (0.7731ms)
✔ F02-profile: prefix mutation never manufactures configuration (1.5521ms)
✔ F02-profile: delete mutation never manufactures configuration (1.0559ms)
✔ F02-profile: tag helper never manufactures configuration (1.6358ms)
✔ F02-profile: ambiguous wrapper never manufactures configuration (1.042ms)
✔ F02-profile: unknown environment branches retain conditions and never collapse into defaults (1.8286ms)
✔ F02-profile: executable config sentinel is read as text and never creates its file (55.2693ms)
✔ F02-profile: public metadata names do not open secrets, dependency code, generated source or arbitrary configs (43.9038ms)
✔ F02-profile: symlink/workspace junctions and escaped aliases are denied without target reads (45.683ms)
✔ F02-profile: explicit variants have independent keys/witnesses; platform/SSR/production semantics stay deferred (143.6819ms)
✔ F02-profile: every protected resolution is classified; duplicate workspace names stay ambiguous (116.384ms)
✔ F00-resource: node/depth/string/config-dependency/glob bounds and deterministic cycle diagnostics (575.4545ms)
✔ F00-resource: cancellation/deadline/read limits never publish partial generations (168.8806ms)
✔ F02-profile: configuration dependencies refresh/invalidate without changing graph or exact Impact (300.3755ms)
✔ F02-profile: public metadata evidence survives persistence, checks Unicode ranges and becomes stale (176.1461ms)
✔ F02-profile: malformed and unsupported metadata stays explicit; invalid byte encodings are not evidence (55.4137ms)
✔ F02-profile: fixture/oracle hashes and exact infrastructure tuple are mandatory (77.6193ms)
✔ F02-profile: Python environments are excluded and dependency families cannot create false framework detection (44.8364ms)
✔ F02-profile: wrong source hashes and cross-project/profile sources never resolve internally (32.7852ms)
✔ F02-profile: config uncertainty is scoped to its profile and cannot alter unrelated verified imports (51.4736ms)
✔ F00-resource: safe globs check cancellation inside adversarial matching and retain no truncated singleton (99.1006ms)
✔ F00-resource: cancellation between discovery and parsing preserves the current stored snapshot (23.369ms)
✔ F02-profile: inherited configuration cycles and missing metadata have typed capability gaps and source proof (45.6967ms)
✔ qualification vite7-react18/browser-development: pinned expanded module oracle and source witnesses (4048.1309ms)
ℹ {"tuple":"vite7-react18","profile":"browser-development","facts":51,"registrations":3,"candidates":0,"gaps":19,"forbiddenGuessedFacts":0}
✔ qualification vite7-react18/browser-production: pinned expanded module oracle and source witnesses (2840.7858ms)
ℹ {"tuple":"vite7-react18","profile":"browser-production","facts":51,"registrations":3,"candidates":0,"gaps":19,"forbiddenGuessedFacts":0}
✔ qualification vite8-react19/browser-development: pinned expanded module oracle and source witnesses (2646.9731ms)
ℹ {"tuple":"vite8-react19","profile":"browser-development","facts":51,"registrations":3,"candidates":0,"gaps":19,"forbiddenGuessedFacts":0}
✔ qualification vite8-react19/browser-production: pinned expanded module oracle and source witnesses (2573.4802ms)
ℹ {"tuple":"vite8-react19","profile":"browser-production","facts":51,"registrations":3,"candidates":0,"gaps":19,"forbiddenGuessedFacts":0}
✔ qualification vite8-react19/ssr-production: pinned expanded module oracle and source witnesses (2316.2703ms)
ℹ {"tuple":"vite8-react19","profile":"ssr-production","facts":47,"registrations":3,"candidates":0,"gaps":23,"forbiddenGuessedFacts":0}
✔ qualification: Vite 8 native TS paths browser-development agrees with controlled compiler (398.974ms)
✔ qualification: Vite 8 native TS paths browser-production agrees with controlled compiler (385.5305ms)
✔ qualification: Vite 8 native TS paths ssr-production agrees with controlled compiler (396.8194ms)
✔ qualification: pinned React plugins reject transforms, shadowing, mutation and version drift (1671.782ms)
✔ qualification: publicDir disable/custom and unsafe exports retain explicit boundaries (1200.9503ms)
✔ qualification: namespace components, context consumers, hook callbacks and class lifecycle are associations (2475.8813ms)
✔ qualification: imperative navigation requires one proved router, callbacks remain framework bindings (1252.5469ms)
✔ qualification: nested router and plugin syntax depth/size limits fail explicitly (2421.0182ms)
✔ qualification: active framework cancellation/deadline preserves persisted generation and recovers (1629.487ms)
✔ qualification: metadata and glob limits pass at ceiling and reject above without guessed facts (1065.5642ms)
✔ qualification: retained pinned matcher oracle maps to supported neutral registrations (301.2502ms)
✔ qualification: actual syntax below/at/above 100k nodes and generation fact ceiling (39208.4603ms)
✔ qualification: distributed routes reach 10k ceiling and overflow remains an explicit gap (52584.6314ms)
✔ qualification: state/reducer initialization and React 19 callbacks are version-qualified (554.4698ms)
✔ qualification: transparent component aliases preserve the complete event/call investigation (338.2969ms)
✔ vite7-react18: entries, composition, handlers, hooks and dependencies keep independent witnesses (1996.3589ms)
✔ vite8-react19: entries, composition, handlers, hooks and dependencies keep independent witnesses (1967.0432ms)
✔ F03: legacy import projection, exact Impact and type-only edges remain unchanged (325.6686ms)
✔ F03: glob exclusion/eager/lazy options and asset/worker facts never become calls (223.491ms)
✔ F03: computed config produces boundaries instead of guessed runtime edges (180.4127ms)
✔ F03: plugins config produces boundaries instead of guessed runtime edges (183.7362ms)
✔ F03: escape config produces boundaries instead of guessed runtime edges (192.7908ms)
✔ F03: unsupported callback props, inline effects and dynamic navigation stay explicit (370.4696ms)
✔ F03: nested route/loader/action bindings are navigation, never HTTP claims (202.6004ms)
✔ F03: incremental/full equivalence and changed HTML/config witnesses become stale (792.16ms)
✔ F03: contract rejects binary source masquerading and malformed resource bindings (262.2214ms)
✔ vite7-react18: retained controlled build oracle hashes and named runtime module parity (272.7667ms)
✔ vite8-react19: retained controlled build oracle hashes and named runtime module parity (260.7673ms)
✔ F03: original UTF-16/BOM/CRLF/Unicode witnesses and explicit browser/SSR variants (1031.8848ms)
✔ F03: literal aliases preserve runtime/type distinctions and divergent calls stay outside framework traces (288.5931ms)
✔ F03: Vite 8 opt-in TS paths resolve separately; Vite 7 never assumes the plugin (529.5202ms)
✔ F03: JavaScript/class/memo/forwardRef aliases and inline callbacks retain lexical ownership (251.256ms)
✔ F03: named barrel aliases retain intermediate witnesses and stale barrel changes are detected (218.7548ms)
✔ F03: developer proxy facts never establish a production origin; rewrites remain exact or unknown (249.1724ms)
✔ F03: HTML comments/raw text/templates/duplicate attributes never create guessed entries (0.597ms)
✔ F03: configuration execution/egress, escaped aliases and symlinks remain denied (451.6808ms)
✔ F03: aliased React implementation and reassigned exported handlers cannot create framework facts (332.4548ms)
✔ F03: retained accepted FS-02 v3 payload remains byte/canonical compatible (1154.0074ms)
✔ F03: adapter fact budget is generation-local and cancellation never returns a partial snapshot (293.6345ms)
✔ F03: React DOM version mismatch and shadowed classic JSX factory withhold roots (369.8972ms)
✔ F03: custom proxy request hooks and worker queries on assets remain boundaries (211.7114ms)
✔ F03: production HTML entry selection never guesses custom build inputs (495.1005ms)
✔ F03: aliased React DOM subpath cannot be mistaken for the qualified platform root API (176.0109ms)
✔ F03: above-limit syntax and glob sets emit resource gaps without truncated framework facts (20466.3051ms)
✔ F03: invalid UTF-8 preserves legacy decoding but explicitly excludes new framework facts (303.2344ms)
✔ F04 pinned route and rewrite matcher parity (6.6627ms)
✔ F04 next15/node-development: routes, actions, witnesses and incremental roundtrip (4488.5392ms)
✔ F04 next15/node-production: routes, actions, witnesses and incremental roundtrip (3170.3972ms)
✔ F04 next15/browser: routes, actions, witnesses and incremental roundtrip (2782.3217ms)
✔ F04 next16-preservation/node-development: routes, actions, witnesses and incremental roundtrip (2848.9196ms)
✔ F04 next16-preservation/node-production: routes, actions, witnesses and incremental roundtrip (2912.2699ms)
✔ F04 next16-preservation/browser: routes, actions, witnesses and incremental roundtrip (2659.9496ms)
✔ F04 next16-patch/node-development: routes, actions, witnesses and incremental roundtrip (2846.8756ms)
✔ F04 next16-patch/node-production: routes, actions, witnesses and incremental roundtrip (2957.7893ms)
✔ F04 next16-patch/browser: routes, actions, witnesses and incremental roundtrip (2792.1621ms)
✔ F04 node22/node-development: native resolution oracle and registration parity (131.0312ms)
✔ F04 node22/node-production: native resolution oracle and registration parity (83.7439ms)
✔ F04 node24/node-development: native resolution oracle and registration parity (81.8037ms)
✔ F04 node24/node-production: native resolution oracle and registration parity (83.5677ms)
✔ F04 pages dispatch, config order/conditions and version-specific proxy declarations (228.4948ms)
✔ F04 inline actions, ambiguous props and version drift stay evidence-bound (619.2216ms)
✔ F04 Node runtime: ESM exact extension, require search, package conditions and builtins remain separate from TS aliases (62.2631ms)
✔ F04 unknown Next version and dynamic configuration cannot qualify new routes (377.0857ms)
✔ F04 Node registrations and unique CommonJS exports reject mutated receivers/exports (47.2079ms)
✔ F04 mutated request dispatch and unresolved explicit HEAD cannot become framework-derived methods (196.2824ms)
✔ F04 native Node ignores tsconfig paths while Next uses a protected one-target path (211.1016ms)
✔ F04 literal interception records soft navigation context; literal Link has unique route evidence (188.51ms)
✔ F04 custom pageExtensions, source ownership, lifecycle exports and imperative navigation (233.8919ms)
✔ F04 config is never executed and nonerasable native TS remains unresolved (91.2289ms)
✔ F04 original BOM/CRLF/Unicode witnesses and action alias retain exact ranges (2744.4393ms)
✔ F04 derived methods have distinct occurrences and endpoint aliases trace to a service (364.4237ms)
✔ F04 active cancellation/deadline inside Node/Next preserves stored generation and recovers (831.3398ms)
✔ F04 shared snapshot rejects noncallable action targets (190.5782ms)
✔ F04 Middleware runtime and mutable Link stay explicit boundaries (224.7301ms)
✔ F04 convention entries, Pages switch dispatch, re-exports and marker/lifecycle operations (390.6954ms)
✔ F04 CJS re-export, duplicate global aliases and conditional assignment boundaries (113.3418ms)
✔ F04 native TS erasure oracle and type-only runtime exclusion (116.3596ms)
✔ F04 native profiles cannot qualify JSX or typed JavaScript accepted by a bundler parser (155.7414ms)
ℹ tests 152
ℹ suites 0
ℹ pass 152
ℹ fail 0
ℹ cancelled 0
ℹ skipped 0
ℹ todo 0
ℹ duration_ms 156160.8471
