✔ F02-profile: one protected inventory, deterministic nested ownership and compatible composition (624.6086ms)
✔ F02-profile: first-match legacy routes/roles remain stable while framework detection composes (66.1904ms)
✔ F02-profile: registration conflict, dependency cycle and missing prerequisites fail before facts (1.7034ms)
✔ F02-profile: static literals, constants, objects, arrays, property access, concatenation and syntactic wrapper (5.4761ms)
✔ F02-profile: getter never manufactures configuration (2.6892ms)
✔ F02-profile: helper never manufactures configuration (1.0095ms)
✔ F02-profile: env never manufactures configuration (1.0656ms)
✔ F02-profile: computed never manufactures configuration (0.8712ms)
✔ F02-profile: spread never manufactures configuration (1.0482ms)
✔ F02-profile: cycle never manufactures configuration (1.1028ms)
✔ F02-profile: shadowed wrapper never manufactures configuration (0.6934ms)
✔ F02-profile: malformed never manufactures configuration (1.2924ms)
✔ F02-profile: mutation never manufactures configuration (1.1113ms)
✔ F02-profile: initializer mutation never manufactures configuration (0.5615ms)
✔ F02-profile: prefix mutation never manufactures configuration (1.7607ms)
✔ F02-profile: delete mutation never manufactures configuration (1.0794ms)
✔ F02-profile: tag helper never manufactures configuration (1.3377ms)
✔ F02-profile: ambiguous wrapper never manufactures configuration (0.7498ms)
✔ F02-profile: unknown environment branches retain conditions and never collapse into defaults (1.3927ms)
✔ F02-profile: executable config sentinel is read as text and never creates its file (37.8965ms)
✔ F02-profile: public metadata names do not open secrets, dependency code, generated source or arbitrary configs (35.3622ms)
✔ F02-profile: symlink/workspace junctions and escaped aliases are denied without target reads (30.8724ms)
✔ F02-profile: explicit variants have independent keys/witnesses; platform/SSR/production semantics stay deferred (113.0655ms)
✔ F02-profile: every protected resolution is classified; duplicate workspace names stay ambiguous (90.4656ms)
✔ F00-resource: node/depth/string/config-dependency/glob bounds and deterministic cycle diagnostics (571.0927ms)
✔ F00-resource: cancellation/deadline/read limits never publish partial generations (187.6665ms)
✔ F02-profile: configuration dependencies refresh/invalidate without changing graph or exact Impact (310.6378ms)
✔ F02-profile: public metadata evidence survives persistence, checks Unicode ranges and becomes stale (178.7636ms)
✔ F02-profile: malformed and unsupported metadata stays explicit; invalid byte encodings are not evidence (65.3972ms)
✔ F02-profile: fixture/oracle hashes and exact infrastructure tuple are mandatory (163.6445ms)
✔ F02-profile: Python environments are excluded and dependency families cannot create false framework detection (50.5636ms)
✔ F02-profile: wrong source hashes and cross-project/profile sources never resolve internally (41.7682ms)
✔ F02-profile: config uncertainty is scoped to its profile and cannot alter unrelated verified imports (60.0299ms)
✔ F00-resource: safe globs check cancellation inside adversarial matching and retain no truncated singleton (143.4416ms)
✔ F00-resource: cancellation between discovery and parsing preserves the current stored snapshot (29.7911ms)
✔ F02-profile: inherited configuration cycles and missing metadata have typed capability gaps and source proof (73.7189ms)
✔ FS05 original bytes, BOM, CRLF and Unicode ranges (8.7844ms)
✔ FS05 Windows contained parser accepts controlled syntax without executing it (1109.6106ms)
✔ FS05 unsupported encodings fail closed without replacement (2.0616ms)
✔ FS05 Python composes with TS/JS through shared v3 snapshots (711.4479ms)
✔ FS05 decorators, reassignment, attributes and dynamic binding never guess calls (596.6639ms)
✔ FS05 cancellation refuses worker work and supports a fresh session (695.504ms)
✔ FS05 controlled semantic fixture verifies exact calls and forbidden guesses (847.5695ms)
✔ FS05 namespace/src roots, re-exports and shadowed import sites remain distinct (2262.3593ms)
✔ FS05 protected exclusions and failed parser retain TS/JS (55.813ms)
✔ FS05 async refresh preserves previous publication after failure or pause (19.8669ms)
✔ FS05 active cancellation releases the single-worker lease and source byte limits recover (1872.2383ms)
✔ FS05 a paused asynchronous generation cannot publish late (17.7037ms)
✔ FS05 Python import exclusions, stubs, external packages and root escapes stay separate (499.5774ms)
✔ FS05 neutral output rejects AST leakage, wrong hashes and fact/node budget overflow (87.4783ms)
✔ FS05 reopened Python generation is retained when parser startup fails (451.4212ms)
✔ FS05 Python edits are watched through the shared protected refresh scheduler (1044.7345ms)
ℹ tests 52
ℹ suites 0
ℹ pass 52
ℹ fail 0
ℹ cancelled 0
ℹ skipped 0
ℹ todo 0
ℹ duration_ms 12015.6881
