node:internal/child_process:1160
    result.error = new ErrnoException(result.error, 'spawnSync ' + options.file);
                   ^

<ref *1> Error: spawnSync git EPERM
    at Object.spawnSync (node:internal/child_process:1160:20)
    at spawnSync (node:child_process:928:24)
    at execFileSync (node:child_process:971:15)
    at file:///D:/Repositorios%20Github/cartograph/scripts/fs-05-audit.ts:7:15
    at ModuleJob.run (node:internal/modules/esm/module_job:439:25)
    at async node:internal/modules/esm/loader:643:26
    at async asyncRunEntryPointWithESMLoader (node:internal/modules/run_main:101:5) {
  errno: -4048,
  code: 'EPERM',
  syscall: 'spawnSync git',
  path: 'git',
  spawnargs: [ 'ls-files', '--cached', '--others', '--exclude-standard', '-z' ],
  error: [Circular *1],
  status: null,
  signal: null,
  output: null,
  pid: 0,
  stdout: undefined,
  stderr: undefined
}

Node.js v24.19.0
