✔ F01-contract: v3 round trip, repeated analysis and incremental facts are deterministic (760.8173ms)
✔ F01-contract: the retained real v2 baseline round trips and requires explicit reanalysis (1277.7322ms)
✔ F01-contract: import projection and exact Impact remain equivalent to legacy parsing (293.0809ms)
✔ F01-contract: fixture source/output hashes and semantic golden are executable (187.0144ms)
✔ F01-contract: supported HTTP, dispatch-dependent, page and navigation contracts remain separate (166.2874ms)
✔ F01-contract: multi-file registration/declaration/config witnesses open current original source (263.4648ms)
✔ F01-contract rejects duplicate registration (306.5517ms)
✔ F01-contract rejects dangling profile (168.6161ms)
✔ F01-contract rejects unsupported variant (167.3159ms)
✔ F01-contract rejects dangling target (150.9817ms)
✔ F01-contract rejects source ownership mismatch (128.3629ms)
✔ F01-contract rejects noncallable endpoint (106.6985ms)
✔ F01-contract rejects unknown enum (128.8115ms)
✔ F01-contract rejects fabricated position (154.9078ms)
✔ F01-contract rejects wrong evidence hash (147.7811ms)
✔ F01-contract rejects missing declaration witness (156.9299ms)
✔ F01-contract rejects unknown method guessed GET (122.9756ms)
✔ F01-contract rejects navigation carries HTTP method (102.4673ms)
✔ F01-contract rejects unsupported matcher without gap (135.0508ms)
✔ F01-contract rejects candidate promoted to import (129.8282ms)
✔ F01-contract rejects candidate missing uncertainty (99.5539ms)
✔ F01-contract rejects candidate overflow hidden (175.7093ms)
✔ F01-contract rejects qualified without ledger (110.1721ms)
✔ F01-contract rejects forbidden config evidence (134.6835ms)
✔ F01-contract rejects forbidden sensitive directory witness (204.9772ms)
✔ F01-contract rejects source archive field (169.2246ms)
✔ F01-contract rejects user assumption disguised as verified (152.8753ms)
✔ F01-contract: only a matching complete positive/negative/Windows ledger can qualify (117.8036ms)
✔ F00-position: original Unicode/BOM/combining/CRLF byte and UTF-16 ranges agree (3.4619ms)
✔ F01-contract: request pins reject old/missing contracts before publication (140.5386ms)
✔ F01-contract: interrupted/failed v2 reanalysis retains payload; atomic v3 publication and future-version protection (725.2089ms)
✔ F01-contract: uncertainty projection keeps unknown methods, unsupported matcher and user assumptions distinct (143.2318ms)
✔ F01-contract: diagnostics render uncertainty and actual evidence buttons check current/stale source (755.1399ms)
✔ F02-profile: one protected inventory, deterministic nested ownership and compatible composition (1200.8164ms)
✔ F02-profile: first-match legacy routes/roles remain stable while framework detection composes (129.3251ms)
✔ F02-profile: registration conflict, dependency cycle and missing prerequisites fail before facts (2.5124ms)
✔ F02-profile: static literals, constants, objects, arrays, property access, concatenation and syntactic wrapper (6.8162ms)
✔ F02-profile: getter never manufactures configuration (4.6079ms)
✔ F02-profile: helper never manufactures configuration (2.0312ms)
✔ F02-profile: env never manufactures configuration (1.5105ms)
✔ F02-profile: computed never manufactures configuration (2.3123ms)
✔ F02-profile: spread never manufactures configuration (3.0432ms)
✔ F02-profile: cycle never manufactures configuration (1.5108ms)
✔ F02-profile: shadowed wrapper never manufactures configuration (1.1721ms)
✔ F02-profile: malformed never manufactures configuration (2.6714ms)
✔ F02-profile: mutation never manufactures configuration (2.4525ms)
✔ F02-profile: initializer mutation never manufactures configuration (0.7572ms)
✔ F02-profile: prefix mutation never manufactures configuration (4.2113ms)
✔ F02-profile: delete mutation never manufactures configuration (1.6101ms)
✔ F02-profile: tag helper never manufactures configuration (4.0813ms)
✔ F02-profile: ambiguous wrapper never manufactures configuration (1.1373ms)
✔ F02-profile: unknown environment branches retain conditions and never collapse into defaults (2.7676ms)
✔ F02-profile: executable config sentinel is read as text and never creates its file (97.0969ms)
✔ F02-profile: public metadata names do not open secrets, dependency code, generated source or arbitrary configs (102.4255ms)
✔ F02-profile: symlink/workspace junctions and escaped aliases are denied without target reads (80.798ms)
✔ F02-profile: explicit variants have independent keys/witnesses; platform/SSR/production semantics stay deferred (345.5912ms)
✔ F02-profile: every protected resolution is classified; duplicate workspace names stay ambiguous (222.0432ms)
✔ F00-resource: node/depth/string/config-dependency/glob bounds and deterministic cycle diagnostics (1133.0302ms)
✔ F00-resource: cancellation/deadline/read limits never publish partial generations (260.3953ms)
✔ F02-profile: configuration dependencies refresh/invalidate without changing graph or exact Impact (647.3824ms)
✔ F02-profile: public metadata evidence survives persistence, checks Unicode ranges and becomes stale (288.5941ms)
✔ F02-profile: malformed and unsupported metadata stays explicit; invalid byte encodings are not evidence (105.8622ms)
✔ F02-profile: fixture/oracle hashes and exact infrastructure tuple are mandatory (94.1645ms)
✔ F02-profile: Python environments are excluded and dependency families cannot create false framework detection (80.4217ms)
✔ F02-profile: wrong source hashes and cross-project/profile sources never resolve internally (78.9871ms)
✔ F02-profile: config uncertainty is scoped to its profile and cannot alter unrelated verified imports (123.2449ms)
✔ F00-resource: safe globs check cancellation inside adversarial matching and retain no truncated singleton (210.545ms)
✔ F00-resource: cancellation between discovery and parsing preserves the current stored snapshot (63.8871ms)
✔ F02-profile: inherited configuration cycles and missing metadata have typed capability gaps and source proof (166.7733ms)
✔ qualification vite7-react18/browser-development: pinned expanded module oracle and source witnesses (9765.2243ms)
ℹ {"tuple":"vite7-react18","profile":"browser-development","facts":51,"registrations":3,"candidates":0,"gaps":19,"forbiddenGuessedFacts":0}
✔ qualification vite7-react18/browser-production: pinned expanded module oracle and source witnesses (7144.3691ms)
ℹ {"tuple":"vite7-react18","profile":"browser-production","facts":51,"registrations":3,"candidates":0,"gaps":19,"forbiddenGuessedFacts":0}
✔ qualification vite8-react19/browser-development: pinned expanded module oracle and source witnesses (6813.161ms)
ℹ {"tuple":"vite8-react19","profile":"browser-development","facts":51,"registrations":3,"candidates":0,"gaps":19,"forbiddenGuessedFacts":0}
✔ qualification vite8-react19/browser-production: pinned expanded module oracle and source witnesses (8555.1451ms)
ℹ {"tuple":"vite8-react19","profile":"browser-production","facts":51,"registrations":3,"candidates":0,"gaps":19,"forbiddenGuessedFacts":0}
✔ qualification vite8-react19/ssr-production: pinned expanded module oracle and source witnesses (5314.2377ms)
ℹ {"tuple":"vite8-react19","profile":"ssr-production","facts":47,"registrations":3,"candidates":0,"gaps":23,"forbiddenGuessedFacts":0}
✔ qualification: Vite 8 native TS paths browser-development agrees with controlled compiler (860.3042ms)
✔ qualification: Vite 8 native TS paths browser-production agrees with controlled compiler (934.3595ms)
✔ qualification: Vite 8 native TS paths ssr-production agrees with controlled compiler (672.5684ms)
✔ qualification: pinned React plugins reject transforms, shadowing, mutation and version drift (4497.9489ms)
✔ qualification: publicDir disable/custom and unsafe exports retain explicit boundaries (2930.7973ms)
✔ qualification: namespace components, context consumers, hook callbacks and class lifecycle are associations (5076.451ms)
✔ qualification: imperative navigation requires one proved router, callbacks remain framework bindings (3147.4999ms)
✔ qualification: nested router and plugin syntax depth/size limits fail explicitly (4915.6352ms)
✔ qualification: active framework cancellation/deadline preserves persisted generation and recovers (3755.7686ms)
✔ qualification: metadata and glob limits pass at ceiling and reject above without guessed facts (2588.2063ms)
✔ qualification: retained pinned matcher oracle maps to supported neutral registrations (730.0668ms)
✔ qualification: actual syntax below/at/above 100k nodes and generation fact ceiling (84849.1287ms)
✔ qualification: distributed routes reach 10k ceiling and overflow remains an explicit gap (161726.7259ms)
✔ qualification: state/reducer initialization and React 19 callbacks are version-qualified (1485.4944ms)
✔ qualification: transparent component aliases preserve the complete event/call investigation (877.8093ms)
✔ vite7-react18: entries, composition, handlers, hooks and dependencies keep independent witnesses (4994.0888ms)
✔ vite8-react19: entries, composition, handlers, hooks and dependencies keep independent witnesses (5114.8931ms)
✔ F03: legacy import projection, exact Impact and type-only edges remain unchanged (843.4161ms)
✔ F03: glob exclusion/eager/lazy options and asset/worker facts never become calls (552.7608ms)
✔ F03: computed config produces boundaries instead of guessed runtime edges (512.8281ms)
✔ F03: plugins config produces boundaries instead of guessed runtime edges (475.0139ms)
✔ F03: escape config produces boundaries instead of guessed runtime edges (536.5405ms)
✔ F03: unsupported callback props, inline effects and dynamic navigation stay explicit (952.0008ms)
✔ F03: nested route/loader/action bindings are navigation, never HTTP claims (526.723ms)
✔ F03: incremental/full equivalence and changed HTML/config witnesses become stale (2283.4162ms)
✔ F03: contract rejects binary source masquerading and malformed resource bindings (649.5489ms)
✔ vite7-react18: retained controlled build oracle hashes and named runtime module parity (566.885ms)
✔ vite8-react19: retained controlled build oracle hashes and named runtime module parity (640.5358ms)
✔ F03: original UTF-16/BOM/CRLF/Unicode witnesses and explicit browser/SSR variants (2485.3155ms)
✔ F03: literal aliases preserve runtime/type distinctions and divergent calls stay outside framework traces (690.8932ms)
✔ F03: Vite 8 opt-in TS paths resolve separately; Vite 7 never assumes the plugin (1360.1557ms)
✔ F03: JavaScript/class/memo/forwardRef aliases and inline callbacks retain lexical ownership (571.1224ms)
✔ F03: named barrel aliases retain intermediate witnesses and stale barrel changes are detected (447.3138ms)
✔ F03: developer proxy facts never establish a production origin; rewrites remain exact or unknown (551.6215ms)
✔ F03: HTML comments/raw text/templates/duplicate attributes never create guessed entries (1.7207ms)
✔ F03: configuration execution/egress, escaped aliases and symlinks remain denied (1110.9664ms)
✔ F03: aliased React implementation and reassigned exported handlers cannot create framework facts (708.83ms)
✔ F03: retained accepted FS-02 v3 payload remains byte/canonical compatible (2018.0702ms)
✔ F03: adapter fact budget is generation-local and cancellation never returns a partial snapshot (495.2411ms)
✔ F03: React DOM version mismatch and shadowed classic JSX factory withhold roots (980.0877ms)
✔ F03: custom proxy request hooks and worker queries on assets remain boundaries (438.6542ms)
✔ F03: production HTML entry selection never guesses custom build inputs (1116.7514ms)
✔ F03: aliased React DOM subpath cannot be mistaken for the qualified platform root API (447.9327ms)
✔ F03: above-limit syntax and glob sets emit resource gaps without truncated framework facts (45764.9945ms)
✔ F03: invalid UTF-8 preserves legacy decoding but explicitly excludes new framework facts (544.3333ms)
✔ F04 pinned route and rewrite matcher parity (23.4657ms)
✔ F04 next15/node-development: routes, actions, witnesses and incremental roundtrip (9306.5659ms)
✔ F04 next15/node-production: routes, actions, witnesses and incremental roundtrip (7733.7103ms)
✔ F04 next15/browser: routes, actions, witnesses and incremental roundtrip (6856.5956ms)
✔ F04 next16-preservation/node-development: routes, actions, witnesses and incremental roundtrip (7863.418ms)
✔ F04 next16-preservation/node-production: routes, actions, witnesses and incremental roundtrip (8736.6785ms)
✔ F04 next16-preservation/browser: routes, actions, witnesses and incremental roundtrip (7157.8839ms)
✔ F04 next16-patch/node-development: routes, actions, witnesses and incremental roundtrip (7730.5685ms)
✔ F04 next16-patch/node-production: routes, actions, witnesses and incremental roundtrip (8479.9151ms)
✔ F04 next16-patch/browser: routes, actions, witnesses and incremental roundtrip (7068.799ms)
✔ F04 node22/node-development: native resolution oracle and registration parity (363.5874ms)
✔ F04 node22/node-production: native resolution oracle and registration parity (243.3543ms)
✔ F04 node24/node-development: native resolution oracle and registration parity (231.4805ms)
✔ F04 node24/node-production: native resolution oracle and registration parity (218.7996ms)
✔ F04 pages dispatch, config order/conditions and version-specific proxy declarations (595.6676ms)
✔ F04 inline actions, ambiguous props and version drift stay evidence-bound (1860.7412ms)
✔ F04 Node runtime: ESM exact extension, require search, package conditions and builtins remain separate from TS aliases (191.3821ms)
✔ F04 unknown Next version and dynamic configuration cannot qualify new routes (1120.1748ms)
✔ F04 Node registrations and unique CommonJS exports reject mutated receivers/exports (153.4807ms)
✔ F04 mutated request dispatch and unresolved explicit HEAD cannot become framework-derived methods (535.1521ms)
✔ F04 native Node ignores tsconfig paths while Next uses a protected one-target path (528.1439ms)
✔ F04 literal interception records soft navigation context; literal Link has unique route evidence (750.0775ms)
✔ F04 custom pageExtensions, source ownership, lifecycle exports and imperative navigation (611.7337ms)
✔ F04 config is never executed and nonerasable native TS remains unresolved (260.0179ms)
✔ F04 original BOM/CRLF/Unicode witnesses and action alias retain exact ranges (7209.9801ms)
✔ F04 derived methods have distinct occurrences and endpoint aliases trace to a service (751.0518ms)
✔ F04 active cancellation/deadline inside Node/Next preserves stored generation and recovers (1735.9944ms)
✔ F04 shared snapshot rejects noncallable action targets (522.0935ms)
✔ F04 Middleware runtime and mutable Link stay explicit boundaries (558.6291ms)
✔ F04 convention entries, Pages switch dispatch, re-exports and marker/lifecycle operations (990.53ms)
✔ F04 CJS re-export, duplicate global aliases and conditional assignment boundaries (259.8201ms)
✔ F04 native TS erasure oracle and type-only runtime exclusion (195.4617ms)
✔ F04 native profiles cannot qualify JSX or typed JavaScript accepted by a bundler parser (454.5529ms)
✔ FS05 original bytes, BOM, CRLF and Unicode ranges (7.0865ms)
✔ FS05 Windows contained parser accepts controlled syntax without executing it (899.1421ms)
✔ FS05 unsupported encodings fail closed without replacement (3.6247ms)
✔ FS05 Python composes with TS/JS through shared v3 snapshots (1666.1562ms)
✔ FS05 decorators, reassignment, attributes and dynamic binding never guess calls (1106.3669ms)
✔ FS05 cancellation refuses worker work and supports a fresh session (939.2955ms)
✔ FS05 controlled semantic fixture verifies exact calls and forbidden guesses (1259.9431ms)
✔ FS05 namespace/src roots, re-exports and shadowed import sites remain distinct (4451.652ms)
✔ FS05 protected exclusions and failed parser retain TS/JS (142.5233ms)
✔ FS05 async refresh preserves previous publication after failure or pause (50.3601ms)
✔ FS05 active cancellation releases the single-worker lease and source byte limits recover (2848.6789ms)
✔ FS05 a paused asynchronous generation cannot publish late (40.1156ms)
✔ FS05 Python import exclusions, stubs, external packages and root escapes stay separate (963.795ms)
✔ FS05 neutral output rejects AST leakage, wrong hashes and fact/node budget overflow (165.1916ms)
✔ FS05 reopened Python generation is retained when parser startup fails (1072.4468ms)
✔ FS05 Python edits are watched through the shared protected refresh scheduler (2072.4778ms)
✔ FS05 package/submodule attribute collisions cannot prove a callable export (979.8093ms)
✔ FS05 cancellation cannot bypass retained neutral syntax reuse (1729.3715ms)
✔ FS05 built-in and frozen imports cannot resolve to shadowing project files (876.1202ms)
✔ FS06 real Windows watch publishes complete settings and template edits and pause retains prior publication (37902.9189ms)
✔ FS06 literal routing keeps order, namespaces, distinct registrations and framework calls separate (2083.1877ms)
✔ FS06 source sentinels are never executed and similarly named APIs cannot register URLs (1860.309ms)
✔ FS06 repeated mounts at identical prefixes retain source-backed distinct IDs (1818.0045ms)
✔ FS06 django52 local C3 mixin override and custom dispatch boundary (1891.094ms)
✔ FS06 django52 DRF api_view methods preserve external OPTIONS (1790.2124ms)
✔ FS06 django52 path-mode SimpleRouter list/detail/custom action declarations (1883.3614ms)
✔ FS06 django52 DefaultRouter path-mode suffix declarations preserve unsupported matchers and external root (1829.8138ms)
✔ FS06 django52 manager and QuerySet declarations never establish custom runtime dispatch (1973.9551ms)
✔ FS06 django52 all pinned APIView and generic CBV classes retain method-specific external boundaries (1886.3963ms)
✔ FS06 django60 local C3 mixin override and custom dispatch boundary (2016.3195ms)
✔ FS06 django60 DRF api_view methods preserve external OPTIONS (1971.9684ms)
✔ FS06 django60 path-mode SimpleRouter list/detail/custom action declarations (1771.825ms)
✔ FS06 django60 DefaultRouter path-mode suffix declarations preserve unsupported matchers and external root (1620.627ms)
✔ FS06 django60 manager and QuerySet declarations never establish custom runtime dispatch (1566.1634ms)
✔ FS06 django60 all pinned APIView and generic CBV classes retain method-specific external boundaries (1724.9324ms)
✔ FS06 templates preserve literal lookup and named URL witnesses without executing render (1708.6186ms)
✔ FS06 models, ORM intent, signals and admin remain declared framework relationships (1713.3378ms)
✔ FS06 explicit settings variant follows bounded named literal inheritance and missing selection stays unresolved (3146.1796ms)
✔ FS06 wildcard and computed inherited settings never become verified routes (1601.0757ms)
✔ FS06 repeated mounted CBV bindings retain each registration source (1715.2683ms)
✔ FS06 exact oracle tuples and shared metadata are required, with no qualification badge from syntax alone (1590.4555ms)
✔ FS06 unsupported regex/converters, stacked decorators and dynamic templates retain typed uncertainty (1788.8811ms)
✔ FS06 middleware hooks, app-ready and command ownership are conditional declarations (1683.2258ms)
✔ FS06 custom template engine and traversal names are withheld behind protected read boundaries (1534.9213ms)
✔ FS06 explicit installed app association preserves FS02 owners and excludes independent child packages (3103.8662ms)
✔ FS06 opaque class/method decorators cannot prove models or router dispatch (1516.3373ms)
✔ FS06 template keyword names and explicit engine overrides preserve uncertainty (1595.7086ms)
✔ FS06 local Django namespace shadowing cannot create verified framework registrations (1499.8114ms)
✔ FS06 mutated or escaped router instances cannot create verified endpoints (2877.9723ms)
✔ FS06 multiple explicit settings profiles retain separate variants and mutation never chooses a root (4988.8093ms)
✔ FS06 standard converters and slash metadata stay literal while regex and custom converters retain gaps (2583.682ms)
✔ FS06 async FBV and qualified HTTP decorator preserve downstream calls without framework-call promotion (2271.5838ms)
✔ FS06 duplicate signal registrations retain occurrences without implying signal emission (2017.6893ms)
✔ FS06 edited settings and template bytes refresh source evidence and remain full/incremental equivalent (5700.4592ms)
✔ FS06 mutable settings containers cannot prove installed-app or middleware registration (1934.7279ms)
✔ FS06 qualification django52 routers (29646.7174ms)
✔ FS06 qualification django52 formats (87523.8323ms)
✔ FS06 qualification django52 includes (17140.2155ms)
✔ FS06 qualification django52 decorators (32450.4957ms)
✔ FS06 qualification django52 converters (10634.0414ms)
✔ FS06 qualification django52 dynamic routes and decorators (15275.4973ms)
✔ FS06 qualification django52 models and serializers (31965.8791ms)
✔ FS06 qualification django52 signals boundaries (10503.9545ms)
✖ FS06 qualification django52 templates boundaries and positions (24417.1462ms)
✔ FS06 qualification django60 routers (39991.4425ms)
✔ FS06 qualification django60 formats (48485.7347ms)
✔ FS06 qualification django60 includes (7995.8613ms)
✔ FS06 qualification django60 decorators (17736.4525ms)
✔ FS06 qualification django60 converters (7241.1402ms)
✔ FS06 qualification django60 dynamic routes and decorators (12546.6962ms)
✔ FS06 qualification django60 models and serializers (26034.846ms)
✔ FS06 qualification django60 signals boundaries (10510.6251ms)
✖ FS06 qualification django60 templates boundaries and positions (25494.7416ms)
✔ local adapter preserves exact dependency evidence, diagnostics and round trips (1609.4717ms)
✔ deduplication reports first occurrence and retains type-only aggregation (113.136ms)
✔ structural queries include type-only dependents and terminate on cycles (327.0794ms)
✔ snapshot validator rejects incompatible, dangling, escaped and forged evidence (883.5046ms)
✔ read policy excludes sensitive sources and common output directories (785.3481ms)
✔ outside config inheritance is reported and cannot yield approximate edges (250.8692ms)
✔ JSON dependency config inheritance remains static and inside the root (482.8953ms)
✔ symlink escapes are never selected, resolved or read as evidence (225.4389ms)
✔ resource and enumeration failures are explicit; large files are not partially parsed (869.2248ms)
✔ binary and declaration files have explicit coverage (430.5503ms)
✔ framework route evidence and withheld routes survive normalization (418.6352ms)
✔ local analysis never requests network or executes repository configuration/scripts (172.0009ms)
✔ retired GitHub ingestion and cloud adapters cannot accept local repository roots (69.3494ms)
✔ protected import graph and visualization cannot reach cloud/server capabilities (134.1163ms)
✔ existing parser and graph verification scripts work against fixture output (7215.8314ms)
✔ selection can use bounded reader without hidden process-current-directory reads (246.006ms)
✔ fresh migrations explicitly authorize every audited legacy writer operation (101.8016ms)
✔ legacy writer repair contains only scoped grants without altering reader or RLS security (2.4655ms)
✔ desktop protocol rejects malformed versions, arbitrary commands, fields and query budgets (6.1572ms)
✔ sidecar analyzes a non-Git directory, reports stages, scopes queries and detects stale evidence offline (4918.9991ms)
✔ sidecar refuses an unselected root and bounded framing rejects oversized or invalid input (11480.8369ms)
✔ cancel and crash can terminate a busy process and a fresh engine can retry (20236.1016ms)
✔ empty directory produces an honest empty snapshot and projection does not fabricate edges (52.5541ms)
✔ desktop capability/config prevents broad renderer native access and cloud frontend startup (90.3117ms)
✔ SQLite round trips canonical evidence, full diagnostics, registrations, settings and outcomes (729.4811ms)
✔ failed/cancelled refresh, ownership conflicts and failed publication preserve the last complete result (822.8871ms)
✔ schema upgrade failure rolls back and future versions/incomplete snapshots are retained and rejected (368.2448ms)
✔ missing roots and changed/deleted evidence remain historical; forgetting cascades local records only (423.1562ms)
✔ crashing during a SQLite publication rolls back and dead job owners recover as interrupted (732.7662ms)
✔ private process restart reopens SQLite offline without parsing, including an unavailable root (7100.9592ms)
✔ cancelling the actual persistent engine preserves its previous complete snapshot and records the owner outcome (5912.4954ms)
✔ storage protocol denies arbitrary filesystem/SQL/provider operations and injected roots (4.1172ms)
✔ native startup watchdog displays bounded recovery when hydration fails and clears after readiness (10.2564ms)
✔ pilot traces and impact have deterministic shortest verified witnesses across cycles and type-only edges (689.8339ms)
✔ depth and result budgets disclose exact omissions without truncating traversal truth (257.0692ms)
✔ search and structural Ask disambiguate real paths and export names and withhold unsupported answers (278.8328ms)
✔ empty snapshots and stale source do not turn missing or historical evidence into current truth (257.544ms)
✔ investigation boundaries reject hostile query fields, unknown intents and forged witness IPC results (249.7946ms)
✔ pilot measurement allowlists reject strings, repository payloads and invalid numbers at every storage boundary (673.6086ms)
✔ offline private engine investigations survive SQLite restart and expose real witness references (2490.5848ms)
✔ pilot measurement transport has no repository or remote payload affordance (32.3437ms)
✔ explanation packages contain bounded verified metadata, hashes and gaps, never source or roots (255.6073ms)
✔ folder/investigation selection is explicit, bounded and cannot manufacture evidence (64.3457ms)
✔ local explanation cache separates approved provenance/model/prompt and cascades on forgetting (2728.6305ms)
✔ native-only provider transport preserves the restrictive renderer and local engine boundary (56.0444ms)
✔ provider choice survives the approval dialog and citations do not depend on provider wire JSON (1.9519ms)
✔ installed agents have bounded native adapters, no renderer CLI/root/key authority or structural writes (22.6828ms)
✔ dense long-path evidence fits the unchanged budget without losing the selected file (70.1167ms)
✔ static calls resolve local/imported aliases, named reexports, defaults and JavaScript without type dependencies (1148.9615ms)
✔ shadowed, duplicated, mutable, skipped, missing and receiver bindings never become fabricated calls (748.8934ms)
✔ existing Next and Nest route declarations bind uniquely; computed handlers remain explicit gaps (415.9779ms)
✔ same-line handlers retain exact binding ranges and duplicate methods/indirect reassignments remain withheld (544.2095ms)
✔ reference initializers retain lexical targets while receiver type guesses never establish method references/calls (619.1793ms)
✔ decorators, class initializers, getters and default parameters never become enclosing handler/body calls (631.4859ms)
✔ route bindings follow actual framework provenance and exact verb imports, including same-line decorators (680.0334ms)
✔ a shared virtual compiler namespace never manufactures implicit cross-file/package global calls (887.1209ms)
✔ bounded traces terminate on recursion, disclose limits and preserve canonical source witnesses and test candidates (767.8849ms)
✔ symbol validator rejects forged provenance/owners/targets and missing rich snapshots; SQLite retains old complete data until refresh (884.499ms)
✔ optional richer explanations are bounded, metadata-only, cited through hash-checked files and exact-payload digest (473.4694ms)
✔ incremental syntax reuse equals every full snapshot fact after aliases/reexports/conditional call changes (2938.3376ms)
✔ add/delete/rename, syntax skips, config/package/global-framework changes safely rebuild and match full analysis (4073.1492ms)
✔ protected observations reject concurrent writes, missing-target additions and directory changes (1024.5893ms)
✔ a replaced selected root cannot be read through an existing authorized reader (202.7923ms)
✔ atomic scheduler rejects stale/cancelled generations and concurrent changes before publication (588.4843ms)
✔ actual Windows/platform watcher coalesces edits, handles rename/config/new directories, pauses/loss and full recovery (4300.9635ms)
✔ unknown/overflow/burst event hints force full analysis; repeated failure degrades without losing prior publication (1110.394ms)
✔ PID/session cancellation rejects later generation publication and cache digests preserve only matching evidence (874.284ms)
✔ watch transport accepts only bounded authorized-session operations and metrics (2.5231ms)
✔ model-free ordering and stable score ties use depth then exact ID (6.4471ms)
✔ unknown/duplicate/missing candidates, nonfinite scores, extra fields and stale identities fall back (4.8646ms)
✔ timeouts, failures and cancellation abort adapter and do not leak exception text (29.285ms)
✔ adapter inputs are immutable and output cannot change candidates/witnesses (1.004ms)
✔ bounded ranking changes only inspection order, retains verified witnesses and unchanged impact (196.2523ms)
✔ budget/depth/cycles, disabled ranking and cancellation preserve bounded model-free behavior (62.6097ms)
✔ snapshot mutation during await is rejected instead of returning stale evidence (59.2489ms)
✔ repeatable replay, consent and secure local record deletion without telemetry or source (127.1446ms)
✔ incomplete/no-ground-truth judgments are null and MRR declares denominator (73.1262ms)
✔ denied egress still supports baseline and records visible failure fallback (53.9387ms)
✔ stored CLI summary separates held-out cases and includes failures rather than favorable-only MRR (1999.1664ms)
✔ analytic neural gradient matches finite differences for every parameter (18.2866ms)
✔ bundled artifact pin, finite shape, bounded vocabulary-free features and scores (10.4539ms)
✔ worker input excludes source, arbitrary paths, duplicate nodes and stale identity formats (3.5814ms)
✔ real isolated worker inference is offline, repeatable and terminable (258.5226ms)
✔ missing, corrupt, wrong pin and unqualified artifacts use deterministic fallback (23.1606ms)
✔ worker timeout and cancellation terminate inference and preserve deterministic ordering (329.6071ms)
✔ cold worker initialization timeout is failure, never cancellation, and retains deterministic candidates (8.8953ms)
✔ desktop ranking validates current snapshot and witnesses, keeps graph and Impact byte-identical (532.0559ms)
✔ desktop protocol rejects renderer artifact/runtime paths and excessive limits (2.6282ms)
✔ documented Windows fixture produces the declared bounded model/baseline witnesses (469.2617ms)
✔ every renderer command is declared and narrowly authorized by the native manifest/capability (55.7365ms)
✔ seeded small training repeats exactly and held-out labels cannot enter fitting (91.3743ms)
ℹ tests 316
ℹ suites 0
ℹ pass 314
ℹ fail 2
ℹ cancelled 0
ℹ skipped 0
ℹ todo 0
ℹ duration_ms 1229311.9782

✖ failing tests:

test at tests\framework-support\fs-06.test.ts:366:3
✖ FS06 qualification django52 templates boundaries and positions (24417.1462ms)
  Error: parser-unavailable
      at PythonParserWorker.fail (file:///D:/Repositorios%20Github/cartograph/lib/engine/parser-worker.ts:105:64)
      at Timeout.<anonymous> (file:///D:/Repositorios%20Github/cartograph/lib/engine/parser-worker.ts:80:119)
      at listOnTimeout (node:internal/timers:635:17)
      at process.processTimers (node:internal/timers:571:7) {
    reason: 'parser-unavailable'
  }

test at tests\framework-support\fs-06.test.ts:366:3
✖ FS06 qualification django60 templates boundaries and positions (25494.7416ms)
  Error: parser-unavailable
      at PythonParserWorker.fail (file:///D:/Repositorios%20Github/cartograph/lib/engine/parser-worker.ts:105:64)
      at Timeout.<anonymous> (file:///D:/Repositorios%20Github/cartograph/lib/engine/parser-worker.ts:80:119)
      at listOnTimeout (node:internal/timers:635:17)
      at process.processTimers (node:internal/timers:571:7) {
    reason: 'parser-unavailable'
  }
