✔ FS06 real Windows watch publishes complete settings and template edits and pause retains prior publication (39535.1857ms)
✔ FS06 literal routing keeps order, namespaces, distinct registrations and framework calls separate (2034.1278ms)
✔ FS06 source sentinels are never executed and similarly named APIs cannot register URLs (1862.1344ms)
✔ FS06 repeated mounts at identical prefixes retain source-backed distinct IDs (2040.7414ms)
✔ FS06 django52 local C3 mixin override and custom dispatch boundary (2287.2214ms)
✔ FS06 django52 DRF api_view methods preserve external OPTIONS (1926.3802ms)
✔ FS06 django52 path-mode SimpleRouter list/detail/custom action declarations (2034.7406ms)
✔ FS06 django52 DefaultRouter path-mode suffix declarations preserve unsupported matchers and external root (2038.1682ms)
✔ FS06 django52 manager and QuerySet declarations never establish custom runtime dispatch (2087.0623ms)
✔ FS06 django52 all pinned APIView and generic CBV classes retain method-specific external boundaries (2268.7669ms)
✔ FS06 django60 local C3 mixin override and custom dispatch boundary (2413.6431ms)
✔ FS06 django60 DRF api_view methods preserve external OPTIONS (2309.3266ms)
✔ FS06 django60 path-mode SimpleRouter list/detail/custom action declarations (2158.5231ms)
✔ FS06 django60 DefaultRouter path-mode suffix declarations preserve unsupported matchers and external root (2603.5674ms)
✔ FS06 django60 manager and QuerySet declarations never establish custom runtime dispatch (3069.8016ms)
✔ FS06 django60 all pinned APIView and generic CBV classes retain method-specific external boundaries (4065.2185ms)
✔ FS06 templates preserve literal lookup and named URL witnesses without executing render (3361.6617ms)
✔ FS06 models, ORM intent, signals and admin remain declared framework relationships (2308.3025ms)
✔ FS06 explicit settings variant follows bounded named literal inheritance and missing selection stays unresolved (5253.023ms)
✔ FS06 wildcard and computed inherited settings never become verified routes (2688.4175ms)
✔ FS06 repeated mounted CBV bindings retain each registration source (3082.0945ms)
✔ FS06 exact oracle tuples and shared metadata are required, with no qualification badge from syntax alone (4847.977ms)
✔ FS06 unsupported regex/converters, stacked decorators and dynamic templates retain typed uncertainty (2267.3074ms)
✔ FS06 middleware hooks, app-ready and command ownership are conditional declarations (2465.3606ms)
✔ FS06 custom template engine and traversal names are withheld behind protected read boundaries (1934.1534ms)
✔ FS06 explicit installed app association preserves FS02 owners and excludes independent child packages (3933.0078ms)
✔ FS06 opaque class/method decorators cannot prove models or router dispatch (1746.6622ms)
✔ FS06 template keyword names and explicit engine overrides preserve uncertainty (1929.1039ms)
✔ FS06 local Django namespace shadowing cannot create verified framework registrations (2659.5638ms)
✔ FS06 mutated or escaped router instances cannot create verified endpoints (3654.9218ms)
✔ FS06 multiple explicit settings profiles retain separate variants and mutation never chooses a root (5695.1904ms)
✔ FS06 standard converters and slash metadata stay literal while regex and custom converters retain gaps (1750.9999ms)
✔ FS06 async FBV and qualified HTTP decorator preserve downstream calls without framework-call promotion (1634.2855ms)
✔ FS06 duplicate signal registrations retain occurrences without implying signal emission (1938.1279ms)
✔ FS06 edited settings and template bytes refresh source evidence and remain full/incremental equivalent (5799.2439ms)
✔ FS06 mutable settings containers cannot prove installed-app or middleware registration (1912.5583ms)
✔ FS06 qualification django52 routers (26504.086ms)
✔ FS06 qualification django52 formats (86970.7439ms)
✔ FS06 qualification django52 includes (30107.3039ms)
✔ FS06 qualification django52 decorators (28062.2124ms)
✔ FS06 qualification django52 converters (8876.0037ms)
✔ FS06 qualification django52 dynamic routes and decorators (16851.7421ms)
✔ FS06 qualification django52 models and serializers (38884.3541ms)
✔ FS06 qualification django52 signals boundaries (12644.8896ms)
✔ FS06 qualification django52 templates boundaries and positions (24177.629ms)
✔ FS06 qualification django60 routers (33663.1377ms)
✔ FS06 qualification django60 formats (93603.6575ms)
✔ FS06 qualification django60 includes (16586.54ms)
✔ FS06 qualification django60 decorators (21152.0989ms)
✔ FS06 qualification django60 converters (6535.9481ms)
✔ FS06 qualification django60 dynamic routes and decorators (10640.5742ms)
✔ FS06 qualification django60 models and serializers (26425.9919ms)
✔ FS06 qualification django60 signals boundaries (7994.7594ms)
✔ FS06 qualification django60 templates boundaries and positions (17612.9346ms)
ℹ tests 54
ℹ suites 0
ℹ pass 54
ℹ fail 0
ℹ cancelled 0
ℹ skipped 0
ℹ todo 0
ℹ duration_ms 645548.9293
