✔ FS06 literal routing keeps order, namespaces, distinct registrations and framework calls separate (4240.7197ms)
✔ FS06 source sentinels are never executed and similarly named APIs cannot register URLs (3933.0663ms)
✔ FS06 repeated mounts at identical prefixes retain source-backed distinct IDs (2580.5377ms)
✔ FS06 django52 local C3 mixin override and custom dispatch boundary (1989.4931ms)
✔ FS06 django52 DRF api_view methods preserve external OPTIONS (2314.7869ms)
✔ FS06 django52 path-mode SimpleRouter list/detail/custom action declarations (2221.4462ms)
✔ FS06 django52 DefaultRouter path-mode suffix declarations preserve unsupported matchers and external root (2006.4372ms)
✔ FS06 django52 manager and QuerySet declarations never establish custom runtime dispatch (1724.5527ms)
✔ FS06 django52 all pinned APIView and generic CBV classes retain method-specific external boundaries (2942.5418ms)
✔ FS06 django60 local C3 mixin override and custom dispatch boundary (1919.8249ms)
✔ FS06 django60 DRF api_view methods preserve external OPTIONS (1824.9633ms)
✔ FS06 django60 path-mode SimpleRouter list/detail/custom action declarations (2484.4292ms)
✔ FS06 django60 DefaultRouter path-mode suffix declarations preserve unsupported matchers and external root (1968.4825ms)
✔ FS06 django60 manager and QuerySet declarations never establish custom runtime dispatch (1843.8212ms)
✔ FS06 django60 all pinned APIView and generic CBV classes retain method-specific external boundaries (2621.5566ms)
✔ FS06 templates preserve literal lookup and named URL witnesses without executing render (1856.1255ms)
✔ FS06 models, ORM intent, signals and admin remain declared framework relationships (2038.0051ms)
✔ FS06 explicit settings variant follows bounded named literal inheritance and missing selection stays unresolved (3670.9824ms)
✔ FS06 wildcard and computed inherited settings never become verified routes (2157.3174ms)
✔ FS06 repeated mounted CBV bindings retain each registration source (1491.7749ms)
✔ FS06 exact oracle tuples and shared metadata are required, with no qualification badge from syntax alone (1986.0422ms)
✔ FS06 unsupported regex/converters, stacked decorators and dynamic templates retain typed uncertainty (1506.2726ms)
✔ FS06 middleware hooks, app-ready and command ownership are conditional declarations (1795.6737ms)
✔ FS06 custom template engine and traversal names are withheld behind protected read boundaries (1683.7904ms)
✔ FS06 explicit installed app association preserves FS02 owners and excludes independent child packages (3570.5369ms)
✔ FS06 opaque class/method decorators cannot prove models or router dispatch (2457.3274ms)
✔ FS06 template keyword names and explicit engine overrides preserve uncertainty (1753.3355ms)
✔ FS06 local Django namespace shadowing cannot create verified framework registrations (2738.7056ms)
✔ FS06 mutated or escaped router instances cannot create verified endpoints (4342.8699ms)
✔ FS06 multiple explicit settings profiles retain separate variants and mutation never chooses a root (8557.2652ms)
✔ FS06 standard converters and slash metadata stay literal while regex and custom converters retain gaps (1950.3208ms)
✔ FS06 async FBV and qualified HTTP decorator preserve downstream calls without framework-call promotion (1100.9509ms)
✔ FS06 duplicate signal registrations retain occurrences without implying signal emission (1178.1339ms)
✔ FS06 edited settings and template bytes refresh source evidence and remain full/incremental equivalent (4171.398ms)
✔ FS06 mutable settings containers cannot prove installed-app or middleware registration (2659.3097ms)
✔ FS06 qualification django52 routers (33030.7907ms)
✔ FS06 qualification django52 formats (36951.4423ms)
✔ FS06 qualification django52 includes (12001.3982ms)
✔ FS06 qualification django52 decorators (15441.9017ms)
✔ FS06 qualification django52 converters (5998.4388ms)
✔ FS06 qualification django52 dynamic routes and decorators (9981.1858ms)
✔ FS06 qualification django60 routers (25025.7116ms)
✔ FS06 qualification django60 formats (35793.75ms)
✔ FS06 qualification django60 includes (12073.9503ms)
✔ FS06 qualification django60 decorators (13067.6352ms)
✔ FS06 qualification django60 converters (4703.033ms)
✔ FS06 qualification django60 dynamic routes and decorators (8064.8847ms)
ℹ tests 47
ℹ suites 0
ℹ pass 47
ℹ fail 0
ℹ cancelled 0
ℹ skipped 0
ℹ todo 0
ℹ duration_ms 304599.0755
