✔ F01-contract: v3 round trip, repeated analysis and incremental facts are deterministic (443.9622ms)
✔ F01-contract: the retained real v2 baseline round trips and requires explicit reanalysis (655.8985ms)
✔ F01-contract: import projection and exact Impact remain equivalent to legacy parsing (196.8205ms)
✔ F01-contract: fixture source/output hashes and semantic golden are executable (91.4924ms)
✔ F01-contract: supported HTTP, dispatch-dependent, page and navigation contracts remain separate (98.8976ms)
✔ F01-contract: multi-file registration/declaration/config witnesses open current original source (140.7223ms)
✔ F01-contract rejects duplicate registration (81.1276ms)
✔ F01-contract rejects dangling profile (77.8057ms)
✔ F01-contract rejects unsupported variant (67.2375ms)
✔ F01-contract rejects dangling target (77.0476ms)
✔ F01-contract rejects source ownership mismatch (77.9918ms)
✔ F01-contract rejects noncallable endpoint (66.7689ms)
✔ F01-contract rejects unknown enum (70.0379ms)
✔ F01-contract rejects fabricated position (65.071ms)
✔ F01-contract rejects wrong evidence hash (63.8331ms)
✔ F01-contract rejects missing declaration witness (73.2889ms)
✔ F01-contract rejects unknown method guessed GET (73.8082ms)
✔ F01-contract rejects navigation carries HTTP method (76.4405ms)
✔ F01-contract rejects unsupported matcher without gap (81.6363ms)
✔ F01-contract rejects candidate promoted to import (69.9183ms)
✔ F01-contract rejects candidate missing uncertainty (68.5579ms)
✔ F01-contract rejects candidate overflow hidden (70.321ms)
✔ F01-contract rejects qualified without ledger (70.6676ms)
✔ F01-contract rejects forbidden config evidence (80.8738ms)
✔ F01-contract rejects forbidden sensitive directory witness (110.6888ms)
✔ F01-contract rejects source archive field (78.6049ms)
✔ F01-contract rejects user assumption disguised as verified (68.6286ms)
✔ F01-contract: only a matching complete positive/negative/Windows ledger can qualify (75.1532ms)
✔ F00-position: original Unicode/BOM/combining/CRLF byte and UTF-16 ranges agree (2.4707ms)
✔ F01-contract: request pins reject old/missing contracts before publication (62.4711ms)
✔ F01-contract: interrupted/failed v2 reanalysis retains payload; atomic v3 publication and future-version protection (506.5722ms)
✔ F01-contract: uncertainty projection keeps unknown methods, unsupported matcher and user assumptions distinct (67.7756ms)
✔ F01-contract: diagnostics render uncertainty and actual evidence buttons check current/stale source (333.6424ms)
✔ F02-profile: one protected inventory, deterministic nested ownership and compatible composition (557.5062ms)
✔ F02-profile: first-match legacy routes/roles remain stable while framework detection composes (62.3068ms)
✔ F02-profile: registration conflict, dependency cycle and missing prerequisites fail before facts (1.4056ms)
✔ F02-profile: static literals, constants, objects, arrays, property access, concatenation and syntactic wrapper (4.3533ms)
✔ F02-profile: getter never manufactures configuration (1.6558ms)
✔ F02-profile: helper never manufactures configuration (1.2355ms)
✔ F02-profile: env never manufactures configuration (1.7489ms)
✔ F02-profile: computed never manufactures configuration (0.9221ms)
✔ F02-profile: spread never manufactures configuration (0.7264ms)
✔ F02-profile: cycle never manufactures configuration (0.9536ms)
✔ F02-profile: shadowed wrapper never manufactures configuration (0.63ms)
✔ F02-profile: malformed never manufactures configuration (1.2861ms)
✔ F02-profile: mutation never manufactures configuration (1.0572ms)
✔ F02-profile: initializer mutation never manufactures configuration (0.5993ms)
✔ F02-profile: prefix mutation never manufactures configuration (1.2064ms)
✔ F02-profile: delete mutation never manufactures configuration (1.0171ms)
✔ F02-profile: tag helper never manufactures configuration (1.3965ms)
✔ F02-profile: ambiguous wrapper never manufactures configuration (0.8315ms)
✔ F02-profile: unknown environment branches retain conditions and never collapse into defaults (1.4243ms)
✔ F02-profile: executable config sentinel is read as text and never creates its file (54.8029ms)
✔ F02-profile: public metadata names do not open secrets, dependency code, generated source or arbitrary configs (60.2686ms)
✔ F02-profile: symlink/workspace junctions and escaped aliases are denied without target reads (47.1503ms)
✔ F02-profile: explicit variants have independent keys/witnesses; platform/SSR/production semantics stay deferred (149.1869ms)
✔ F02-profile: every protected resolution is classified; duplicate workspace names stay ambiguous (110.7496ms)
✔ F00-resource: node/depth/string/config-dependency/glob bounds and deterministic cycle diagnostics (545.2768ms)
✔ F00-resource: cancellation/deadline/read limits never publish partial generations (168.4786ms)
✔ F02-profile: configuration dependencies refresh/invalidate without changing graph or exact Impact (329.7869ms)
✔ F02-profile: public metadata evidence survives persistence, checks Unicode ranges and becomes stale (205.2241ms)
✔ F02-profile: malformed and unsupported metadata stays explicit; invalid byte encodings are not evidence (57.2301ms)
✔ F02-profile: fixture/oracle hashes and exact infrastructure tuple are mandatory (72.5592ms)
✔ F02-profile: Python environments are excluded and dependency families cannot create false framework detection (71.6385ms)
✔ F02-profile: wrong source hashes and cross-project/profile sources never resolve internally (68.9905ms)
✔ F02-profile: config uncertainty is scoped to its profile and cannot alter unrelated verified imports (91.013ms)
✔ F00-resource: safe globs check cancellation inside adversarial matching and retain no truncated singleton (132.749ms)
✔ F00-resource: cancellation between discovery and parsing preserves the current stored snapshot (37.1521ms)
✔ F02-profile: inherited configuration cycles and missing metadata have typed capability gaps and source proof (66.8677ms)
✔ qualification vite7-react18/browser-development: pinned expanded module oracle and source witnesses (3952.3319ms)
ℹ {"tuple":"vite7-react18","profile":"browser-development","facts":51,"registrations":3,"candidates":0,"gaps":19,"forbiddenGuessedFacts":0}
✔ qualification vite7-react18/browser-production: pinned expanded module oracle and source witnesses (3713.6599ms)
ℹ {"tuple":"vite7-react18","profile":"browser-production","facts":51,"registrations":3,"candidates":0,"gaps":19,"forbiddenGuessedFacts":0}
✔ qualification vite8-react19/browser-development: pinned expanded module oracle and source witnesses (4420.5343ms)
ℹ {"tuple":"vite8-react19","profile":"browser-development","facts":51,"registrations":3,"candidates":0,"gaps":19,"forbiddenGuessedFacts":0}
✔ qualification vite8-react19/browser-production: pinned expanded module oracle and source witnesses (3674.519ms)
ℹ {"tuple":"vite8-react19","profile":"browser-production","facts":51,"registrations":3,"candidates":0,"gaps":19,"forbiddenGuessedFacts":0}
✔ qualification vite8-react19/ssr-production: pinned expanded module oracle and source witnesses (3220.5811ms)
ℹ {"tuple":"vite8-react19","profile":"ssr-production","facts":47,"registrations":3,"candidates":0,"gaps":23,"forbiddenGuessedFacts":0}
✔ qualification: Vite 8 native TS paths browser-development agrees with controlled compiler (517.486ms)
✔ qualification: Vite 8 native TS paths browser-production agrees with controlled compiler (551.4311ms)
✔ qualification: Vite 8 native TS paths ssr-production agrees with controlled compiler (712.602ms)
✔ qualification: pinned React plugins reject transforms, shadowing, mutation and version drift (2478.1055ms)
✔ qualification: publicDir disable/custom and unsafe exports retain explicit boundaries (1742.09ms)
✔ qualification: namespace components, context consumers, hook callbacks and class lifecycle are associations (4038.0813ms)
✔ qualification: imperative navigation requires one proved router, callbacks remain framework bindings (2568.7703ms)
✔ qualification: nested router and plugin syntax depth/size limits fail explicitly (4771.6553ms)
✔ qualification: active framework cancellation/deadline preserves persisted generation and recovers (2811.4208ms)
✔ qualification: metadata and glob limits pass at ceiling and reject above without guessed facts (2212.6631ms)
✔ qualification: retained pinned matcher oracle maps to supported neutral registrations (797.5284ms)
✔ qualification: actual syntax below/at/above 100k nodes and generation fact ceiling (64868.1362ms)
✔ qualification: distributed routes reach 10k ceiling and overflow remains an explicit gap (101138.2595ms)
✔ qualification: state/reducer initialization and React 19 callbacks are version-qualified (872.5629ms)
✔ qualification: transparent component aliases preserve the complete event/call investigation (576.0272ms)
✔ vite7-react18: entries, composition, handlers, hooks and dependencies keep independent witnesses (3562.8636ms)
✔ vite8-react19: entries, composition, handlers, hooks and dependencies keep independent witnesses (2662.5975ms)
✔ F03: legacy import projection, exact Impact and type-only edges remain unchanged (434.4356ms)
✔ F03: glob exclusion/eager/lazy options and asset/worker facts never become calls (260.997ms)
✔ F03: computed config produces boundaries instead of guessed runtime edges (252.8382ms)
✔ F03: plugins config produces boundaries instead of guessed runtime edges (239.4992ms)
✔ F03: escape config produces boundaries instead of guessed runtime edges (242.004ms)
✔ F03: unsupported callback props, inline effects and dynamic navigation stay explicit (455.8869ms)
✔ F03: nested route/loader/action bindings are navigation, never HTTP claims (239.1387ms)
✔ F03: incremental/full equivalence and changed HTML/config witnesses become stale (993.3092ms)
✔ F03: contract rejects binary source masquerading and malformed resource bindings (284.3242ms)
✔ vite7-react18: retained controlled build oracle hashes and named runtime module parity (250.9925ms)
✔ vite8-react19: retained controlled build oracle hashes and named runtime module parity (297.9201ms)
✔ F03: original UTF-16/BOM/CRLF/Unicode witnesses and explicit browser/SSR variants (1715.9557ms)
✔ F03: literal aliases preserve runtime/type distinctions and divergent calls stay outside framework traces (575.8073ms)
✔ F03: Vite 8 opt-in TS paths resolve separately; Vite 7 never assumes the plugin (1488.6365ms)
✔ F03: JavaScript/class/memo/forwardRef aliases and inline callbacks retain lexical ownership (503.9371ms)
✔ F03: named barrel aliases retain intermediate witnesses and stale barrel changes are detected (442.1537ms)
✔ F03: developer proxy facts never establish a production origin; rewrites remain exact or unknown (446.8482ms)
✔ F03: HTML comments/raw text/templates/duplicate attributes never create guessed entries (1.0779ms)
✔ F03: configuration execution/egress, escaped aliases and symlinks remain denied (769.9786ms)
✔ F03: aliased React implementation and reassigned exported handlers cannot create framework facts (559.1352ms)
✔ F03: retained accepted FS-02 v3 payload remains byte/canonical compatible (1765.0853ms)
✔ F03: adapter fact budget is generation-local and cancellation never returns a partial snapshot (334.4301ms)
✔ F03: React DOM version mismatch and shadowed classic JSX factory withhold roots (521.2427ms)
✔ F03: custom proxy request hooks and worker queries on assets remain boundaries (209.2975ms)
✔ F03: production HTML entry selection never guesses custom build inputs (649.5351ms)
✔ F03: aliased React DOM subpath cannot be mistaken for the qualified platform root API (279.9663ms)
✔ F03: above-limit syntax and glob sets emit resource gaps without truncated framework facts (26152.1715ms)
✔ F03: invalid UTF-8 preserves legacy decoding but explicitly excludes new framework facts (267.2135ms)
✔ F04 pinned route and rewrite matcher parity (9.8094ms)
✔ F04 next15/node-development: routes, actions, witnesses and incremental roundtrip (4843.1979ms)
✔ F04 next15/node-production: routes, actions, witnesses and incremental roundtrip (5975.3106ms)
✔ F04 next15/browser: routes, actions, witnesses and incremental roundtrip (5622.2658ms)
✔ F04 next16-preservation/node-development: routes, actions, witnesses and incremental roundtrip (5690.4339ms)
✔ F04 next16-preservation/node-production: routes, actions, witnesses and incremental roundtrip (6370.074ms)
✔ F04 next16-preservation/browser: routes, actions, witnesses and incremental roundtrip (5683.1506ms)
✔ F04 next16-patch/node-development: routes, actions, witnesses and incremental roundtrip (5007.8174ms)
✔ F04 next16-patch/node-production: routes, actions, witnesses and incremental roundtrip (5854.1569ms)
✔ F04 next16-patch/browser: routes, actions, witnesses and incremental roundtrip (4669.713ms)
✔ F04 node22/node-development: native resolution oracle and registration parity (251.778ms)
✔ F04 node22/node-production: native resolution oracle and registration parity (151.3899ms)
✔ F04 node24/node-development: native resolution oracle and registration parity (156.8837ms)
✔ F04 node24/node-production: native resolution oracle and registration parity (147.8071ms)
✔ F04 pages dispatch, config order/conditions and version-specific proxy declarations (492.0122ms)
✔ F04 inline actions, ambiguous props and version drift stay evidence-bound (1051.7044ms)
✔ F04 Node runtime: ESM exact extension, require search, package conditions and builtins remain separate from TS aliases (80.2699ms)
✔ F04 unknown Next version and dynamic configuration cannot qualify new routes (708.0711ms)
✔ F04 Node registrations and unique CommonJS exports reject mutated receivers/exports (100.6837ms)
✔ F04 mutated request dispatch and unresolved explicit HEAD cannot become framework-derived methods (464.5678ms)
✔ F04 native Node ignores tsconfig paths while Next uses a protected one-target path (424.7661ms)
✔ F04 literal interception records soft navigation context; literal Link has unique route evidence (459.4241ms)
✔ F04 custom pageExtensions, source ownership, lifecycle exports and imperative navigation (395.2106ms)
✔ F04 config is never executed and nonerasable native TS remains unresolved (178.2689ms)
✔ F04 original BOM/CRLF/Unicode witnesses and action alias retain exact ranges (4822.211ms)
✔ F04 derived methods have distinct occurrences and endpoint aliases trace to a service (593.0119ms)
✔ F04 active cancellation/deadline inside Node/Next preserves stored generation and recovers (1350.3316ms)
✔ F04 shared snapshot rejects noncallable action targets (360.517ms)
✔ F04 Middleware runtime and mutable Link stay explicit boundaries (630.7238ms)
✔ F04 convention entries, Pages switch dispatch, re-exports and marker/lifecycle operations (980.1968ms)
✔ F04 CJS re-export, duplicate global aliases and conditional assignment boundaries (250.8693ms)
✔ F04 native TS erasure oracle and type-only runtime exclusion (117.3922ms)
✔ F04 native profiles cannot qualify JSX or typed JavaScript accepted by a bundler parser (323.1037ms)
✔ FS05 original bytes, BOM, CRLF and Unicode ranges (9.3489ms)
✔ FS05 Windows contained parser accepts controlled syntax without executing it (678.4917ms)
✔ FS05 unsupported encodings fail closed without replacement (3.1897ms)
✔ FS05 Python composes with TS/JS through shared v3 snapshots (993.5523ms)
✔ FS05 decorators, reassignment, attributes and dynamic binding never guess calls (672.6326ms)
✔ FS05 cancellation refuses worker work and supports a fresh session (699.3935ms)
✔ FS05 controlled semantic fixture verifies exact calls and forbidden guesses (806.5455ms)
✔ FS05 namespace/src roots, re-exports and shadowed import sites remain distinct (3041.0001ms)
✔ FS05 protected exclusions and failed parser retain TS/JS (99.5101ms)
✔ FS05 async refresh preserves previous publication after failure or pause (35.6145ms)
✔ FS05 active cancellation releases the single-worker lease and source byte limits recover (2414.6833ms)
✔ FS05 a paused asynchronous generation cannot publish late (64.4158ms)
✔ FS05 Python import exclusions, stubs, external packages and root escapes stay separate (1204.4567ms)
✔ FS05 neutral output rejects AST leakage, wrong hashes and fact/node budget overflow (237.7123ms)
✔ FS05 reopened Python generation is retained when parser startup fails (1210.1385ms)
✔ FS05 Python edits are watched through the shared protected refresh scheduler (2288.4206ms)
✔ FS05 package/submodule attribute collisions cannot prove a callable export (827.2647ms)
✔ FS05 cancellation cannot bypass retained neutral syntax reuse (1516.7472ms)
✔ FS05 built-in and frozen imports cannot resolve to shadowing project files (1009.2289ms)
✔ FS06 real Windows watch publishes complete settings and template edits and pause retains prior publication (32815.2679ms)
✔ FS06 literal routing keeps order, namespaces, distinct registrations and framework calls separate (1563.3888ms)
✔ FS06 source sentinels are never executed and similarly named APIs cannot register URLs (1541.0742ms)
✔ FS06 repeated mounts at identical prefixes retain source-backed distinct IDs (1520.7198ms)
✔ FS06 django52 local C3 mixin override and custom dispatch boundary (1731.5926ms)
✔ FS06 django52 DRF api_view methods preserve external OPTIONS (1936.846ms)
✔ FS06 django52 path-mode SimpleRouter list/detail/custom action declarations (1608.6536ms)
✔ FS06 django52 DefaultRouter path-mode suffix declarations preserve unsupported matchers and external root (1553.0336ms)
✔ FS06 django52 manager and QuerySet declarations never establish custom runtime dispatch (2034.2939ms)
✔ FS06 django52 all pinned APIView and generic CBV classes retain method-specific external boundaries (2066.0887ms)
✔ FS06 django60 local C3 mixin override and custom dispatch boundary (1444.4726ms)
✔ FS06 django60 DRF api_view methods preserve external OPTIONS (1679.372ms)
✔ FS06 django60 path-mode SimpleRouter list/detail/custom action declarations (1447.2322ms)
✔ FS06 django60 DefaultRouter path-mode suffix declarations preserve unsupported matchers and external root (1610.5523ms)
✔ FS06 django60 manager and QuerySet declarations never establish custom runtime dispatch (1585.9404ms)
✔ FS06 django60 all pinned APIView and generic CBV classes retain method-specific external boundaries (2346.9303ms)
✔ FS06 templates preserve literal lookup and named URL witnesses without executing render (1513.371ms)
✔ FS06 models, ORM intent, signals and admin remain declared framework relationships (1578.3431ms)
✔ FS06 explicit settings variant follows bounded named literal inheritance and missing selection stays unresolved (3383.2168ms)
✔ FS06 wildcard and computed inherited settings never become verified routes (1749.5677ms)
✔ FS06 repeated mounted CBV bindings retain each registration source (1828.5056ms)
✔ FS06 exact oracle tuples and shared metadata are required, with no qualification badge from syntax alone (1840.1402ms)
✔ FS06 unsupported regex/converters, stacked decorators and dynamic templates retain typed uncertainty (2034.3386ms)
✔ FS06 middleware hooks, app-ready and command ownership are conditional declarations (1775.1462ms)
✔ FS06 custom template engine and traversal names are withheld behind protected read boundaries (1812.1171ms)
✔ FS06 explicit installed app association preserves FS02 owners and excludes independent child packages (3184.7268ms)
✔ FS06 opaque class/method decorators cannot prove models or router dispatch (1455.0636ms)
✔ FS06 template keyword names and explicit engine overrides preserve uncertainty (1502.413ms)
✔ FS06 local Django namespace shadowing cannot create verified framework registrations (1506.5316ms)
✔ FS06 mutated or escaped router instances cannot create verified endpoints (2987.8957ms)
✔ FS06 multiple explicit settings profiles retain separate variants and mutation never chooses a root (4181.9535ms)
✔ FS06 standard converters and slash metadata stay literal while regex and custom converters retain gaps (1333.7938ms)
✔ FS06 async FBV and qualified HTTP decorator preserve downstream calls without framework-call promotion (1333.0729ms)
✔ FS06 duplicate signal registrations retain occurrences without implying signal emission (1375.913ms)
✔ FS06 edited settings and template bytes refresh source evidence and remain full/incremental equivalent (4144.2368ms)
✔ FS06 mutable settings containers cannot prove installed-app or middleware registration (1714.7537ms)
✔ FS06 qualification django52 routers (22818.7668ms)
✔ FS06 qualification django52 formats (48699.6759ms)
✔ FS06 qualification django52 includes (8697.8513ms)
✔ FS06 qualification django52 decorators (11077.639ms)
✔ FS06 qualification django52 converters (3930.2987ms)
✔ FS06 qualification django52 dynamic routes and decorators (6998.6906ms)
✔ FS06 qualification django52 models and serializers (17536.5864ms)
✔ FS06 qualification django52 signals boundaries (4982.1986ms)
✔ FS06 qualification django52 templates boundaries and positions (11422.7321ms)
✔ FS06 qualification django60 routers (18962.4427ms)
✔ FS06 qualification django60 formats (49677.1303ms)
✔ FS06 qualification django60 includes (10327.8337ms)
✔ FS06 qualification django60 decorators (11556.8106ms)
✔ FS06 qualification django60 converters (3696.7563ms)
✔ FS06 qualification django60 dynamic routes and decorators (6613.9271ms)
✔ FS06 qualification django60 models and serializers (16844.5374ms)
✔ FS06 qualification django60 signals boundaries (4836.1214ms)
✔ FS06 qualification django60 templates boundaries and positions (11286.2126ms)
✔ local adapter preserves exact dependency evidence, diagnostics and round trips (329.7621ms)
✔ deduplication reports first occurrence and retains type-only aggregation (34.8857ms)
✔ structural queries include type-only dependents and terminate on cycles (61.591ms)
✔ snapshot validator rejects incompatible, dangling, escaped and forged evidence (101.8884ms)
✔ read policy excludes sensitive sources and common output directories (105.7755ms)
✔ outside config inheritance is reported and cannot yield approximate edges (38.3085ms)
✔ JSON dependency config inheritance remains static and inside the root (65.3679ms)
✔ symlink escapes are never selected, resolved or read as evidence (22.5706ms)
✔ resource and enumeration failures are explicit; large files are not partially parsed (112.562ms)
✔ binary and declaration files have explicit coverage (18.3749ms)
✔ framework route evidence and withheld routes survive normalization (108.9431ms)
✔ local analysis never requests network or executes repository configuration/scripts (36.8753ms)
✔ retired GitHub ingestion and cloud adapters cannot accept local repository roots (3.0039ms)
✔ protected import graph and visualization cannot reach cloud/server capabilities (20.4447ms)
✔ existing parser and graph verification scripts work against fixture output (1950.8301ms)
✔ selection can use bounded reader without hidden process-current-directory reads (13.7032ms)
✔ fresh migrations explicitly authorize every audited legacy writer operation (4.3413ms)
✔ legacy writer repair contains only scoped grants without altering reader or RLS security (1.3855ms)
✔ desktop protocol rejects malformed versions, arbitrary commands, fields and query budgets (4.7802ms)
✔ sidecar analyzes a non-Git directory, reports stages, scopes queries and detects stale evidence offline (1448.3148ms)
✔ sidecar refuses an unselected root and bounded framing rejects oversized or invalid input (4883.3746ms)
✔ cancel and crash can terminate a busy process and a fresh engine can retry (9126.5208ms)
✔ empty directory produces an honest empty snapshot and projection does not fabricate edges (35.994ms)
✔ desktop capability/config prevents broad renderer native access and cloud frontend startup (4.0951ms)
✔ SQLite round trips canonical evidence, full diagnostics, registrations, settings and outcomes (521.1823ms)
✔ failed/cancelled refresh, ownership conflicts and failed publication preserve the last complete result (352.8058ms)
✔ schema upgrade failure rolls back and future versions/incomplete snapshots are retained and rejected (223.0659ms)
✔ missing roots and changed/deleted evidence remain historical; forgetting cascades local records only (264.7169ms)
✔ crashing during a SQLite publication rolls back and dead job owners recover as interrupted (430.1465ms)
✔ private process restart reopens SQLite offline without parsing, including an unavailable root (4664.0085ms)
✔ cancelling the actual persistent engine preserves its previous complete snapshot and records the owner outcome (3815.0548ms)
✔ storage protocol denies arbitrary filesystem/SQL/provider operations and injected roots (1.1051ms)
✔ native startup watchdog displays bounded recovery when hydration fails and clears after readiness (3.4627ms)
✔ pilot traces and impact have deterministic shortest verified witnesses across cycles and type-only edges (425.8044ms)
✔ depth and result budgets disclose exact omissions without truncating traversal truth (156.6014ms)
✔ search and structural Ask disambiguate real paths and export names and withhold unsupported answers (159.6122ms)
✔ empty snapshots and stale source do not turn missing or historical evidence into current truth (162.076ms)
✔ investigation boundaries reject hostile query fields, unknown intents and forged witness IPC results (150.9825ms)
✔ pilot measurement allowlists reject strings, repository payloads and invalid numbers at every storage boundary (433.0926ms)
✔ offline private engine investigations survive SQLite restart and expose real witness references (1429.0008ms)
✔ pilot measurement transport has no repository or remote payload affordance (1.4813ms)
✔ explanation packages contain bounded verified metadata, hashes and gaps, never source or roots (160.9853ms)
✔ folder/investigation selection is explicit, bounded and cannot manufacture evidence (40.0665ms)
✔ local explanation cache separates approved provenance/model/prompt and cascades on forgetting (2549.3053ms)
✔ native-only provider transport preserves the restrictive renderer and local engine boundary (3.4826ms)
✔ provider choice survives the approval dialog and citations do not depend on provider wire JSON (1.6799ms)
✔ installed agents have bounded native adapters, no renderer CLI/root/key authority or structural writes (2.4739ms)
✔ dense long-path evidence fits the unchanged budget without losing the selected file (76.2622ms)
✔ static calls resolve local/imported aliases, named reexports, defaults and JavaScript without type dependencies (888.3763ms)
✔ shadowed, duplicated, mutable, skipped, missing and receiver bindings never become fabricated calls (557.3629ms)
✔ existing Next and Nest route declarations bind uniquely; computed handlers remain explicit gaps (294.1681ms)
✔ same-line handlers retain exact binding ranges and duplicate methods/indirect reassignments remain withheld (471.4354ms)
✔ reference initializers retain lexical targets while receiver type guesses never establish method references/calls (507.6195ms)
✔ decorators, class initializers, getters and default parameters never become enclosing handler/body calls (539.3304ms)
✔ route bindings follow actual framework provenance and exact verb imports, including same-line decorators (426.9608ms)
✔ a shared virtual compiler namespace never manufactures implicit cross-file/package global calls (506.3086ms)
✔ bounded traces terminate on recursion, disclose limits and preserve canonical source witnesses and test candidates (323.8027ms)
✔ symbol validator rejects forged provenance/owners/targets and missing rich snapshots; SQLite retains old complete data until refresh (515.2639ms)
✔ optional richer explanations are bounded, metadata-only, cited through hash-checked files and exact-payload digest (344.1146ms)
✔ incremental syntax reuse equals every full snapshot fact after aliases/reexports/conditional call changes (1835.8635ms)
✔ add/delete/rename, syntax skips, config/package/global-framework changes safely rebuild and match full analysis (2387.3851ms)
✔ protected observations reject concurrent writes, missing-target additions and directory changes (711.0404ms)
✔ a replaced selected root cannot be read through an existing authorized reader (125.8692ms)
✔ atomic scheduler rejects stale/cancelled generations and concurrent changes before publication (420.7847ms)
✔ actual Windows/platform watcher coalesces edits, handles rename/config/new directories, pauses/loss and full recovery (3581.0678ms)
✔ unknown/overflow/burst event hints force full analysis; repeated failure degrades without losing prior publication (907.103ms)
✔ PID/session cancellation rejects later generation publication and cache digests preserve only matching evidence (748.6502ms)
✔ watch transport accepts only bounded authorized-session operations and metrics (1.6097ms)
✔ model-free ordering and stable score ties use depth then exact ID (3.6096ms)
✔ unknown/duplicate/missing candidates, nonfinite scores, extra fields and stale identities fall back (2.2251ms)
✔ timeouts, failures and cancellation abort adapter and do not leak exception text (16.0576ms)
✔ adapter inputs are immutable and output cannot change candidates/witnesses (1.5224ms)
✔ bounded ranking changes only inspection order, retains verified witnesses and unchanged impact (190.4825ms)
✔ budget/depth/cycles, disabled ranking and cancellation preserve bounded model-free behavior (56.0587ms)
✔ snapshot mutation during await is rejected instead of returning stale evidence (64.3012ms)
✔ repeatable replay, consent and secure local record deletion without telemetry or source (104.5107ms)
✔ incomplete/no-ground-truth judgments are null and MRR declares denominator (45.2978ms)
✔ denied egress still supports baseline and records visible failure fallback (44.9883ms)
✔ stored CLI summary separates held-out cases and includes failures rather than favorable-only MRR (1427.9597ms)
✔ analytic neural gradient matches finite differences for every parameter (13.5606ms)
✔ bundled artifact pin, finite shape, bounded vocabulary-free features and scores (4.992ms)
✔ worker input excludes source, arbitrary paths, duplicate nodes and stale identity formats (1.3152ms)
✔ real isolated worker inference is offline, repeatable and terminable (178.8275ms)
✔ missing, corrupt, wrong pin and unqualified artifacts use deterministic fallback (16.8215ms)
✔ worker timeout and cancellation terminate inference and preserve deterministic ordering (325.9861ms)
✔ cold worker initialization timeout is failure, never cancellation, and retains deterministic candidates (9.5927ms)
✔ desktop ranking validates current snapshot and witnesses, keeps graph and Impact byte-identical (474.461ms)
✔ desktop protocol rejects renderer artifact/runtime paths and excessive limits (3.0125ms)
✔ documented Windows fixture produces the declared bounded model/baseline witnesses (341.0187ms)
✔ every renderer command is declared and narrowly authorized by the native manifest/capability (2.2682ms)
✔ seeded small training repeats exactly and held-out labels cannot enter fitting (59.1366ms)
ℹ tests 316
ℹ suites 0
ℹ pass 316
ℹ fail 0
ℹ cancelled 0
ℹ skipped 0
ℹ todo 0
ℹ duration_ms 791676.0662
