✔ F01-contract: v3 round trip, repeated analysis and incremental facts are deterministic (401.3556ms)
✔ F01-contract: the retained real v2 baseline round trips and requires explicit reanalysis (582.1733ms)
✔ F01-contract: import projection and exact Impact remain equivalent to legacy parsing (146.8608ms)
✔ F01-contract: fixture source/output hashes and semantic golden are executable (72.9519ms)
✔ F01-contract: supported HTTP, dispatch-dependent, page and navigation contracts remain separate (73.4695ms)
✔ F01-contract: multi-file registration/declaration/config witnesses open current original source (117.1201ms)
✔ F01-contract rejects duplicate registration (88.1242ms)
✔ F01-contract rejects dangling profile (78.5104ms)
✔ F01-contract rejects unsupported variant (68.087ms)
✔ F01-contract rejects dangling target (57.5507ms)
✔ F01-contract rejects source ownership mismatch (59.4823ms)
✔ F01-contract rejects noncallable endpoint (56.4784ms)
✔ F01-contract rejects unknown enum (67.0348ms)
✔ F01-contract rejects fabricated position (64.3324ms)
✔ F01-contract rejects wrong evidence hash (73.2612ms)
✔ F01-contract rejects missing declaration witness (62.342ms)
✔ F01-contract rejects unknown method guessed GET (67.8592ms)
✔ F01-contract rejects navigation carries HTTP method (64.1866ms)
✔ F01-contract rejects unsupported matcher without gap (64.0343ms)
✔ F01-contract rejects candidate promoted to import (66.4221ms)
✔ F01-contract rejects candidate missing uncertainty (55.9504ms)
✔ F01-contract rejects candidate overflow hidden (71.1587ms)
✔ F01-contract rejects qualified without ledger (69.238ms)
✔ F01-contract rejects forbidden config evidence (81.4306ms)
✔ F01-contract rejects forbidden sensitive directory witness (93.5046ms)
✔ F01-contract rejects source archive field (76.7162ms)
✔ F01-contract rejects user assumption disguised as verified (82.2716ms)
✔ F01-contract: only a matching complete positive/negative/Windows ledger can qualify (65.3643ms)
✔ F00-position: original Unicode/BOM/combining/CRLF byte and UTF-16 ranges agree (1.3825ms)
✔ F01-contract: request pins reject old/missing contracts before publication (53.9289ms)
✔ F01-contract: interrupted/failed v2 reanalysis retains payload; atomic v3 publication and future-version protection (473.968ms)
✔ F01-contract: uncertainty projection keeps unknown methods, unsupported matcher and user assumptions distinct (55.3889ms)
✔ F01-contract: diagnostics render uncertainty and actual evidence buttons check current/stale source (276.442ms)
✔ F02-profile: one protected inventory, deterministic nested ownership and compatible composition (527.4719ms)
✔ F02-profile: first-match legacy routes/roles remain stable while framework detection composes (50.8354ms)
✔ F02-profile: registration conflict, dependency cycle and missing prerequisites fail before facts (1.3355ms)
✔ F02-profile: static literals, constants, objects, arrays, property access, concatenation and syntactic wrapper (3.4473ms)
✔ F02-profile: getter never manufactures configuration (1.6095ms)
✔ F02-profile: helper never manufactures configuration (0.8857ms)
✔ F02-profile: env never manufactures configuration (0.8975ms)
✔ F02-profile: computed never manufactures configuration (0.6413ms)
✔ F02-profile: spread never manufactures configuration (0.7405ms)
✔ F02-profile: cycle never manufactures configuration (0.7155ms)
✔ F02-profile: shadowed wrapper never manufactures configuration (0.499ms)
✔ F02-profile: malformed never manufactures configuration (1.0059ms)
✔ F02-profile: mutation never manufactures configuration (0.9599ms)
✔ F02-profile: initializer mutation never manufactures configuration (0.5394ms)
✔ F02-profile: prefix mutation never manufactures configuration (1.3439ms)
✔ F02-profile: delete mutation never manufactures configuration (0.8064ms)
✔ F02-profile: tag helper never manufactures configuration (1.1689ms)
✔ F02-profile: ambiguous wrapper never manufactures configuration (0.7015ms)
✔ F02-profile: unknown environment branches retain conditions and never collapse into defaults (1.3502ms)
✔ F02-profile: executable config sentinel is read as text and never creates its file (44.068ms)
✔ F02-profile: public metadata names do not open secrets, dependency code, generated source or arbitrary configs (36.7036ms)
✔ F02-profile: symlink/workspace junctions and escaped aliases are denied without target reads (37.3077ms)
✔ F02-profile: explicit variants have independent keys/witnesses; platform/SSR/production semantics stay deferred (113.3827ms)
✔ F02-profile: every protected resolution is classified; duplicate workspace names stay ambiguous (90.3942ms)
✔ F00-resource: node/depth/string/config-dependency/glob bounds and deterministic cycle diagnostics (521.5771ms)
✔ F00-resource: cancellation/deadline/read limits never publish partial generations (148.1236ms)
✔ F02-profile: configuration dependencies refresh/invalidate without changing graph or exact Impact (250.7428ms)
✔ F02-profile: public metadata evidence survives persistence, checks Unicode ranges and becomes stale (211.8916ms)
✔ F02-profile: malformed and unsupported metadata stays explicit; invalid byte encodings are not evidence (55.0032ms)
✔ F02-profile: fixture/oracle hashes and exact infrastructure tuple are mandatory (42.013ms)
✔ F02-profile: Python environments are excluded and dependency families cannot create false framework detection (325.9764ms)
✔ F02-profile: wrong source hashes and cross-project/profile sources never resolve internally (34.2479ms)
✔ F02-profile: config uncertainty is scoped to its profile and cannot alter unrelated verified imports (52.4048ms)
✔ F00-resource: safe globs check cancellation inside adversarial matching and retain no truncated singleton (90.977ms)
✔ F00-resource: cancellation between discovery and parsing preserves the current stored snapshot (19.2384ms)
✔ F02-profile: inherited configuration cycles and missing metadata have typed capability gaps and source proof (40.9969ms)
✔ qualification vite7-react18/browser-development: pinned expanded module oracle and source witnesses (5318.6492ms)
ℹ {"tuple":"vite7-react18","profile":"browser-development","facts":51,"registrations":3,"candidates":0,"gaps":19,"forbiddenGuessedFacts":0}
✔ qualification vite7-react18/browser-production: pinned expanded module oracle and source witnesses (3926.5458ms)
ℹ {"tuple":"vite7-react18","profile":"browser-production","facts":51,"registrations":3,"candidates":0,"gaps":19,"forbiddenGuessedFacts":0}
✔ qualification vite8-react19/browser-development: pinned expanded module oracle and source witnesses (3124.9075ms)
ℹ {"tuple":"vite8-react19","profile":"browser-development","facts":51,"registrations":3,"candidates":0,"gaps":19,"forbiddenGuessedFacts":0}
✔ qualification vite8-react19/browser-production: pinned expanded module oracle and source witnesses (3355.0837ms)
ℹ {"tuple":"vite8-react19","profile":"browser-production","facts":51,"registrations":3,"candidates":0,"gaps":19,"forbiddenGuessedFacts":0}
✔ qualification vite8-react19/ssr-production: pinned expanded module oracle and source witnesses (2731.8466ms)
ℹ {"tuple":"vite8-react19","profile":"ssr-production","facts":47,"registrations":3,"candidates":0,"gaps":23,"forbiddenGuessedFacts":0}
✔ qualification: Vite 8 native TS paths browser-development agrees with controlled compiler (708.779ms)
✔ qualification: Vite 8 native TS paths browser-production agrees with controlled compiler (489.4174ms)
✔ qualification: Vite 8 native TS paths ssr-production agrees with controlled compiler (490.9843ms)
✔ qualification: pinned React plugins reject transforms, shadowing, mutation and version drift (2198.6498ms)
✔ qualification: publicDir disable/custom and unsafe exports retain explicit boundaries (1522.6802ms)
✔ qualification: namespace components, context consumers, hook callbacks and class lifecycle are associations (3429.0139ms)
✔ qualification: imperative navigation requires one proved router, callbacks remain framework bindings (1688.6965ms)
✔ qualification: nested router and plugin syntax depth/size limits fail explicitly (3008.0777ms)
✔ qualification: active framework cancellation/deadline preserves persisted generation and recovers (1726.2269ms)
✔ qualification: metadata and glob limits pass at ceiling and reject above without guessed facts (1148.6458ms)
✔ qualification: retained pinned matcher oracle maps to supported neutral registrations (286.917ms)
✔ qualification: actual syntax below/at/above 100k nodes and generation fact ceiling (38623.4104ms)
✔ qualification: distributed routes reach 10k ceiling and overflow remains an explicit gap (50285.8875ms)
✔ qualification: state/reducer initialization and React 19 callbacks are version-qualified (768.503ms)
✔ qualification: transparent component aliases preserve the complete event/call investigation (397.4773ms)
✔ vite7-react18: entries, composition, handlers, hooks and dependencies keep independent witnesses (2665.5878ms)
✔ vite8-react19: entries, composition, handlers, hooks and dependencies keep independent witnesses (2369.4404ms)
✔ F03: legacy import projection, exact Impact and type-only edges remain unchanged (395.4291ms)
✔ F03: glob exclusion/eager/lazy options and asset/worker facts never become calls (238.1235ms)
✔ F03: computed config produces boundaries instead of guessed runtime edges (186.1825ms)
✔ F03: plugins config produces boundaries instead of guessed runtime edges (150.4908ms)
✔ F03: escape config produces boundaries instead of guessed runtime edges (170.8782ms)
✔ F03: unsupported callback props, inline effects and dynamic navigation stay explicit (326.2365ms)
✔ F03: nested route/loader/action bindings are navigation, never HTTP claims (173.9951ms)
✔ F03: incremental/full equivalence and changed HTML/config witnesses become stale (704.9591ms)
✔ F03: contract rejects binary source masquerading and malformed resource bindings (184.6555ms)
✔ vite7-react18: retained controlled build oracle hashes and named runtime module parity (206.1957ms)
✔ vite8-react19: retained controlled build oracle hashes and named runtime module parity (174.7158ms)
✔ F03: original UTF-16/BOM/CRLF/Unicode witnesses and explicit browser/SSR variants (967.1733ms)
✔ F03: literal aliases preserve runtime/type distinctions and divergent calls stay outside framework traces (308.895ms)
✔ F03: Vite 8 opt-in TS paths resolve separately; Vite 7 never assumes the plugin (1074.4696ms)
✔ F03: JavaScript/class/memo/forwardRef aliases and inline callbacks retain lexical ownership (493.112ms)
✔ F03: named barrel aliases retain intermediate witnesses and stale barrel changes are detected (391.8631ms)
✔ F03: developer proxy facts never establish a production origin; rewrites remain exact or unknown (391.8302ms)
✔ F03: HTML comments/raw text/templates/duplicate attributes never create guessed entries (0.8563ms)
✔ F03: configuration execution/egress, escaped aliases and symlinks remain denied (995.0022ms)
✔ F03: aliased React implementation and reassigned exported handlers cannot create framework facts (965.9091ms)
✔ F03: retained accepted FS-02 v3 payload remains byte/canonical compatible (2378.8566ms)
✔ F03: adapter fact budget is generation-local and cancellation never returns a partial snapshot (466.1812ms)
✔ F03: React DOM version mismatch and shadowed classic JSX factory withhold roots (878.391ms)
✔ F03: custom proxy request hooks and worker queries on assets remain boundaries (482.5405ms)
✔ F03: production HTML entry selection never guesses custom build inputs (917.5852ms)
✔ F03: aliased React DOM subpath cannot be mistaken for the qualified platform root API (574.7385ms)
✔ F03: above-limit syntax and glob sets emit resource gaps without truncated framework facts (39920.0604ms)
✔ F03: invalid UTF-8 preserves legacy decoding but explicitly excludes new framework facts (341.9669ms)
✔ F04 pinned route and rewrite matcher parity (6.5076ms)
✔ F04 next15/node-development: routes, actions, witnesses and incremental roundtrip (4690.419ms)
✔ F04 next15/node-production: routes, actions, witnesses and incremental roundtrip (4204.2209ms)
✔ F04 next15/browser: routes, actions, witnesses and incremental roundtrip (3961.361ms)
✔ F04 next16-preservation/node-development: routes, actions, witnesses and incremental roundtrip (4020.3277ms)
✔ F04 next16-preservation/node-production: routes, actions, witnesses and incremental roundtrip (4818.9776ms)
✔ F04 next16-preservation/browser: routes, actions, witnesses and incremental roundtrip (5269.1775ms)
✔ F04 next16-patch/node-development: routes, actions, witnesses and incremental roundtrip (4329.4826ms)
✔ F04 next16-patch/node-production: routes, actions, witnesses and incremental roundtrip (3594.2651ms)
✔ F04 next16-patch/browser: routes, actions, witnesses and incremental roundtrip (2900.1177ms)
✔ F04 node22/node-development: native resolution oracle and registration parity (158.3403ms)
✔ F04 node22/node-production: native resolution oracle and registration parity (97.4426ms)
✔ F04 node24/node-development: native resolution oracle and registration parity (83.2481ms)
✔ F04 node24/node-production: native resolution oracle and registration parity (97.1436ms)
✔ F04 pages dispatch, config order/conditions and version-specific proxy declarations (298.8956ms)
✔ F04 inline actions, ambiguous props and version drift stay evidence-bound (820.8437ms)
✔ F04 Node runtime: ESM exact extension, require search, package conditions and builtins remain separate from TS aliases (63.7093ms)
✔ F04 unknown Next version and dynamic configuration cannot qualify new routes (444.236ms)
✔ F04 Node registrations and unique CommonJS exports reject mutated receivers/exports (71.4854ms)
✔ F04 mutated request dispatch and unresolved explicit HEAD cannot become framework-derived methods (232.1567ms)
✔ F04 native Node ignores tsconfig paths while Next uses a protected one-target path (277.6731ms)
✔ F04 literal interception records soft navigation context; literal Link has unique route evidence (238.7452ms)
✔ F04 custom pageExtensions, source ownership, lifecycle exports and imperative navigation (253.5769ms)
✔ F04 config is never executed and nonerasable native TS remains unresolved (107.2691ms)
✔ F04 original BOM/CRLF/Unicode witnesses and action alias retain exact ranges (3529.3362ms)
✔ F04 derived methods have distinct occurrences and endpoint aliases trace to a service (534.9713ms)
✔ F04 active cancellation/deadline inside Node/Next preserves stored generation and recovers (1573.3573ms)
✔ F04 shared snapshot rejects noncallable action targets (1227.1151ms)
✔ F04 Middleware runtime and mutable Link stay explicit boundaries (498.0468ms)
✔ F04 convention entries, Pages switch dispatch, re-exports and marker/lifecycle operations (898.2649ms)
✔ F04 CJS re-export, duplicate global aliases and conditional assignment boundaries (180.8001ms)
✔ F04 native TS erasure oracle and type-only runtime exclusion (179.8991ms)
✔ F04 native profiles cannot qualify JSX or typed JavaScript accepted by a bundler parser (273.0237ms)
✔ FS05 original bytes, BOM, CRLF and Unicode ranges (7.4394ms)
✔ FS05 Windows contained parser accepts controlled syntax without executing it (959.7403ms)
✔ FS05 unsupported encodings fail closed without replacement (2.5306ms)
✔ FS05 Python composes with TS/JS through shared v3 snapshots (1133.9895ms)
✔ FS05 decorators, reassignment, attributes and dynamic binding never guess calls (728.6854ms)
✔ FS05 cancellation refuses worker work and supports a fresh session (678.7294ms)
✔ FS05 controlled semantic fixture verifies exact calls and forbidden guesses (899.6332ms)
✔ FS05 namespace/src roots, re-exports and shadowed import sites remain distinct (3227.7456ms)
✔ FS05 protected exclusions and failed parser retain TS/JS (69.1638ms)
✔ FS05 async refresh preserves previous publication after failure or pause (33.3913ms)
✔ FS05 active cancellation releases the single-worker lease and source byte limits recover (2296.3995ms)
✔ FS05 a paused asynchronous generation cannot publish late (32.9412ms)
✔ FS05 Python import exclusions, stubs, external packages and root escapes stay separate (792.6587ms)
✔ FS05 neutral output rejects AST leakage, wrong hashes and fact/node budget overflow (140.2229ms)
✔ FS05 reopened Python generation is retained when parser startup fails (714.8681ms)
✔ FS05 Python edits are watched through the shared protected refresh scheduler (1517.9142ms)
✔ FS05 package/submodule attribute collisions cannot prove a callable export (721.6142ms)
✔ FS05 cancellation cannot bypass retained neutral syntax reuse (1387.1019ms)
✔ FS05 built-in and frozen imports cannot resolve to shadowing project files (660.0658ms)
✔ FS06 real Windows watch publishes complete settings and template edits and pause retains prior publication (31942.9421ms)
✔ FS06 literal routing keeps order, namespaces, distinct registrations and framework calls separate (1707.6861ms)
✔ FS06 source sentinels are never executed and similarly named APIs cannot register URLs (2147.0769ms)
✔ FS06 repeated mounts at identical prefixes retain source-backed distinct IDs (1746.1076ms)
✔ FS06 django52 local C3 mixin override and custom dispatch boundary (1488.0898ms)
✔ FS06 django52 DRF api_view methods preserve external OPTIONS (1429.7169ms)
✔ FS06 django52 path-mode SimpleRouter list/detail/custom action declarations (1476.3404ms)
✔ FS06 django52 DefaultRouter path-mode suffix declarations preserve unsupported matchers and external root (1437.4785ms)
✔ FS06 django52 manager and QuerySet declarations never establish custom runtime dispatch (1571.7566ms)
✔ FS06 django52 all pinned APIView and generic CBV classes retain method-specific external boundaries (1725.0552ms)
✔ FS06 django60 local C3 mixin override and custom dispatch boundary (1334.8735ms)
✔ FS06 django60 DRF api_view methods preserve external OPTIONS (1296.4244ms)
✔ FS06 django60 path-mode SimpleRouter list/detail/custom action declarations (1435.0379ms)
✔ FS06 django60 DefaultRouter path-mode suffix declarations preserve unsupported matchers and external root (1409.837ms)
✔ FS06 django60 manager and QuerySet declarations never establish custom runtime dispatch (1370.0276ms)
✔ FS06 django60 all pinned APIView and generic CBV classes retain method-specific external boundaries (1409.2632ms)
✔ FS06 templates preserve literal lookup and named URL witnesses without executing render (1405.5137ms)
✔ FS06 models, ORM intent, signals and admin remain declared framework relationships (1560.4569ms)
✔ FS06 explicit settings variant follows bounded named literal inheritance and missing selection stays unresolved (2829.839ms)
✔ FS06 wildcard and computed inherited settings never become verified routes (1433.2962ms)
✔ FS06 repeated mounted CBV bindings retain each registration source (1827.8316ms)
✔ FS06 exact oracle tuples and shared metadata are required, with no qualification badge from syntax alone (2278.6311ms)
✔ FS06 unsupported regex/converters, stacked decorators and dynamic templates retain typed uncertainty (2016.7651ms)
✔ FS06 middleware hooks, app-ready and command ownership are conditional declarations (1873.1289ms)
✔ FS06 custom template engine and traversal names are withheld behind protected read boundaries (1512.5457ms)
✔ FS06 explicit installed app association preserves FS02 owners and excludes independent child packages (3295.1698ms)
✔ FS06 opaque class/method decorators cannot prove models or router dispatch (1903.3401ms)
✔ FS06 template keyword names and explicit engine overrides preserve uncertainty (1363.7867ms)
✔ FS06 local Django namespace shadowing cannot create verified framework registrations (1463.8259ms)
✔ FS06 mutated or escaped router instances cannot create verified endpoints (2925.311ms)
✔ FS06 multiple explicit settings profiles retain separate variants and mutation never chooses a root (4002.3124ms)
✔ FS06 standard converters and slash metadata stay literal while regex and custom converters retain gaps (1469.267ms)
✔ FS06 async FBV and qualified HTTP decorator preserve downstream calls without framework-call promotion (1242.0959ms)
✔ FS06 duplicate signal registrations retain occurrences without implying signal emission (1513.9505ms)
✔ FS06 edited settings and template bytes refresh source evidence and remain full/incremental equivalent (3638.7725ms)
✔ FS06 mutable settings containers cannot prove installed-app or middleware registration (1082.1905ms)
✔ FS06 qualification django52 routers (15662.9459ms)
✔ FS06 qualification django52 formats (40776.2312ms)
✔ FS06 qualification django52 includes (7486.9701ms)
✔ FS06 qualification django52 decorators (10243.7182ms)
✔ FS06 qualification django52 converters (3385.1453ms)
✔ FS06 qualification django52 dynamic routes and decorators (6955.1639ms)
✔ FS06 qualification django52 models and serializers (18800.4652ms)
✔ FS06 qualification django52 signals boundaries (5625.6633ms)
✔ FS06 qualification django52 templates boundaries and positions (15886.5675ms)
✔ FS06 qualification django60 routers (22042.4094ms)
✔ FS06 qualification django60 formats (51485.2275ms)
✔ FS06 qualification django60 includes (12211.9821ms)
✔ FS06 qualification django60 decorators (14666.1125ms)
✔ FS06 qualification django60 converters (4787.9801ms)
✔ FS06 qualification django60 dynamic routes and decorators (8096.5348ms)
✔ FS06 qualification django60 models and serializers (24270.7871ms)
✔ FS06 qualification django60 signals boundaries (6657.082ms)
✔ FS06 qualification django60 templates boundaries and positions (14140.9326ms)
✔ local adapter preserves exact dependency evidence, diagnostics and round trips (919.2997ms)
✔ deduplication reports first occurrence and retains type-only aggregation (112.0717ms)
✔ structural queries include type-only dependents and terminate on cycles (124.9413ms)
✔ snapshot validator rejects incompatible, dangling, escaped and forged evidence (198.7597ms)
✔ read policy excludes sensitive sources and common output directories (193.5872ms)
✔ outside config inheritance is reported and cannot yield approximate edges (53.9486ms)
✔ JSON dependency config inheritance remains static and inside the root (81.374ms)
✔ symlink escapes are never selected, resolved or read as evidence (41.4274ms)
✔ resource and enumeration failures are explicit; large files are not partially parsed (182.681ms)
✔ binary and declaration files have explicit coverage (36.0698ms)
✔ framework route evidence and withheld routes survive normalization (203.4179ms)
✔ local analysis never requests network or executes repository configuration/scripts (70.7217ms)
✔ retired GitHub ingestion and cloud adapters cannot accept local repository roots (18.1619ms)
✔ protected import graph and visualization cannot reach cloud/server capabilities (52.2871ms)
✔ existing parser and graph verification scripts work against fixture output (2679.1122ms)
✔ selection can use bounded reader without hidden process-current-directory reads (13.9654ms)
✔ fresh migrations explicitly authorize every audited legacy writer operation (6.0979ms)
✔ legacy writer repair contains only scoped grants without altering reader or RLS security (2.1627ms)
✔ desktop protocol rejects malformed versions, arbitrary commands, fields and query budgets (6.9404ms)
✔ sidecar analyzes a non-Git directory, reports stages, scopes queries and detects stale evidence offline (2160.0169ms)
✔ sidecar refuses an unselected root and bounded framing rejects oversized or invalid input (5664.2231ms)
✔ cancel and crash can terminate a busy process and a fresh engine can retry (12567.6126ms)
✔ empty directory produces an honest empty snapshot and projection does not fabricate edges (40.303ms)
✔ desktop capability/config prevents broad renderer native access and cloud frontend startup (7.0669ms)
✔ SQLite round trips canonical evidence, full diagnostics, registrations, settings and outcomes (414.4034ms)
✔ failed/cancelled refresh, ownership conflicts and failed publication preserve the last complete result (367.5966ms)
✔ schema upgrade failure rolls back and future versions/incomplete snapshots are retained and rejected (213.5973ms)
✔ missing roots and changed/deleted evidence remain historical; forgetting cascades local records only (256.7523ms)
✔ crashing during a SQLite publication rolls back and dead job owners recover as interrupted (449.4123ms)
✔ private process restart reopens SQLite offline without parsing, including an unavailable root (4758.6131ms)
✔ cancelling the actual persistent engine preserves its previous complete snapshot and records the owner outcome (4054.1412ms)
✔ storage protocol denies arbitrary filesystem/SQL/provider operations and injected roots (3.1433ms)
✔ native startup watchdog displays bounded recovery when hydration fails and clears after readiness (9.6138ms)
✔ pilot traces and impact have deterministic shortest verified witnesses across cycles and type-only edges (406.9304ms)
✔ depth and result budgets disclose exact omissions without truncating traversal truth (184.3636ms)
✔ search and structural Ask disambiguate real paths and export names and withhold unsupported answers (190.5481ms)
✔ empty snapshots and stale source do not turn missing or historical evidence into current truth (266.5286ms)
✔ investigation boundaries reject hostile query fields, unknown intents and forged witness IPC results (207.224ms)
✔ pilot measurement allowlists reject strings, repository payloads and invalid numbers at every storage boundary (503.297ms)
✔ offline private engine investigations survive SQLite restart and expose real witness references (1558.7187ms)
✔ pilot measurement transport has no repository or remote payload affordance (1.3164ms)
✔ explanation packages contain bounded verified metadata, hashes and gaps, never source or roots (187.6126ms)
✔ folder/investigation selection is explicit, bounded and cannot manufacture evidence (48.4479ms)
✔ local explanation cache separates approved provenance/model/prompt and cascades on forgetting (2346.1847ms)
✔ native-only provider transport preserves the restrictive renderer and local engine boundary (3.0456ms)
✔ provider choice survives the approval dialog and citations do not depend on provider wire JSON (1.5346ms)
✔ installed agents have bounded native adapters, no renderer CLI/root/key authority or structural writes (2.0317ms)
✔ dense long-path evidence fits the unchanged budget without losing the selected file (55.9124ms)
✔ static calls resolve local/imported aliases, named reexports, defaults and JavaScript without type dependencies (776.7344ms)
✔ shadowed, duplicated, mutable, skipped, missing and receiver bindings never become fabricated calls (628.8572ms)
✔ existing Next and Nest route declarations bind uniquely; computed handlers remain explicit gaps (309.7571ms)
✔ same-line handlers retain exact binding ranges and duplicate methods/indirect reassignments remain withheld (520.2482ms)
✔ reference initializers retain lexical targets while receiver type guesses never establish method references/calls (562.0353ms)
✔ decorators, class initializers, getters and default parameters never become enclosing handler/body calls (554.7916ms)
✔ route bindings follow actual framework provenance and exact verb imports, including same-line decorators (506.7741ms)
✔ a shared virtual compiler namespace never manufactures implicit cross-file/package global calls (509.5387ms)
✔ bounded traces terminate on recursion, disclose limits and preserve canonical source witnesses and test candidates (382.4254ms)
✔ symbol validator rejects forged provenance/owners/targets and missing rich snapshots; SQLite retains old complete data until refresh (590.0289ms)
✔ optional richer explanations are bounded, metadata-only, cited through hash-checked files and exact-payload digest (308.9913ms)
✔ incremental syntax reuse equals every full snapshot fact after aliases/reexports/conditional call changes (2000.1519ms)
✔ add/delete/rename, syntax skips, config/package/global-framework changes safely rebuild and match full analysis (3129.2814ms)
✔ protected observations reject concurrent writes, missing-target additions and directory changes (1150.282ms)
✔ a replaced selected root cannot be read through an existing authorized reader (177.9525ms)
✔ atomic scheduler rejects stale/cancelled generations and concurrent changes before publication (997.4891ms)
✔ actual Windows/platform watcher coalesces edits, handles rename/config/new directories, pauses/loss and full recovery (5954.9115ms)
✔ unknown/overflow/burst event hints force full analysis; repeated failure degrades without losing prior publication (1630.3024ms)
✔ PID/session cancellation rejects later generation publication and cache digests preserve only matching evidence (1297.6692ms)
✔ watch transport accepts only bounded authorized-session operations and metrics (4.3254ms)
✔ model-free ordering and stable score ties use depth then exact ID (7.4714ms)
✔ unknown/duplicate/missing candidates, nonfinite scores, extra fields and stale identities fall back (5.7994ms)
✔ timeouts, failures and cancellation abort adapter and do not leak exception text (24.7347ms)
✔ adapter inputs are immutable and output cannot change candidates/witnesses (2.1122ms)
✔ bounded ranking changes only inspection order, retains verified witnesses and unchanged impact (307.9947ms)
✔ budget/depth/cycles, disabled ranking and cancellation preserve bounded model-free behavior (79.3609ms)
✔ snapshot mutation during await is rejected instead of returning stale evidence (69.0469ms)
✔ repeatable replay, consent and secure local record deletion without telemetry or source (145.2566ms)
✔ incomplete/no-ground-truth judgments are null and MRR declares denominator (67.9518ms)
✔ denied egress still supports baseline and records visible failure fallback (59.5314ms)
✔ stored CLI summary separates held-out cases and includes failures rather than favorable-only MRR (1732.263ms)
✔ analytic neural gradient matches finite differences for every parameter (17.811ms)
✔ bundled artifact pin, finite shape, bounded vocabulary-free features and scores (9.8162ms)
✔ worker input excludes source, arbitrary paths, duplicate nodes and stale identity formats (3.4637ms)
✔ real isolated worker inference is offline, repeatable and terminable (313.5351ms)
✔ missing, corrupt, wrong pin and unqualified artifacts use deterministic fallback (23.6981ms)
✔ worker timeout and cancellation terminate inference and preserve deterministic ordering (468.752ms)
✔ cold worker initialization timeout is failure, never cancellation, and retains deterministic candidates (14.7451ms)
✔ desktop ranking validates current snapshot and witnesses, keeps graph and Impact byte-identical (969.3661ms)
✔ desktop protocol rejects renderer artifact/runtime paths and excessive limits (3.1703ms)
✔ documented Windows fixture produces the declared bounded model/baseline witnesses (563.4542ms)
✔ every renderer command is declared and narrowly authorized by the native manifest/capability (3.9938ms)
✔ seeded small training repeats exactly and held-out labels cannot enter fitting (110.7633ms)
ℹ tests 316
ℹ suites 0
ℹ pass 316
ℹ fail 0
ℹ cancelled 0
ℹ skipped 0
ℹ todo 0
ℹ duration_ms 729660.9226
