✔ F01-contract: v3 round trip, repeated analysis and incremental facts are deterministic (485.5266ms)
✔ F01-contract: the retained real v2 baseline round trips and requires explicit reanalysis (899.5589ms)
✔ F01-contract: import projection and exact Impact remain equivalent to legacy parsing (206.1212ms)
✔ F01-contract: fixture source/output hashes and semantic golden are executable (98.4339ms)
✔ F01-contract: supported HTTP, dispatch-dependent, page and navigation contracts remain separate (106.7144ms)
✔ F01-contract: multi-file registration/declaration/config witnesses open current original source (157.9566ms)
✔ F01-contract rejects duplicate registration (102.0409ms)
✔ F01-contract rejects dangling profile (108.4692ms)
✔ F01-contract rejects unsupported variant (96.5494ms)
✔ F01-contract rejects dangling target (100.3709ms)
✔ F01-contract rejects source ownership mismatch (88.9774ms)
✔ F01-contract rejects noncallable endpoint (96.7728ms)
✔ F01-contract rejects unknown enum (93.5143ms)
✔ F01-contract rejects fabricated position (103.4091ms)
✔ F01-contract rejects wrong evidence hash (104.0949ms)
✔ F01-contract rejects missing declaration witness (98.5719ms)
✔ F01-contract rejects unknown method guessed GET (97.2838ms)
✔ F01-contract rejects navigation carries HTTP method (90.8253ms)
✔ F01-contract rejects unsupported matcher without gap (87.2431ms)
✔ F01-contract rejects candidate promoted to import (99.8169ms)
✔ F01-contract rejects candidate missing uncertainty (92.1933ms)
✔ F01-contract rejects candidate overflow hidden (97.4811ms)
✔ F01-contract rejects qualified without ledger (87.5318ms)
✔ F01-contract rejects forbidden config evidence (94.678ms)
✔ F01-contract rejects forbidden sensitive directory witness (94.4081ms)
✔ F01-contract rejects source archive field (95.5929ms)
✔ F01-contract rejects user assumption disguised as verified (89.9112ms)
✔ F01-contract: only a matching complete positive/negative/Windows ledger can qualify (87.6353ms)
✔ F00-position: original Unicode/BOM/combining/CRLF byte and UTF-16 ranges agree (2.4471ms)
✔ F01-contract: request pins reject old/missing contracts before publication (81.7522ms)
✔ F01-contract: interrupted/failed v2 reanalysis retains payload; atomic v3 publication and future-version protection (582.6033ms)
✔ F01-contract: uncertainty projection keeps unknown methods, unsupported matcher and user assumptions distinct (82.773ms)
✔ F01-contract: diagnostics render uncertainty and actual evidence buttons check current/stale source (463.4779ms)
✔ F02-profile: one protected inventory, deterministic nested ownership and compatible composition (710.9474ms)
✔ F02-profile: first-match legacy routes/roles remain stable while framework detection composes (80.0535ms)
✔ F02-profile: registration conflict, dependency cycle and missing prerequisites fail before facts (1.6224ms)
✔ F02-profile: static literals, constants, objects, arrays, property access, concatenation and syntactic wrapper (6.5514ms)
✔ F02-profile: getter never manufactures configuration (2.4936ms)
✔ F02-profile: helper never manufactures configuration (0.9154ms)
✔ F02-profile: env never manufactures configuration (0.7641ms)
✔ F02-profile: computed never manufactures configuration (0.7452ms)
✔ F02-profile: spread never manufactures configuration (0.6229ms)
✔ F02-profile: cycle never manufactures configuration (0.8972ms)
✔ F02-profile: shadowed wrapper never manufactures configuration (1.0209ms)
✔ F02-profile: malformed never manufactures configuration (1.6564ms)
✔ F02-profile: mutation never manufactures configuration (1.1445ms)
✔ F02-profile: initializer mutation never manufactures configuration (0.868ms)
✔ F02-profile: prefix mutation never manufactures configuration (1.6589ms)
✔ F02-profile: delete mutation never manufactures configuration (1.7656ms)
✔ F02-profile: tag helper never manufactures configuration (3.0967ms)
✔ F02-profile: ambiguous wrapper never manufactures configuration (1.9701ms)
✔ F02-profile: unknown environment branches retain conditions and never collapse into defaults (2.3901ms)
✔ F02-profile: executable config sentinel is read as text and never creates its file (59.5145ms)
✔ F02-profile: public metadata names do not open secrets, dependency code, generated source or arbitrary configs (58.7717ms)
✔ F02-profile: symlink/workspace junctions and escaped aliases are denied without target reads (56.6791ms)
✔ F02-profile: explicit variants have independent keys/witnesses; platform/SSR/production semantics stay deferred (176.721ms)
✔ F02-profile: every protected resolution is classified; duplicate workspace names stay ambiguous (132.0216ms)
✔ F00-resource: node/depth/string/config-dependency/glob bounds and deterministic cycle diagnostics (781.3172ms)
✔ F00-resource: cancellation/deadline/read limits never publish partial generations (184.6616ms)
✔ F02-profile: configuration dependencies refresh/invalidate without changing graph or exact Impact (337.7771ms)
✔ F02-profile: public metadata evidence survives persistence, checks Unicode ranges and becomes stale (210.0989ms)
✔ F02-profile: malformed and unsupported metadata stays explicit; invalid byte encodings are not evidence (65.7871ms)
✔ F02-profile: fixture/oracle hashes and exact infrastructure tuple are mandatory (88.3294ms)
✔ F02-profile: Python environments are excluded and dependency families cannot create false framework detection (52.1094ms)
✔ F02-profile: wrong source hashes and cross-project/profile sources never resolve internally (40.8591ms)
✔ F02-profile: config uncertainty is scoped to its profile and cannot alter unrelated verified imports (66.709ms)
✔ F00-resource: safe globs check cancellation inside adversarial matching and retain no truncated singleton (119.9518ms)
✔ F00-resource: cancellation between discovery and parsing preserves the current stored snapshot (33.8603ms)
✔ F02-profile: inherited configuration cycles and missing metadata have typed capability gaps and source proof (66.1731ms)
✔ qualification vite7-react18/browser-development: pinned expanded module oracle and source witnesses (5196.02ms)
ℹ {"tuple":"vite7-react18","profile":"browser-development","facts":51,"registrations":3,"candidates":0,"gaps":19,"forbiddenGuessedFacts":0}
✔ qualification vite7-react18/browser-production: pinned expanded module oracle and source witnesses (5302.065ms)
ℹ {"tuple":"vite7-react18","profile":"browser-production","facts":51,"registrations":3,"candidates":0,"gaps":19,"forbiddenGuessedFacts":0}
✔ qualification vite8-react19/browser-development: pinned expanded module oracle and source witnesses (6183.2654ms)
ℹ {"tuple":"vite8-react19","profile":"browser-development","facts":51,"registrations":3,"candidates":0,"gaps":19,"forbiddenGuessedFacts":0}
✔ qualification vite8-react19/browser-production: pinned expanded module oracle and source witnesses (4464.8775ms)
ℹ {"tuple":"vite8-react19","profile":"browser-production","facts":51,"registrations":3,"candidates":0,"gaps":19,"forbiddenGuessedFacts":0}
✔ qualification vite8-react19/ssr-production: pinned expanded module oracle and source witnesses (4075.9224ms)
ℹ {"tuple":"vite8-react19","profile":"ssr-production","facts":47,"registrations":3,"candidates":0,"gaps":23,"forbiddenGuessedFacts":0}
✔ qualification: Vite 8 native TS paths browser-development agrees with controlled compiler (570.892ms)
✔ qualification: Vite 8 native TS paths browser-production agrees with controlled compiler (572.769ms)
✔ qualification: Vite 8 native TS paths ssr-production agrees with controlled compiler (640.0384ms)
✔ qualification: pinned React plugins reject transforms, shadowing, mutation and version drift (2533.0375ms)
✔ qualification: publicDir disable/custom and unsafe exports retain explicit boundaries (2620.672ms)
✔ qualification: namespace components, context consumers, hook callbacks and class lifecycle are associations (3797.3307ms)
✔ qualification: imperative navigation requires one proved router, callbacks remain framework bindings (1863.5751ms)
✔ qualification: nested router and plugin syntax depth/size limits fail explicitly (3921.8081ms)
✔ qualification: active framework cancellation/deadline preserves persisted generation and recovers (2389.475ms)
✔ qualification: metadata and glob limits pass at ceiling and reject above without guessed facts (1650.9102ms)
✔ qualification: retained pinned matcher oracle maps to supported neutral registrations (534.2997ms)
✔ qualification: actual syntax below/at/above 100k nodes and generation fact ceiling (58548.2694ms)
✔ qualification: distributed routes reach 10k ceiling and overflow remains an explicit gap (98539.3338ms)
✔ qualification: state/reducer initialization and React 19 callbacks are version-qualified (1027.764ms)
✔ qualification: transparent component aliases preserve the complete event/call investigation (537.3162ms)
✔ vite7-react18: entries, composition, handlers, hooks and dependencies keep independent witnesses (2894.6056ms)
✔ vite8-react19: entries, composition, handlers, hooks and dependencies keep independent witnesses (2311.2585ms)
✔ F03: legacy import projection, exact Impact and type-only edges remain unchanged (374.1879ms)
✔ F03: glob exclusion/eager/lazy options and asset/worker facts never become calls (275.6216ms)
✔ F03: computed config produces boundaries instead of guessed runtime edges (202.2548ms)
✔ F03: plugins config produces boundaries instead of guessed runtime edges (212.3034ms)
✔ F03: escape config produces boundaries instead of guessed runtime edges (230.6826ms)
✔ F03: unsupported callback props, inline effects and dynamic navigation stay explicit (479.4127ms)
✔ F03: nested route/loader/action bindings are navigation, never HTTP claims (249.1473ms)
✔ F03: incremental/full equivalence and changed HTML/config witnesses become stale (1000.0868ms)
✔ F03: contract rejects binary source masquerading and malformed resource bindings (364.732ms)
✔ vite7-react18: retained controlled build oracle hashes and named runtime module parity (379.4229ms)
✔ vite8-react19: retained controlled build oracle hashes and named runtime module parity (336.0452ms)
✔ F03: original UTF-16/BOM/CRLF/Unicode witnesses and explicit browser/SSR variants (1349.1934ms)
✔ F03: literal aliases preserve runtime/type distinctions and divergent calls stay outside framework traces (409.8982ms)
✔ F03: Vite 8 opt-in TS paths resolve separately; Vite 7 never assumes the plugin (871.7785ms)
✔ F03: JavaScript/class/memo/forwardRef aliases and inline callbacks retain lexical ownership (384.3481ms)
✔ F03: named barrel aliases retain intermediate witnesses and stale barrel changes are detected (322.3177ms)
✔ F03: developer proxy facts never establish a production origin; rewrites remain exact or unknown (441.9621ms)
✔ F03: HTML comments/raw text/templates/duplicate attributes never create guessed entries (1.17ms)
✔ F03: configuration execution/egress, escaped aliases and symlinks remain denied (857.8699ms)
✔ F03: aliased React implementation and reassigned exported handlers cannot create framework facts (418.6071ms)
✔ F03: retained accepted FS-02 v3 payload remains byte/canonical compatible (1421.518ms)
✔ F03: adapter fact budget is generation-local and cancellation never returns a partial snapshot (379.5494ms)
✔ F03: React DOM version mismatch and shadowed classic JSX factory withhold roots (534.1242ms)
✔ F03: custom proxy request hooks and worker queries on assets remain boundaries (257.6599ms)
✔ F03: production HTML entry selection never guesses custom build inputs (651.8306ms)
✔ F03: aliased React DOM subpath cannot be mistaken for the qualified platform root API (249.8422ms)
✔ F03: above-limit syntax and glob sets emit resource gaps without truncated framework facts (33678.0726ms)
✔ F03: invalid UTF-8 preserves legacy decoding but explicitly excludes new framework facts (316.6848ms)
✔ F04 pinned route and rewrite matcher parity (7.3823ms)
✔ F04 next15/node-development: routes, actions, witnesses and incremental roundtrip (6098.5955ms)
✔ F04 next15/node-production: routes, actions, witnesses and incremental roundtrip (6596.0074ms)
✔ F04 next15/browser: routes, actions, witnesses and incremental roundtrip (5626.0543ms)
✔ F04 next16-preservation/node-development: routes, actions, witnesses and incremental roundtrip (5602.7467ms)
✔ F04 next16-preservation/node-production: routes, actions, witnesses and incremental roundtrip (4693.1595ms)
✔ F04 next16-preservation/browser: routes, actions, witnesses and incremental roundtrip (3857.4815ms)
✔ F04 next16-patch/node-development: routes, actions, witnesses and incremental roundtrip (4268.204ms)
✔ F04 next16-patch/node-production: routes, actions, witnesses and incremental roundtrip (4200.7988ms)
✔ F04 next16-patch/browser: routes, actions, witnesses and incremental roundtrip (4298.1694ms)
✔ F04 node22/node-development: native resolution oracle and registration parity (207.1332ms)
✔ F04 node22/node-production: native resolution oracle and registration parity (123.2949ms)
✔ F04 node24/node-development: native resolution oracle and registration parity (129.8262ms)
✔ F04 node24/node-production: native resolution oracle and registration parity (139.712ms)
✔ F04 pages dispatch, config order/conditions and version-specific proxy declarations (391.4278ms)
✔ F04 inline actions, ambiguous props and version drift stay evidence-bound (1022.8801ms)
✔ F04 Node runtime: ESM exact extension, require search, package conditions and builtins remain separate from TS aliases (89.0654ms)
✔ F04 unknown Next version and dynamic configuration cannot qualify new routes (649.6645ms)
✔ F04 Node registrations and unique CommonJS exports reject mutated receivers/exports (72.6768ms)
✔ F04 mutated request dispatch and unresolved explicit HEAD cannot become framework-derived methods (285.0528ms)
✔ F04 native Node ignores tsconfig paths while Next uses a protected one-target path (438.7803ms)
✔ F04 literal interception records soft navigation context; literal Link has unique route evidence (464.5732ms)
✔ F04 custom pageExtensions, source ownership, lifecycle exports and imperative navigation (454.498ms)
✔ F04 config is never executed and nonerasable native TS remains unresolved (174.2384ms)
✔ F04 original BOM/CRLF/Unicode witnesses and action alias retain exact ranges (3950.5173ms)
✔ F04 derived methods have distinct occurrences and endpoint aliases trace to a service (624.8195ms)
✔ F04 active cancellation/deadline inside Node/Next preserves stored generation and recovers (1165.1021ms)
✔ F04 shared snapshot rejects noncallable action targets (301.1662ms)
✔ F04 Middleware runtime and mutable Link stay explicit boundaries (472.8452ms)
✔ F04 convention entries, Pages switch dispatch, re-exports and marker/lifecycle operations (709.4075ms)
✔ F04 CJS re-export, duplicate global aliases and conditional assignment boundaries (167.8956ms)
✔ F04 native TS erasure oracle and type-only runtime exclusion (127.7154ms)
✔ F04 native profiles cannot qualify JSX or typed JavaScript accepted by a bundler parser (235.2613ms)
✔ FS05 original bytes, BOM, CRLF and Unicode ranges (8.2394ms)
✔ FS05 Windows contained parser accepts controlled syntax without executing it (1703.1788ms)
✔ FS05 unsupported encodings fail closed without replacement (2.9065ms)
✔ FS05 Python composes with TS/JS through shared v3 snapshots (1347.2555ms)
✔ FS05 decorators, reassignment, attributes and dynamic binding never guess calls (821.2733ms)
✔ FS05 cancellation refuses worker work and supports a fresh session (763.8542ms)
✔ FS05 controlled semantic fixture verifies exact calls and forbidden guesses (1373.3995ms)
✔ FS05 namespace/src roots, re-exports and shadowed import sites remain distinct (3402.8829ms)
✔ FS05 protected exclusions and failed parser retain TS/JS (100.6164ms)
✔ FS05 async refresh preserves previous publication after failure or pause (62.4727ms)
✔ FS05 active cancellation releases the single-worker lease and source byte limits recover (2318.8648ms)
✔ FS05 a paused asynchronous generation cannot publish late (38.9327ms)
✔ FS05 Python import exclusions, stubs, external packages and root escapes stay separate (760.7223ms)
✔ FS05 neutral output rejects AST leakage, wrong hashes and fact/node budget overflow (140.673ms)
✔ FS05 reopened Python generation is retained when parser startup fails (826.084ms)
✔ FS05 Python edits are watched through the shared protected refresh scheduler (1566.0187ms)
✔ FS05 package/submodule attribute collisions cannot prove a callable export (739.9219ms)
✔ FS05 cancellation cannot bypass retained neutral syntax reuse (1434.3792ms)
✔ FS05 built-in and frozen imports cannot resolve to shadowing project files (871.7502ms)
✔ FS06 real Windows watch publishes complete settings and template edits and pause retains prior publication (33988.9985ms)
✔ FS06 literal routing keeps order, namespaces, distinct registrations and framework calls separate (1789.8527ms)
✔ FS06 source sentinels are never executed and similarly named APIs cannot register URLs (1915.1174ms)
✔ FS06 repeated mounts at identical prefixes retain source-backed distinct IDs (2120.5209ms)
✔ FS06 django52 local C3 mixin override and custom dispatch boundary (2197.7107ms)
✔ FS06 django52 DRF api_view methods preserve external OPTIONS (2284.7721ms)
✔ FS06 django52 path-mode SimpleRouter list/detail/custom action declarations (1928.9266ms)
✔ FS06 django52 DefaultRouter path-mode suffix declarations preserve unsupported matchers and external root (2355.7873ms)
✔ FS06 django52 manager and QuerySet declarations never establish custom runtime dispatch (2218.4077ms)
✔ FS06 django52 all pinned APIView and generic CBV classes retain method-specific external boundaries (2346.4506ms)
✔ FS06 django60 local C3 mixin override and custom dispatch boundary (1944.7735ms)
✔ FS06 django60 DRF api_view methods preserve external OPTIONS (1709.1601ms)
✔ FS06 django60 path-mode SimpleRouter list/detail/custom action declarations (1750.9632ms)
✔ FS06 django60 DefaultRouter path-mode suffix declarations preserve unsupported matchers and external root (1766.312ms)
✔ FS06 django60 manager and QuerySet declarations never establish custom runtime dispatch (1647.0065ms)
✔ FS06 django60 all pinned APIView and generic CBV classes retain method-specific external boundaries (1764.4401ms)
✔ FS06 templates preserve literal lookup and named URL witnesses without executing render (2211.8711ms)
✔ FS06 models, ORM intent, signals and admin remain declared framework relationships (1609.0322ms)
✔ FS06 explicit settings variant follows bounded named literal inheritance and missing selection stays unresolved (3108.4415ms)
✔ FS06 wildcard and computed inherited settings never become verified routes (1597.9388ms)
✔ FS06 repeated mounted CBV bindings retain each registration source (2333.3932ms)
✔ FS06 exact oracle tuples and shared metadata are required, with no qualification badge from syntax alone (1818.7888ms)
✔ FS06 unsupported regex/converters, stacked decorators and dynamic templates retain typed uncertainty (1647.7464ms)
✔ FS06 middleware hooks, app-ready and command ownership are conditional declarations (1828.7125ms)
✔ FS06 custom template engine and traversal names are withheld behind protected read boundaries (1498.6824ms)
✔ FS06 explicit installed app association preserves FS02 owners and excludes independent child packages (3424.1833ms)
✔ FS06 opaque class/method decorators cannot prove models or router dispatch (1621.2372ms)
✔ FS06 template keyword names and explicit engine overrides preserve uncertainty (1727.125ms)
✔ FS06 local Django namespace shadowing cannot create verified framework registrations (1623.7843ms)
✔ FS06 mutated or escaped router instances cannot create verified endpoints (2970.371ms)
✔ FS06 multiple explicit settings profiles retain separate variants and mutation never chooses a root (4424.148ms)
✔ FS06 standard converters and slash metadata stay literal while regex and custom converters retain gaps (1729.793ms)
✔ FS06 async FBV and qualified HTTP decorator preserve downstream calls without framework-call promotion (1357.342ms)
✔ FS06 duplicate signal registrations retain occurrences without implying signal emission (1447.8623ms)
✔ FS06 edited settings and template bytes refresh source evidence and remain full/incremental equivalent (4216.1378ms)
✔ FS06 mutable settings containers cannot prove installed-app or middleware registration (2124.0816ms)
✔ FS06 qualification django52 routers (25136.8314ms)
✔ FS06 qualification django52 formats (70444.2363ms)
✔ FS06 qualification django52 includes (11804.6331ms)
✔ FS06 qualification django52 decorators (14783.668ms)
✔ FS06 qualification django52 converters (4601.2323ms)
✔ FS06 qualification django52 dynamic routes and decorators (10040.2005ms)
✔ FS06 qualification django52 models and serializers (22831.4629ms)
✔ FS06 qualification django52 signals boundaries (6724.2616ms)
✔ FS06 qualification django52 templates boundaries and positions (14686.9683ms)
✔ FS06 qualification django60 routers (23084.1958ms)
✔ FS06 qualification django60 formats (56261.841ms)
✔ FS06 qualification django60 includes (12933.271ms)
✔ FS06 qualification django60 decorators (15290.649ms)
✔ FS06 qualification django60 converters (6872.3196ms)
✔ FS06 qualification django60 dynamic routes and decorators (11489.5647ms)
✔ FS06 qualification django60 models and serializers (22799.2498ms)
✔ FS06 qualification django60 signals boundaries (5886.5871ms)
✔ FS06 qualification django60 templates boundaries and positions (13504.0268ms)
✔ local adapter preserves exact dependency evidence, diagnostics and round trips (392.8403ms)
✔ deduplication reports first occurrence and retains type-only aggregation (39.8797ms)
✔ structural queries include type-only dependents and terminate on cycles (92.937ms)
✔ snapshot validator rejects incompatible, dangling, escaped and forged evidence (149.0838ms)
✔ read policy excludes sensitive sources and common output directories (124.7327ms)
✔ outside config inheritance is reported and cannot yield approximate edges (48.2464ms)
✔ JSON dependency config inheritance remains static and inside the root (59.4045ms)
✔ symlink escapes are never selected, resolved or read as evidence (34.2507ms)
✔ resource and enumeration failures are explicit; large files are not partially parsed (141.0116ms)
✔ binary and declaration files have explicit coverage (25.8841ms)
✔ framework route evidence and withheld routes survive normalization (148.3638ms)
✔ local analysis never requests network or executes repository configuration/scripts (49.472ms)
✔ retired GitHub ingestion and cloud adapters cannot accept local repository roots (71.5174ms)
✔ protected import graph and visualization cannot reach cloud/server capabilities (65.5614ms)
✔ existing parser and graph verification scripts work against fixture output (2098.6787ms)
✔ selection can use bounded reader without hidden process-current-directory reads (15.0601ms)
✔ fresh migrations explicitly authorize every audited legacy writer operation (64.9807ms)
✔ legacy writer repair contains only scoped grants without altering reader or RLS security (2.1059ms)
✔ desktop protocol rejects malformed versions, arbitrary commands, fields and query budgets (4.1765ms)
✔ sidecar analyzes a non-Git directory, reports stages, scopes queries and detects stale evidence offline (1961.3232ms)
✔ sidecar refuses an unselected root and bounded framing rejects oversized or invalid input (6419.2312ms)
✔ cancel and crash can terminate a busy process and a fresh engine can retry (11595.7237ms)
✔ empty directory produces an honest empty snapshot and projection does not fabricate edges (27.2423ms)
✔ desktop capability/config prevents broad renderer native access and cloud frontend startup (940.7314ms)
✔ SQLite round trips canonical evidence, full diagnostics, registrations, settings and outcomes (396.0394ms)
✔ failed/cancelled refresh, ownership conflicts and failed publication preserve the last complete result (358.5861ms)
✔ schema upgrade failure rolls back and future versions/incomplete snapshots are retained and rejected (219.7448ms)
✔ missing roots and changed/deleted evidence remain historical; forgetting cascades local records only (267.2721ms)
✔ crashing during a SQLite publication rolls back and dead job owners recover as interrupted (484.4592ms)
✔ private process restart reopens SQLite offline without parsing, including an unavailable root (5119.6654ms)
✔ cancelling the actual persistent engine preserves its previous complete snapshot and records the owner outcome (4116.8608ms)
✔ storage protocol denies arbitrary filesystem/SQL/provider operations and injected roots (2.0349ms)
✔ native startup watchdog displays bounded recovery when hydration fails and clears after readiness (8.2085ms)
✔ pilot traces and impact have deterministic shortest verified witnesses across cycles and type-only edges (379.4714ms)
✔ depth and result budgets disclose exact omissions without truncating traversal truth (175.4166ms)
✔ search and structural Ask disambiguate real paths and export names and withhold unsupported answers (170.4364ms)
✔ empty snapshots and stale source do not turn missing or historical evidence into current truth (192.0213ms)
✔ investigation boundaries reject hostile query fields, unknown intents and forged witness IPC results (172.4897ms)
✔ pilot measurement allowlists reject strings, repository payloads and invalid numbers at every storage boundary (503.3192ms)
✔ offline private engine investigations survive SQLite restart and expose real witness references (1734.4172ms)
✔ pilot measurement transport has no repository or remote payload affordance (34.7103ms)
✔ explanation packages contain bounded verified metadata, hashes and gaps, never source or roots (207.6973ms)
✔ folder/investigation selection is explicit, bounded and cannot manufacture evidence (46.2164ms)
✔ local explanation cache separates approved provenance/model/prompt and cascades on forgetting (2310.3092ms)
✔ native-only provider transport preserves the restrictive renderer and local engine boundary (28.7988ms)
✔ provider choice survives the approval dialog and citations do not depend on provider wire JSON (1.4873ms)
✔ installed agents have bounded native adapters, no renderer CLI/root/key authority or structural writes (3.3804ms)
✔ dense long-path evidence fits the unchanged budget without losing the selected file (54.6049ms)
✔ static calls resolve local/imported aliases, named reexports, defaults and JavaScript without type dependencies (918.4904ms)
✔ shadowed, duplicated, mutable, skipped, missing and receiver bindings never become fabricated calls (572.7347ms)
✔ existing Next and Nest route declarations bind uniquely; computed handlers remain explicit gaps (352.4397ms)
✔ same-line handlers retain exact binding ranges and duplicate methods/indirect reassignments remain withheld (617.5303ms)
✔ reference initializers retain lexical targets while receiver type guesses never establish method references/calls (594.6548ms)
✔ decorators, class initializers, getters and default parameters never become enclosing handler/body calls (556.3587ms)
✔ route bindings follow actual framework provenance and exact verb imports, including same-line decorators (562.1869ms)
✔ a shared virtual compiler namespace never manufactures implicit cross-file/package global calls (523.2039ms)
✔ bounded traces terminate on recursion, disclose limits and preserve canonical source witnesses and test candidates (416.7362ms)
✔ symbol validator rejects forged provenance/owners/targets and missing rich snapshots; SQLite retains old complete data until refresh (573.4994ms)
✔ optional richer explanations are bounded, metadata-only, cited through hash-checked files and exact-payload digest (319.4721ms)
✔ incremental syntax reuse equals every full snapshot fact after aliases/reexports/conditional call changes (2771.4566ms)
✔ add/delete/rename, syntax skips, config/package/global-framework changes safely rebuild and match full analysis (3657.3459ms)
✔ protected observations reject concurrent writes, missing-target additions and directory changes (957.149ms)
✔ a replaced selected root cannot be read through an existing authorized reader (170.4603ms)
✔ atomic scheduler rejects stale/cancelled generations and concurrent changes before publication (541.1937ms)
✔ actual Windows/platform watcher coalesces edits, handles rename/config/new directories, pauses/loss and full recovery (3711.5689ms)
✔ unknown/overflow/burst event hints force full analysis; repeated failure degrades without losing prior publication (1084.851ms)
✔ PID/session cancellation rejects later generation publication and cache digests preserve only matching evidence (914.2204ms)
✔ watch transport accepts only bounded authorized-session operations and metrics (2.9853ms)
✔ model-free ordering and stable score ties use depth then exact ID (5.4841ms)
✔ unknown/duplicate/missing candidates, nonfinite scores, extra fields and stale identities fall back (3.3892ms)
✔ timeouts, failures and cancellation abort adapter and do not leak exception text (22.8727ms)
✔ adapter inputs are immutable and output cannot change candidates/witnesses (1.867ms)
✔ bounded ranking changes only inspection order, retains verified witnesses and unchanged impact (208.8388ms)
✔ budget/depth/cycles, disabled ranking and cancellation preserve bounded model-free behavior (62.4983ms)
✔ snapshot mutation during await is rejected instead of returning stale evidence (58.8141ms)
✔ repeatable replay, consent and secure local record deletion without telemetry or source (128.6982ms)
✔ incomplete/no-ground-truth judgments are null and MRR declares denominator (68.5655ms)
✔ denied egress still supports baseline and records visible failure fallback (62.8073ms)
✔ stored CLI summary separates held-out cases and includes failures rather than favorable-only MRR (1553.4643ms)
✔ analytic neural gradient matches finite differences for every parameter (11.7011ms)
✔ bundled artifact pin, finite shape, bounded vocabulary-free features and scores (5.1489ms)
✔ worker input excludes source, arbitrary paths, duplicate nodes and stale identity formats (2.2864ms)
✔ real isolated worker inference is offline, repeatable and terminable (241.3875ms)
✔ missing, corrupt, wrong pin and unqualified artifacts use deterministic fallback (16.672ms)
✔ worker timeout and cancellation terminate inference and preserve deterministic ordering (266.7464ms)
✔ cold worker initialization timeout is failure, never cancellation, and retains deterministic candidates (7.9807ms)
✔ desktop ranking validates current snapshot and witnesses, keeps graph and Impact byte-identical (477.3074ms)
✔ desktop protocol rejects renderer artifact/runtime paths and excessive limits (2.1122ms)
✔ documented Windows fixture produces the declared bounded model/baseline witnesses (429.9044ms)
✔ every renderer command is declared and narrowly authorized by the native manifest/capability (4.0709ms)
✔ seeded small training repeats exactly and held-out labels cannot enter fitting (87.7242ms)
ℹ tests 316
ℹ suites 0
ℹ pass 316
ℹ fail 0
ℹ cancelled 0
ℹ skipped 0
ℹ todo 0
ℹ duration_ms 888902.467
