✔ F01-contract: v3 round trip, repeated analysis and incremental facts are deterministic (372.8282ms)
✔ F01-contract: the retained real v2 baseline round trips and requires explicit reanalysis (641.0207ms)
✔ F01-contract: import projection and exact Impact remain equivalent to legacy parsing (127.9204ms)
✔ F01-contract: fixture source/output hashes and semantic golden are executable (73.7606ms)
✔ F01-contract: supported HTTP, dispatch-dependent, page and navigation contracts remain separate (73.0822ms)
✔ F01-contract: multi-file registration/declaration/config witnesses open current original source (103.5157ms)
✔ F01-contract rejects duplicate registration (64.2489ms)
✔ F01-contract rejects dangling profile (63.5627ms)
✔ F01-contract rejects unsupported variant (69.2564ms)
✔ F01-contract rejects dangling target (64.9821ms)
✔ F01-contract rejects source ownership mismatch (68.9835ms)
✔ F01-contract rejects noncallable endpoint (66.1888ms)
✔ F01-contract rejects unknown enum (63.3135ms)
✔ F01-contract rejects fabricated position (60.5448ms)
✔ F01-contract rejects wrong evidence hash (64.5887ms)
✔ F01-contract rejects missing declaration witness (66.4038ms)
✔ F01-contract rejects unknown method guessed GET (69.0626ms)
✔ F01-contract rejects navigation carries HTTP method (70.5553ms)
✔ F01-contract rejects unsupported matcher without gap (76.1861ms)
✔ F01-contract rejects candidate promoted to import (65.8313ms)
✔ F01-contract rejects candidate missing uncertainty (62.7141ms)
✔ F01-contract rejects candidate overflow hidden (71.3315ms)
✔ F01-contract rejects qualified without ledger (69.1651ms)
✔ F01-contract rejects forbidden config evidence (76.7513ms)
✔ F01-contract rejects forbidden sensitive directory witness (66.5356ms)
✔ F01-contract rejects source archive field (69.8739ms)
✔ F01-contract rejects user assumption disguised as verified (69.7709ms)
✔ F01-contract: only a matching complete positive/negative/Windows ledger can qualify (73.259ms)
✔ F00-position: original Unicode/BOM/combining/CRLF byte and UTF-16 ranges agree (1.6605ms)
✔ F01-contract: request pins reject old/missing contracts before publication (68.3427ms)
✔ F01-contract: interrupted/failed v2 reanalysis retains payload; atomic v3 publication and future-version protection (478.2416ms)
✔ F01-contract: uncertainty projection keeps unknown methods, unsupported matcher and user assumptions distinct (68.5168ms)
✔ F01-contract: diagnostics render uncertainty and actual evidence buttons check current/stale source (376.0811ms)
✔ F02-profile: one protected inventory, deterministic nested ownership and compatible composition (496.9383ms)
✔ F02-profile: first-match legacy routes/roles remain stable while framework detection composes (51.4091ms)
✔ F02-profile: registration conflict, dependency cycle and missing prerequisites fail before facts (1.5335ms)
✔ F02-profile: static literals, constants, objects, arrays, property access, concatenation and syntactic wrapper (3.9393ms)
✔ F02-profile: getter never manufactures configuration (1.5162ms)
✔ F02-profile: helper never manufactures configuration (0.9434ms)
✔ F02-profile: env never manufactures configuration (0.9293ms)
✔ F02-profile: computed never manufactures configuration (0.7365ms)
✔ F02-profile: spread never manufactures configuration (0.7852ms)
✔ F02-profile: cycle never manufactures configuration (0.8111ms)
✔ F02-profile: shadowed wrapper never manufactures configuration (0.5929ms)
✔ F02-profile: malformed never manufactures configuration (1.0563ms)
✔ F02-profile: mutation never manufactures configuration (0.8701ms)
✔ F02-profile: initializer mutation never manufactures configuration (0.5202ms)
✔ F02-profile: prefix mutation never manufactures configuration (1.1014ms)
✔ F02-profile: delete mutation never manufactures configuration (1.3472ms)
✔ F02-profile: tag helper never manufactures configuration (1.5709ms)
✔ F02-profile: ambiguous wrapper never manufactures configuration (0.7072ms)
✔ F02-profile: unknown environment branches retain conditions and never collapse into defaults (1.3344ms)
✔ F02-profile: executable config sentinel is read as text and never creates its file (39.2583ms)
✔ F02-profile: public metadata names do not open secrets, dependency code, generated source or arbitrary configs (37.5435ms)
✔ F02-profile: symlink/workspace junctions and escaped aliases are denied without target reads (38.7138ms)
✔ F02-profile: explicit variants have independent keys/witnesses; platform/SSR/production semantics stay deferred (111.8062ms)
✔ F02-profile: every protected resolution is classified; duplicate workspace names stay ambiguous (93.8729ms)
✔ F00-resource: node/depth/string/config-dependency/glob bounds and deterministic cycle diagnostics (551.6641ms)
✔ F00-resource: cancellation/deadline/read limits never publish partial generations (151.1934ms)
✔ F02-profile: configuration dependencies refresh/invalidate without changing graph or exact Impact (230.7971ms)
✔ F02-profile: public metadata evidence survives persistence, checks Unicode ranges and becomes stale (165.2596ms)
✔ F02-profile: malformed and unsupported metadata stays explicit; invalid byte encodings are not evidence (47.1323ms)
✔ F02-profile: fixture/oracle hashes and exact infrastructure tuple are mandatory (82.7419ms)
✔ F02-profile: Python environments are excluded and dependency families cannot create false framework detection (37.7315ms)
✔ F02-profile: wrong source hashes and cross-project/profile sources never resolve internally (29.9311ms)
✔ F02-profile: config uncertainty is scoped to its profile and cannot alter unrelated verified imports (50.9427ms)
✔ F00-resource: safe globs check cancellation inside adversarial matching and retain no truncated singleton (102.4902ms)
✔ F00-resource: cancellation between discovery and parsing preserves the current stored snapshot (24.1823ms)
✔ F02-profile: inherited configuration cycles and missing metadata have typed capability gaps and source proof (52.1495ms)
✔ qualification vite7-react18/browser-development: pinned expanded module oracle and source witnesses (3492.176ms)
ℹ {"tuple":"vite7-react18","profile":"browser-development","facts":51,"registrations":3,"candidates":0,"gaps":19,"forbiddenGuessedFacts":0}
✔ qualification vite7-react18/browser-production: pinned expanded module oracle and source witnesses (3089.2936ms)
ℹ {"tuple":"vite7-react18","profile":"browser-production","facts":51,"registrations":3,"candidates":0,"gaps":19,"forbiddenGuessedFacts":0}
✔ qualification vite8-react19/browser-development: pinned expanded module oracle and source witnesses (2934.2152ms)
ℹ {"tuple":"vite8-react19","profile":"browser-development","facts":51,"registrations":3,"candidates":0,"gaps":19,"forbiddenGuessedFacts":0}
✔ qualification vite8-react19/browser-production: pinned expanded module oracle and source witnesses (2782.0206ms)
ℹ {"tuple":"vite8-react19","profile":"browser-production","facts":51,"registrations":3,"candidates":0,"gaps":19,"forbiddenGuessedFacts":0}
✔ qualification vite8-react19/ssr-production: pinned expanded module oracle and source witnesses (2541.9578ms)
ℹ {"tuple":"vite8-react19","profile":"ssr-production","facts":47,"registrations":3,"candidates":0,"gaps":23,"forbiddenGuessedFacts":0}
✔ qualification: Vite 8 native TS paths browser-development agrees with controlled compiler (423.1318ms)
✔ qualification: Vite 8 native TS paths browser-production agrees with controlled compiler (444.9853ms)
✔ qualification: Vite 8 native TS paths ssr-production agrees with controlled compiler (396.0226ms)
✔ qualification: pinned React plugins reject transforms, shadowing, mutation and version drift (1699.376ms)
✔ qualification: publicDir disable/custom and unsafe exports retain explicit boundaries (1347.2426ms)
✔ qualification: namespace components, context consumers, hook callbacks and class lifecycle are associations (2572.5682ms)
✔ qualification: imperative navigation requires one proved router, callbacks remain framework bindings (1339.9717ms)
✔ qualification: nested router and plugin syntax depth/size limits fail explicitly (2838.672ms)
✔ qualification: active framework cancellation/deadline preserves persisted generation and recovers (1897.5382ms)
✔ qualification: metadata and glob limits pass at ceiling and reject above without guessed facts (1331.7116ms)
✔ qualification: retained pinned matcher oracle maps to supported neutral registrations (288.6833ms)
✔ qualification: actual syntax below/at/above 100k nodes and generation fact ceiling (46443.8646ms)
✔ qualification: distributed routes reach 10k ceiling and overflow remains an explicit gap (75309.8448ms)
✔ qualification: state/reducer initialization and React 19 callbacks are version-qualified (682.308ms)
✔ qualification: transparent component aliases preserve the complete event/call investigation (439.4481ms)
✔ vite7-react18: entries, composition, handlers, hooks and dependencies keep independent witnesses (3072.1029ms)
✔ vite8-react19: entries, composition, handlers, hooks and dependencies keep independent witnesses (2524.6262ms)
✔ F03: legacy import projection, exact Impact and type-only edges remain unchanged (444.6896ms)
✔ F03: glob exclusion/eager/lazy options and asset/worker facts never become calls (256.907ms)
✔ F03: computed config produces boundaries instead of guessed runtime edges (221.3396ms)
✔ F03: plugins config produces boundaries instead of guessed runtime edges (251.2397ms)
✔ F03: escape config produces boundaries instead of guessed runtime edges (330.2896ms)
✔ F03: unsupported callback props, inline effects and dynamic navigation stay explicit (588.4892ms)
✔ F03: nested route/loader/action bindings are navigation, never HTTP claims (272.4549ms)
✔ F03: incremental/full equivalence and changed HTML/config witnesses become stale (980.3772ms)
✔ F03: contract rejects binary source masquerading and malformed resource bindings (252.3032ms)
✔ vite7-react18: retained controlled build oracle hashes and named runtime module parity (308.7042ms)
✔ vite8-react19: retained controlled build oracle hashes and named runtime module parity (258.2577ms)
✔ F03: original UTF-16/BOM/CRLF/Unicode witnesses and explicit browser/SSR variants (1072.771ms)
✔ F03: literal aliases preserve runtime/type distinctions and divergent calls stay outside framework traces (350.01ms)
✔ F03: Vite 8 opt-in TS paths resolve separately; Vite 7 never assumes the plugin (633.6262ms)
✔ F03: JavaScript/class/memo/forwardRef aliases and inline callbacks retain lexical ownership (321.0836ms)
✔ F03: named barrel aliases retain intermediate witnesses and stale barrel changes are detected (333.9169ms)
✔ F03: developer proxy facts never establish a production origin; rewrites remain exact or unknown (396.6511ms)
✔ F03: HTML comments/raw text/templates/duplicate attributes never create guessed entries (1.1236ms)
✔ F03: configuration execution/egress, escaped aliases and symlinks remain denied (689.6729ms)
✔ F03: aliased React implementation and reassigned exported handlers cannot create framework facts (459.4663ms)
✔ F03: retained accepted FS-02 v3 payload remains byte/canonical compatible (1304.9682ms)
✔ F03: adapter fact budget is generation-local and cancellation never returns a partial snapshot (262.2936ms)
✔ F03: React DOM version mismatch and shadowed classic JSX factory withhold roots (474.8976ms)
✔ F03: custom proxy request hooks and worker queries on assets remain boundaries (203.1932ms)
✔ F03: production HTML entry selection never guesses custom build inputs (590.7647ms)
✔ F03: aliased React DOM subpath cannot be mistaken for the qualified platform root API (230.9858ms)
✔ F03: above-limit syntax and glob sets emit resource gaps without truncated framework facts (25143.8614ms)
✔ F03: invalid UTF-8 preserves legacy decoding but explicitly excludes new framework facts (288.7263ms)
✔ F04 pinned route and rewrite matcher parity (8.6044ms)
✔ F04 next15/node-development: routes, actions, witnesses and incremental roundtrip (4468.4152ms)
✔ F04 next15/node-production: routes, actions, witnesses and incremental roundtrip (3794.2539ms)
✔ F04 next15/browser: routes, actions, witnesses and incremental roundtrip (3323.8056ms)
✔ F04 next16-preservation/node-development: routes, actions, witnesses and incremental roundtrip (3407.6031ms)
✔ F04 next16-preservation/node-production: routes, actions, witnesses and incremental roundtrip (3241.4979ms)
✔ F04 next16-preservation/browser: routes, actions, witnesses and incremental roundtrip (2625.8071ms)
✔ F04 next16-patch/node-development: routes, actions, witnesses and incremental roundtrip (2845.7388ms)
✔ F04 next16-patch/node-production: routes, actions, witnesses and incremental roundtrip (2968.9247ms)
✔ F04 next16-patch/browser: routes, actions, witnesses and incremental roundtrip (2733.6514ms)
✔ F04 node22/node-development: native resolution oracle and registration parity (144.4488ms)
✔ F04 node22/node-production: native resolution oracle and registration parity (84.7791ms)
✔ F04 node24/node-development: native resolution oracle and registration parity (87.5279ms)
✔ F04 node24/node-production: native resolution oracle and registration parity (83.6898ms)
✔ F04 pages dispatch, config order/conditions and version-specific proxy declarations (228.5065ms)
✔ F04 inline actions, ambiguous props and version drift stay evidence-bound (660.8291ms)
✔ F04 Node runtime: ESM exact extension, require search, package conditions and builtins remain separate from TS aliases (55.2402ms)
✔ F04 unknown Next version and dynamic configuration cannot qualify new routes (420.9242ms)
✔ F04 Node registrations and unique CommonJS exports reject mutated receivers/exports (50.8341ms)
✔ F04 mutated request dispatch and unresolved explicit HEAD cannot become framework-derived methods (192.5073ms)
✔ F04 native Node ignores tsconfig paths while Next uses a protected one-target path (214.8996ms)
✔ F04 literal interception records soft navigation context; literal Link has unique route evidence (214.8954ms)
✔ F04 custom pageExtensions, source ownership, lifecycle exports and imperative navigation (231.4861ms)
✔ F04 config is never executed and nonerasable native TS remains unresolved (91.3769ms)
✔ F04 original BOM/CRLF/Unicode witnesses and action alias retain exact ranges (2701.7982ms)
✔ F04 derived methods have distinct occurrences and endpoint aliases trace to a service (369.9945ms)
✔ F04 active cancellation/deadline inside Node/Next preserves stored generation and recovers (751.5667ms)
✔ F04 shared snapshot rejects noncallable action targets (182.1258ms)
✔ F04 Middleware runtime and mutable Link stay explicit boundaries (204.1816ms)
✔ F04 convention entries, Pages switch dispatch, re-exports and marker/lifecycle operations (332.1883ms)
✔ F04 CJS re-export, duplicate global aliases and conditional assignment boundaries (92.422ms)
✔ F04 native TS erasure oracle and type-only runtime exclusion (89.2037ms)
✔ F04 native profiles cannot qualify JSX or typed JavaScript accepted by a bundler parser (137.4452ms)
✔ FS05 original bytes, BOM, CRLF and Unicode ranges (4.2999ms)
✔ FS05 Windows contained parser accepts controlled syntax without executing it (463.6871ms)
✔ FS05 unsupported encodings fail closed without replacement (1.7879ms)
✔ FS05 Python composes with TS/JS through shared v3 snapshots (563.4138ms)
✔ FS05 decorators, reassignment, attributes and dynamic binding never guess calls (435.9755ms)
✔ FS05 cancellation refuses worker work and supports a fresh session (456.4677ms)
✔ FS05 controlled semantic fixture verifies exact calls and forbidden guesses (688.3041ms)
✔ FS05 namespace/src roots, re-exports and shadowed import sites remain distinct (2198.2641ms)
✔ FS05 protected exclusions and failed parser retain TS/JS (57.7665ms)
✔ FS05 async refresh preserves previous publication after failure or pause (19.6636ms)
✔ FS05 active cancellation releases the single-worker lease and source byte limits recover (1674.421ms)
✔ FS05 a paused asynchronous generation cannot publish late (24.6558ms)
✔ FS05 Python import exclusions, stubs, external packages and root escapes stay separate (463.9643ms)
✔ FS05 neutral output rejects AST leakage, wrong hashes and fact/node budget overflow (80.9029ms)
✔ FS05 reopened Python generation is retained when parser startup fails (461.6933ms)
✔ FS05 Python edits are watched through the shared protected refresh scheduler (955.4981ms)
✔ FS05 package/submodule attribute collisions cannot prove a callable export (454.4924ms)
✔ FS05 cancellation cannot bypass retained neutral syntax reuse (898.0563ms)
✔ FS05 built-in and frozen imports cannot resolve to shadowing project files (480.2556ms)
✔ FS06 real Windows watch publishes complete settings and template edits and pause retains prior publication (19406.6612ms)
✔ FS06 literal routing keeps order, namespaces, distinct registrations and framework calls separate (1013.2025ms)
✔ FS06 source sentinels are never executed and similarly named APIs cannot register URLs (959.1481ms)
✔ FS06 repeated mounts at identical prefixes retain source-backed distinct IDs (938.2262ms)
✔ FS06 django52 local C3 mixin override and custom dispatch boundary (1007.2936ms)
✔ FS06 django52 DRF api_view methods preserve external OPTIONS (933.0018ms)
✔ FS06 django52 path-mode SimpleRouter list/detail/custom action declarations (903.7255ms)
✔ FS06 django52 DefaultRouter path-mode suffix declarations preserve unsupported matchers and external root (914.8549ms)
✔ FS06 django52 manager and QuerySet declarations never establish custom runtime dispatch (940.3093ms)
✔ FS06 django52 all pinned APIView and generic CBV classes retain method-specific external boundaries (979.4956ms)
✔ FS06 django60 local C3 mixin override and custom dispatch boundary (927.2583ms)
✔ FS06 django60 DRF api_view methods preserve external OPTIONS (877.7483ms)
✔ FS06 django60 path-mode SimpleRouter list/detail/custom action declarations (899.5983ms)
✔ FS06 django60 DefaultRouter path-mode suffix declarations preserve unsupported matchers and external root (939.9048ms)
✔ FS06 django60 manager and QuerySet declarations never establish custom runtime dispatch (932.8179ms)
✔ FS06 django60 all pinned APIView and generic CBV classes retain method-specific external boundaries (988.7331ms)
✔ FS06 templates preserve literal lookup and named URL witnesses without executing render (967.8139ms)
✔ FS06 models, ORM intent, signals and admin remain declared framework relationships (947.9199ms)
✔ FS06 explicit settings variant follows bounded named literal inheritance and missing selection stays unresolved (1840.0148ms)
✔ FS06 wildcard and computed inherited settings never become verified routes (930.9569ms)
✔ FS06 repeated mounted CBV bindings retain each registration source (937.7771ms)
✔ FS06 exact oracle tuples and shared metadata are required, with no qualification badge from syntax alone (934.9555ms)
✔ FS06 unsupported regex/converters, stacked decorators and dynamic templates retain typed uncertainty (926.9281ms)
✔ FS06 middleware hooks, app-ready and command ownership are conditional declarations (988.1716ms)
✔ FS06 custom template engine and traversal names are withheld behind protected read boundaries (990.0085ms)
✔ FS06 explicit installed app association preserves FS02 owners and excludes independent child packages (1882.9513ms)
✔ FS06 opaque class/method decorators cannot prove models or router dispatch (967.144ms)
✔ FS06 template keyword names and explicit engine overrides preserve uncertainty (909.9335ms)
✔ FS06 local Django namespace shadowing cannot create verified framework registrations (1006.8442ms)
✔ FS06 mutated or escaped router instances cannot create verified endpoints (1768.2416ms)
✔ FS06 multiple explicit settings profiles retain separate variants and mutation never chooses a root (2883.991ms)
✔ FS06 standard converters and slash metadata stay literal while regex and custom converters retain gaps (949.2986ms)
✔ FS06 async FBV and qualified HTTP decorator preserve downstream calls without framework-call promotion (889.7492ms)
✔ FS06 duplicate signal registrations retain occurrences without implying signal emission (948.4017ms)
✔ FS06 edited settings and template bytes refresh source evidence and remain full/incremental equivalent (2699.9861ms)
✔ FS06 mutable settings containers cannot prove installed-app or middleware registration (914.5627ms)
✔ FS06 qualification django52 routers (13639.2871ms)
✔ FS06 qualification django52 formats (19961.147ms)
✔ FS06 qualification django52 includes (6690.6118ms)
✔ FS06 qualification django52 decorators (8704.8261ms)
✔ FS06 qualification django52 converters (2955.9858ms)
✔ FS06 qualification django52 dynamic routes and decorators (5105.7624ms)
✔ FS06 qualification django52 models and serializers (12706.3235ms)
✔ FS06 qualification django52 signals boundaries (3684.012ms)
✔ FS06 qualification django52 templates boundaries and positions (9295.757ms)
✔ FS06 qualification django60 routers (15500.5805ms)
✔ FS06 qualification django60 formats (21391.81ms)
✔ FS06 qualification django60 includes (7390.0963ms)
✔ FS06 qualification django60 decorators (9568.7241ms)
✔ FS06 qualification django60 converters (3350.0029ms)
✔ FS06 qualification django60 dynamic routes and decorators (6263.1443ms)
✔ FS06 qualification django60 models and serializers (14922.1747ms)
✔ FS06 qualification django60 signals boundaries (4266.7436ms)
✔ FS06 qualification django60 templates boundaries and positions (10427.9652ms)
✔ local adapter preserves exact dependency evidence, diagnostics and round trips (276.2521ms)
✔ deduplication reports first occurrence and retains type-only aggregation (35.6041ms)
✔ structural queries include type-only dependents and terminate on cycles (70.1564ms)
✔ snapshot validator rejects incompatible, dangling, escaped and forged evidence (114.4471ms)
✔ read policy excludes sensitive sources and common output directories (109.6782ms)
✔ outside config inheritance is reported and cannot yield approximate edges (96.3374ms)
✔ JSON dependency config inheritance remains static and inside the root (49.633ms)
✔ symlink escapes are never selected, resolved or read as evidence (23.6416ms)
✔ resource and enumeration failures are explicit; large files are not partially parsed (112.6522ms)
✔ binary and declaration files have explicit coverage (18.6838ms)
✔ framework route evidence and withheld routes survive normalization (91.8454ms)
✔ local analysis never requests network or executes repository configuration/scripts (29.6996ms)
✔ retired GitHub ingestion and cloud adapters cannot accept local repository roots (2.717ms)
✔ protected import graph and visualization cannot reach cloud/server capabilities (13.1184ms)
✔ existing parser and graph verification scripts work against fixture output (1334.0792ms)
✔ selection can use bounded reader without hidden process-current-directory reads (10.0478ms)
✔ fresh migrations explicitly authorize every audited legacy writer operation (94.1471ms)
✔ legacy writer repair contains only scoped grants without altering reader or RLS security (1.4853ms)
✔ desktop protocol rejects malformed versions, arbitrary commands, fields and query budgets (3.3929ms)
✔ sidecar analyzes a non-Git directory, reports stages, scopes queries and detects stale evidence offline (1103.2479ms)
✔ sidecar refuses an unselected root and bounded framing rejects oversized or invalid input (3518.8883ms)
✔ cancel and crash can terminate a busy process and a fresh engine can retry (6401.8624ms)
✔ empty directory produces an honest empty snapshot and projection does not fabricate edges (17.0979ms)
✔ desktop capability/config prevents broad renderer native access and cloud frontend startup (64.1747ms)
✔ SQLite round trips canonical evidence, full diagnostics, registrations, settings and outcomes (274.399ms)
✔ failed/cancelled refresh, ownership conflicts and failed publication preserve the last complete result (266.5948ms)
✔ schema upgrade failure rolls back and future versions/incomplete snapshots are retained and rejected (171.0519ms)
✔ missing roots and changed/deleted evidence remain historical; forgetting cascades local records only (205.8923ms)
✔ crashing during a SQLite publication rolls back and dead job owners recover as interrupted (360.1554ms)
✔ private process restart reopens SQLite offline without parsing, including an unavailable root (2961.2477ms)
✔ cancelling the actual persistent engine preserves its previous complete snapshot and records the owner outcome (2895.3226ms)
✔ storage protocol denies arbitrary filesystem/SQL/provider operations and injected roots (1.3715ms)
✔ native startup watchdog displays bounded recovery when hydration fails and clears after readiness (41.0732ms)
✔ pilot traces and impact have deterministic shortest verified witnesses across cycles and type-only edges (234.3989ms)
✔ depth and result budgets disclose exact omissions without truncating traversal truth (116.2442ms)
✔ search and structural Ask disambiguate real paths and export names and withhold unsupported answers (118.7369ms)
✔ empty snapshots and stale source do not turn missing or historical evidence into current truth (123.5037ms)
✔ investigation boundaries reject hostile query fields, unknown intents and forged witness IPC results (115.2513ms)
✔ pilot measurement allowlists reject strings, repository payloads and invalid numbers at every storage boundary (378.1959ms)
✔ offline private engine investigations survive SQLite restart and expose real witness references (1145.9589ms)
✔ pilot measurement transport has no repository or remote payload affordance (1.0406ms)
✔ explanation packages contain bounded verified metadata, hashes and gaps, never source or roots (121.6941ms)
✔ folder/investigation selection is explicit, bounded and cannot manufacture evidence (30.9578ms)
✔ local explanation cache separates approved provenance/model/prompt and cascades on forgetting (1821.9184ms)
✔ native-only provider transport preserves the restrictive renderer and local engine boundary (20.9715ms)
✔ provider choice survives the approval dialog and citations do not depend on provider wire JSON (1.1159ms)
✔ installed agents have bounded native adapters, no renderer CLI/root/key authority or structural writes (20.1614ms)
✔ dense long-path evidence fits the unchanged budget without losing the selected file (36.2886ms)
✔ static calls resolve local/imported aliases, named reexports, defaults and JavaScript without type dependencies (556.9645ms)
✔ shadowed, duplicated, mutable, skipped, missing and receiver bindings never become fabricated calls (385.3794ms)
✔ existing Next and Nest route declarations bind uniquely; computed handlers remain explicit gaps (237.8102ms)
✔ same-line handlers retain exact binding ranges and duplicate methods/indirect reassignments remain withheld (356.5889ms)
✔ reference initializers retain lexical targets while receiver type guesses never establish method references/calls (381.7036ms)
✔ decorators, class initializers, getters and default parameters never become enclosing handler/body calls (339.8607ms)
✔ route bindings follow actual framework provenance and exact verb imports, including same-line decorators (361.7066ms)
✔ a shared virtual compiler namespace never manufactures implicit cross-file/package global calls (365.7419ms)
✔ bounded traces terminate on recursion, disclose limits and preserve canonical source witnesses and test candidates (276.3716ms)
✔ symbol validator rejects forged provenance/owners/targets and missing rich snapshots; SQLite retains old complete data until refresh (446.3713ms)
✔ optional richer explanations are bounded, metadata-only, cited through hash-checked files and exact-payload digest (242.9862ms)
✔ incremental syntax reuse equals every full snapshot fact after aliases/reexports/conditional call changes (1281.8133ms)
✔ add/delete/rename, syntax skips, config/package/global-framework changes safely rebuild and match full analysis (1566.4667ms)
✔ protected observations reject concurrent writes, missing-target additions and directory changes (481.9886ms)
✔ a replaced selected root cannot be read through an existing authorized reader (112.0037ms)
✔ atomic scheduler rejects stale/cancelled generations and concurrent changes before publication (334.4033ms)
✔ actual Windows/platform watcher coalesces edits, handles rename/config/new directories, pauses/loss and full recovery (2328.264ms)
✔ unknown/overflow/burst event hints force full analysis; repeated failure degrades without losing prior publication (670.6457ms)
✔ PID/session cancellation rejects later generation publication and cache digests preserve only matching evidence (582.5542ms)
✔ watch transport accepts only bounded authorized-session operations and metrics (1.4808ms)
✔ model-free ordering and stable score ties use depth then exact ID (3.4872ms)
✔ unknown/duplicate/missing candidates, nonfinite scores, extra fields and stale identities fall back (2.2717ms)
✔ timeouts, failures and cancellation abort adapter and do not leak exception text (13.0755ms)
✔ adapter inputs are immutable and output cannot change candidates/witnesses (0.8751ms)
✔ bounded ranking changes only inspection order, retains verified witnesses and unchanged impact (134.9908ms)
✔ budget/depth/cycles, disabled ranking and cancellation preserve bounded model-free behavior (39.5876ms)
✔ snapshot mutation during await is rejected instead of returning stale evidence (37.776ms)
✔ repeatable replay, consent and secure local record deletion without telemetry or source (89.9115ms)
✔ incomplete/no-ground-truth judgments are null and MRR declares denominator (33.07ms)
✔ denied egress still supports baseline and records visible failure fallback (32.0957ms)
✔ stored CLI summary separates held-out cases and includes failures rather than favorable-only MRR (986.3324ms)
✔ analytic neural gradient matches finite differences for every parameter (11.0311ms)
✔ bundled artifact pin, finite shape, bounded vocabulary-free features and scores (4.558ms)
✔ worker input excludes source, arbitrary paths, duplicate nodes and stale identity formats (1.2586ms)
✔ real isolated worker inference is offline, repeatable and terminable (155.3696ms)
✔ missing, corrupt, wrong pin and unqualified artifacts use deterministic fallback (15.0044ms)
✔ worker timeout and cancellation terminate inference and preserve deterministic ordering (196.9283ms)
✔ cold worker initialization timeout is failure, never cancellation, and retains deterministic candidates (5.9065ms)
✔ desktop ranking validates current snapshot and witnesses, keeps graph and Impact byte-identical (333.2661ms)
✔ desktop protocol rejects renderer artifact/runtime paths and excessive limits (1.7186ms)
✔ documented Windows fixture produces the declared bounded model/baseline witnesses (268.7287ms)
✔ every renderer command is declared and narrowly authorized by the native manifest/capability (47.7109ms)
✔ seeded small training repeats exactly and held-out labels cannot enter fitting (52.1041ms)
ℹ tests 316
ℹ suites 0
ℹ pass 316
ℹ fail 0
ℹ cancelled 0
ℹ skipped 0
ℹ todo 0
ℹ duration_ms 537743.8808
