✔ F01-contract: v3 round trip, repeated analysis and incremental facts are deterministic (734.2891ms)
✔ F01-contract: the retained real v2 baseline round trips and requires explicit reanalysis (1177.0651ms)
✔ F01-contract: import projection and exact Impact remain equivalent to legacy parsing (234.0442ms)
✔ F01-contract: fixture source/output hashes and semantic golden are executable (112.252ms)
✔ F01-contract: supported HTTP, dispatch-dependent, page and navigation contracts remain separate (120.7122ms)
✔ F01-contract: multi-file registration/declaration/config witnesses open current original source (193.8089ms)
✔ F01-contract rejects duplicate registration (109.566ms)
✔ F01-contract rejects dangling profile (122.4622ms)
✔ F01-contract rejects unsupported variant (97.8226ms)
✔ F01-contract rejects dangling target (114.5959ms)
✔ F01-contract rejects source ownership mismatch (107.8447ms)
✔ F01-contract rejects noncallable endpoint (89.7605ms)
✔ F01-contract rejects unknown enum (114.1064ms)
✔ F01-contract rejects fabricated position (114.6769ms)
✔ F01-contract rejects wrong evidence hash (102.9733ms)
✔ F01-contract rejects missing declaration witness (141.136ms)
✔ F01-contract rejects unknown method guessed GET (113.2284ms)
✔ F01-contract rejects navigation carries HTTP method (147.7546ms)
✔ F01-contract rejects unsupported matcher without gap (111.526ms)
✔ F01-contract rejects candidate promoted to import (98.5403ms)
✔ F01-contract rejects candidate missing uncertainty (106.5393ms)
✔ F01-contract rejects candidate overflow hidden (121.8889ms)
✔ F01-contract rejects qualified without ledger (142.2932ms)
✔ F01-contract rejects forbidden config evidence (151.3546ms)
✔ F01-contract rejects forbidden sensitive directory witness (136.9396ms)
✔ F01-contract rejects source archive field (120.2289ms)
✔ F01-contract rejects user assumption disguised as verified (144.1131ms)
✔ F01-contract: only a matching complete positive/negative/Windows ledger can qualify (132.9943ms)
✔ F00-position: original Unicode/BOM/combining/CRLF byte and UTF-16 ranges agree (2.1963ms)
✔ F01-contract: request pins reject old/missing contracts before publication (109.116ms)
✔ F01-contract: interrupted/failed v2 reanalysis retains payload; atomic v3 publication and future-version protection (909.4214ms)
✔ F01-contract: uncertainty projection keeps unknown methods, unsupported matcher and user assumptions distinct (125.8559ms)
✔ F01-contract: diagnostics render uncertainty and actual evidence buttons check current/stale source (672.813ms)
✔ F02-profile: one protected inventory, deterministic nested ownership and compatible composition (1207.4968ms)
✔ F02-profile: first-match legacy routes/roles remain stable while framework detection composes (103.0092ms)
✔ F02-profile: registration conflict, dependency cycle and missing prerequisites fail before facts (1.9334ms)
✔ F02-profile: static literals, constants, objects, arrays, property access, concatenation and syntactic wrapper (9.1058ms)
✔ F02-profile: getter never manufactures configuration (1.996ms)
✔ F02-profile: helper never manufactures configuration (0.9267ms)
✔ F02-profile: env never manufactures configuration (1.0836ms)
✔ F02-profile: computed never manufactures configuration (0.9938ms)
✔ F02-profile: spread never manufactures configuration (0.9621ms)
✔ F02-profile: cycle never manufactures configuration (3.987ms)
✔ F02-profile: shadowed wrapper never manufactures configuration (1.008ms)
✔ F02-profile: malformed never manufactures configuration (1.7975ms)
✔ F02-profile: mutation never manufactures configuration (2.4729ms)
✔ F02-profile: initializer mutation never manufactures configuration (0.9362ms)
✔ F02-profile: prefix mutation never manufactures configuration (1.8769ms)
✔ F02-profile: delete mutation never manufactures configuration (1.2364ms)
✔ F02-profile: tag helper never manufactures configuration (2.0105ms)
✔ F02-profile: ambiguous wrapper never manufactures configuration (1.1646ms)
✔ F02-profile: unknown environment branches retain conditions and never collapse into defaults (3.4609ms)
✔ F02-profile: executable config sentinel is read as text and never creates its file (81.351ms)
✔ F02-profile: public metadata names do not open secrets, dependency code, generated source or arbitrary configs (116.7367ms)
✔ F02-profile: symlink/workspace junctions and escaped aliases are denied without target reads (73.0243ms)
✔ F02-profile: explicit variants have independent keys/witnesses; platform/SSR/production semantics stay deferred (260.2041ms)
✔ F02-profile: every protected resolution is classified; duplicate workspace names stay ambiguous (218.1048ms)
✔ F00-resource: node/depth/string/config-dependency/glob bounds and deterministic cycle diagnostics (987.6098ms)
✔ F00-resource: cancellation/deadline/read limits never publish partial generations (195.1371ms)
✔ F02-profile: configuration dependencies refresh/invalidate without changing graph or exact Impact (404.9617ms)
✔ F02-profile: public metadata evidence survives persistence, checks Unicode ranges and becomes stale (228.3019ms)
✔ F02-profile: malformed and unsupported metadata stays explicit; invalid byte encodings are not evidence (80.4597ms)
✔ F02-profile: fixture/oracle hashes and exact infrastructure tuple are mandatory (54.8045ms)
✔ F02-profile: Python environments are excluded and dependency families cannot create false framework detection (57.8213ms)
✔ F02-profile: wrong source hashes and cross-project/profile sources never resolve internally (45.9606ms)
✔ F02-profile: config uncertainty is scoped to its profile and cannot alter unrelated verified imports (75.2579ms)
✔ F00-resource: safe globs check cancellation inside adversarial matching and retain no truncated singleton (138.8911ms)
✔ F00-resource: cancellation between discovery and parsing preserves the current stored snapshot (29.1285ms)
✔ F02-profile: inherited configuration cycles and missing metadata have typed capability gaps and source proof (70.0261ms)
✔ qualification vite7-react18/browser-development: pinned expanded module oracle and source witnesses (6413.1006ms)
ℹ {"tuple":"vite7-react18","profile":"browser-development","facts":51,"registrations":3,"candidates":0,"gaps":19,"forbiddenGuessedFacts":0}
✔ qualification vite7-react18/browser-production: pinned expanded module oracle and source witnesses (6286.4506ms)
ℹ {"tuple":"vite7-react18","profile":"browser-production","facts":51,"registrations":3,"candidates":0,"gaps":19,"forbiddenGuessedFacts":0}
✔ qualification vite8-react19/browser-development: pinned expanded module oracle and source witnesses (5864.5545ms)
ℹ {"tuple":"vite8-react19","profile":"browser-development","facts":51,"registrations":3,"candidates":0,"gaps":19,"forbiddenGuessedFacts":0}
✔ qualification vite8-react19/browser-production: pinned expanded module oracle and source witnesses (6479.3947ms)
ℹ {"tuple":"vite8-react19","profile":"browser-production","facts":51,"registrations":3,"candidates":0,"gaps":19,"forbiddenGuessedFacts":0}
✔ qualification vite8-react19/ssr-production: pinned expanded module oracle and source witnesses (6477.6819ms)
ℹ {"tuple":"vite8-react19","profile":"ssr-production","facts":47,"registrations":3,"candidates":0,"gaps":23,"forbiddenGuessedFacts":0}
✔ qualification: Vite 8 native TS paths browser-development agrees with controlled compiler (893.832ms)
✔ qualification: Vite 8 native TS paths browser-production agrees with controlled compiler (874.9319ms)
✔ qualification: Vite 8 native TS paths ssr-production agrees with controlled compiler (1143.7402ms)
✔ qualification: pinned React plugins reject transforms, shadowing, mutation and version drift (4032.0537ms)
✔ qualification: publicDir disable/custom and unsafe exports retain explicit boundaries (1968.0477ms)
✔ qualification: namespace components, context consumers, hook callbacks and class lifecycle are associations (4130.2414ms)
✔ qualification: imperative navigation requires one proved router, callbacks remain framework bindings (1727.1244ms)
✔ qualification: nested router and plugin syntax depth/size limits fail explicitly (3299.9191ms)
✔ qualification: active framework cancellation/deadline preserves persisted generation and recovers (1794.2764ms)
✔ qualification: metadata and glob limits pass at ceiling and reject above without guessed facts (1306.9228ms)
✔ qualification: retained pinned matcher oracle maps to supported neutral registrations (303.9457ms)
✔ qualification: actual syntax below/at/above 100k nodes and generation fact ceiling (56361.9769ms)
✔ qualification: distributed routes reach 10k ceiling and overflow remains an explicit gap (56685.648ms)
✔ qualification: state/reducer initialization and React 19 callbacks are version-qualified (522.8129ms)
✔ qualification: transparent component aliases preserve the complete event/call investigation (280.1108ms)
✔ vite7-react18: entries, composition, handlers, hooks and dependencies keep independent witnesses (1892.382ms)
✔ vite8-react19: entries, composition, handlers, hooks and dependencies keep independent witnesses (1730.3169ms)
✔ F03: legacy import projection, exact Impact and type-only edges remain unchanged (267.7925ms)
✔ F03: glob exclusion/eager/lazy options and asset/worker facts never become calls (246.3892ms)
✔ F03: computed config produces boundaries instead of guessed runtime edges (204.3225ms)
✔ F03: plugins config produces boundaries instead of guessed runtime edges (204.358ms)
✔ F03: escape config produces boundaries instead of guessed runtime edges (173.6562ms)
✔ F03: unsupported callback props, inline effects and dynamic navigation stay explicit (376.3504ms)
✔ F03: nested route/loader/action bindings are navigation, never HTTP claims (173.0236ms)
✔ F03: incremental/full equivalence and changed HTML/config witnesses become stale (831.1295ms)
✔ F03: contract rejects binary source masquerading and malformed resource bindings (228.0507ms)
✔ vite7-react18: retained controlled build oracle hashes and named runtime module parity (220.031ms)
✔ vite8-react19: retained controlled build oracle hashes and named runtime module parity (278.147ms)
✔ F03: original UTF-16/BOM/CRLF/Unicode witnesses and explicit browser/SSR variants (1282.9694ms)
✔ F03: literal aliases preserve runtime/type distinctions and divergent calls stay outside framework traces (484.304ms)
✔ F03: Vite 8 opt-in TS paths resolve separately; Vite 7 never assumes the plugin (808.8125ms)
✔ F03: JavaScript/class/memo/forwardRef aliases and inline callbacks retain lexical ownership (251.1818ms)
✔ F03: named barrel aliases retain intermediate witnesses and stale barrel changes are detected (228.4441ms)
✔ F03: developer proxy facts never establish a production origin; rewrites remain exact or unknown (248.0585ms)
✔ F03: HTML comments/raw text/templates/duplicate attributes never create guessed entries (0.5664ms)
✔ F03: configuration execution/egress, escaped aliases and symlinks remain denied (458.3555ms)
✔ F03: aliased React implementation and reassigned exported handlers cannot create framework facts (406.7073ms)
✔ F03: retained accepted FS-02 v3 payload remains byte/canonical compatible (1095.1462ms)
✔ F03: adapter fact budget is generation-local and cancellation never returns a partial snapshot (226.0558ms)
✔ F03: React DOM version mismatch and shadowed classic JSX factory withhold roots (339.4556ms)
✔ F03: custom proxy request hooks and worker queries on assets remain boundaries (183.7ms)
✔ F03: production HTML entry selection never guesses custom build inputs (414.545ms)
✔ F03: aliased React DOM subpath cannot be mistaken for the qualified platform root API (169.8579ms)
✔ F03: above-limit syntax and glob sets emit resource gaps without truncated framework facts (23797.2313ms)
✔ F03: invalid UTF-8 preserves legacy decoding but explicitly excludes new framework facts (325.9684ms)
✔ F04 pinned route and rewrite matcher parity (10.8547ms)
✔ F04 next15/node-development: routes, actions, witnesses and incremental roundtrip (7465.7116ms)
✔ F04 next15/node-production: routes, actions, witnesses and incremental roundtrip (7089.4693ms)
✔ F04 next15/browser: routes, actions, witnesses and incremental roundtrip (5596.2493ms)
✔ F04 next16-preservation/node-development: routes, actions, witnesses and incremental roundtrip (7604.449ms)
✔ F04 next16-preservation/node-production: routes, actions, witnesses and incremental roundtrip (7268.9165ms)
✔ F04 next16-preservation/browser: routes, actions, witnesses and incremental roundtrip (5053.6316ms)
✔ F04 next16-patch/node-development: routes, actions, witnesses and incremental roundtrip (4731.7234ms)
✔ F04 next16-patch/node-production: routes, actions, witnesses and incremental roundtrip (3910.5911ms)
✔ F04 next16-patch/browser: routes, actions, witnesses and incremental roundtrip (3056.3955ms)
✔ F04 node22/node-development: native resolution oracle and registration parity (129.636ms)
✔ F04 node22/node-production: native resolution oracle and registration parity (92.9279ms)
✔ F04 node24/node-development: native resolution oracle and registration parity (92.4544ms)
✔ F04 node24/node-production: native resolution oracle and registration parity (84.8399ms)
✔ F04 pages dispatch, config order/conditions and version-specific proxy declarations (251.2585ms)
✔ F04 inline actions, ambiguous props and version drift stay evidence-bound (647.7376ms)
✔ F04 Node runtime: ESM exact extension, require search, package conditions and builtins remain separate from TS aliases (55.7228ms)
✔ F04 unknown Next version and dynamic configuration cannot qualify new routes (397.934ms)
✔ F04 Node registrations and unique CommonJS exports reject mutated receivers/exports (48.9382ms)
✔ F04 mutated request dispatch and unresolved explicit HEAD cannot become framework-derived methods (199.6638ms)
✔ F04 native Node ignores tsconfig paths while Next uses a protected one-target path (223.0621ms)
✔ F04 literal interception records soft navigation context; literal Link has unique route evidence (246.9203ms)
✔ F04 custom pageExtensions, source ownership, lifecycle exports and imperative navigation (252.2805ms)
✔ F04 config is never executed and nonerasable native TS remains unresolved (110.5282ms)
✔ F04 original BOM/CRLF/Unicode witnesses and action alias retain exact ranges (3205.5496ms)
✔ F04 derived methods have distinct occurrences and endpoint aliases trace to a service (402.0585ms)
✔ F04 active cancellation/deadline inside Node/Next preserves stored generation and recovers (872.6542ms)
✔ F04 shared snapshot rejects noncallable action targets (198.629ms)
✔ F04 Middleware runtime and mutable Link stay explicit boundaries (251.3368ms)
✔ F04 convention entries, Pages switch dispatch, re-exports and marker/lifecycle operations (439.4154ms)
✔ F04 CJS re-export, duplicate global aliases and conditional assignment boundaries (122.6157ms)
✔ F04 native TS erasure oracle and type-only runtime exclusion (65.9224ms)
✔ F04 native profiles cannot qualify JSX or typed JavaScript accepted by a bundler parser (186.4034ms)
✔ FS05 original bytes, BOM, CRLF and Unicode ranges (6.8744ms)
✔ FS05 Windows contained parser accepts controlled syntax without executing it (1232.4887ms)
✔ FS05 unsupported encodings fail closed without replacement (2.239ms)
✔ FS05 Python composes with TS/JS through shared v3 snapshots (1302.7772ms)
✔ FS05 decorators, reassignment, attributes and dynamic binding never guess calls (853.8757ms)
✔ FS05 cancellation refuses worker work and supports a fresh session (849.9696ms)
✔ FS05 controlled semantic fixture verifies exact calls and forbidden guesses (1252.4469ms)
✔ FS05 namespace/src roots, re-exports and shadowed import sites remain distinct (4587.713ms)
✔ FS05 protected exclusions and failed parser retain TS/JS (140.5727ms)
✔ FS05 async refresh preserves previous publication after failure or pause (55.538ms)
✔ FS05 active cancellation releases the single-worker lease and source byte limits recover (3020.0621ms)
✔ FS05 a paused asynchronous generation cannot publish late (43.1622ms)
✔ FS05 Python import exclusions, stubs, external packages and root escapes stay separate (1080.4791ms)
✔ FS05 neutral output rejects AST leakage, wrong hashes and fact/node budget overflow (158.4406ms)
✔ FS05 reopened Python generation is retained when parser startup fails (1242.9031ms)
✔ FS05 Python edits are watched through the shared protected refresh scheduler (1864.4569ms)
✔ FS05 package/submodule attribute collisions cannot prove a callable export (785.4132ms)
✔ FS05 cancellation cannot bypass retained neutral syntax reuse (2210.6295ms)
✔ FS05 built-in and frozen imports cannot resolve to shadowing project files (1348.6573ms)
✔ FS06 literal routing keeps order, namespaces, distinct registrations and framework calls separate (2657.1909ms)
✔ FS06 source sentinels are never executed and similarly named APIs cannot register URLs (1982.0083ms)
✔ FS06 repeated mounts at identical prefixes retain source-backed distinct IDs (2125.9635ms)
✔ FS06 django52 local C3 mixin override and custom dispatch boundary (2546.9488ms)
✔ FS06 django52 DRF api_view methods preserve external OPTIONS (2084.6694ms)
✔ FS06 django52 path-mode SimpleRouter list/detail/custom action declarations (2459.0516ms)
✔ FS06 django60 local C3 mixin override and custom dispatch boundary (2538.6954ms)
✔ FS06 django60 DRF api_view methods preserve external OPTIONS (1869.2102ms)
✔ FS06 django60 path-mode SimpleRouter list/detail/custom action declarations (2306.8142ms)
✔ FS06 templates preserve literal lookup and named URL witnesses without executing render (2943.6836ms)
✔ FS06 models, ORM intent, signals and admin remain declared framework relationships (3486.8025ms)
✔ FS06 explicit settings variant follows bounded named literal inheritance and missing selection stays unresolved (5980.7712ms)
✔ FS06 wildcard and computed inherited settings never become verified routes (2672.4759ms)
✔ FS06 repeated mounted CBV bindings retain each registration source (2249.4372ms)
✔ FS06 exact oracle tuples and shared metadata are required, with no qualification badge from syntax alone (1493.1723ms)
✔ FS06 unsupported regex/converters, stacked decorators and dynamic templates retain typed uncertainty (1488.2552ms)
✔ FS06 middleware hooks, app-ready and command ownership are conditional declarations (2017.9501ms)
✔ FS06 custom template engine and traversal names are withheld behind protected read boundaries (1320.7974ms)
✔ FS06 explicit installed app association preserves FS02 owners and excludes independent child packages (2623.8782ms)
✔ FS06 opaque class/method decorators cannot prove models or router dispatch (1321.9958ms)
✔ local adapter preserves exact dependency evidence, diagnostics and round trips (733.592ms)
✔ deduplication reports first occurrence and retains type-only aggregation (62.847ms)
✔ structural queries include type-only dependents and terminate on cycles (121.7059ms)
✔ snapshot validator rejects incompatible, dangling, escaped and forged evidence (166.4607ms)
✔ read policy excludes sensitive sources and common output directories (232.7697ms)
✔ outside config inheritance is reported and cannot yield approximate edges (66.8123ms)
✔ JSON dependency config inheritance remains static and inside the root (99.9341ms)
✔ symlink escapes are never selected, resolved or read as evidence (76.7386ms)
✔ resource and enumeration failures are explicit; large files are not partially parsed (286.4792ms)
✔ binary and declaration files have explicit coverage (47.0398ms)
✔ framework route evidence and withheld routes survive normalization (197.0657ms)
✔ local analysis never requests network or executes repository configuration/scripts (59.7383ms)
✔ retired GitHub ingestion and cloud adapters cannot accept local repository roots (4.827ms)
✔ protected import graph and visualization cannot reach cloud/server capabilities (49.3506ms)
✔ existing parser and graph verification scripts work against fixture output (2582.1746ms)
✔ selection can use bounded reader without hidden process-current-directory reads (15.8804ms)
✔ fresh migrations explicitly authorize every audited legacy writer operation (6.8989ms)
✔ legacy writer repair contains only scoped grants without altering reader or RLS security (2.1158ms)
✔ desktop protocol rejects malformed versions, arbitrary commands, fields and query budgets (6.7814ms)
✔ sidecar analyzes a non-Git directory, reports stages, scopes queries and detects stale evidence offline (2614.875ms)
✔ sidecar refuses an unselected root and bounded framing rejects oversized or invalid input (8358.7044ms)
✔ cancel and crash can terminate a busy process and a fresh engine can retry (17309.3189ms)
✔ empty directory produces an honest empty snapshot and projection does not fabricate edges (41.0151ms)
✔ desktop capability/config prevents broad renderer native access and cloud frontend startup (7.636ms)
✔ SQLite round trips canonical evidence, full diagnostics, registrations, settings and outcomes (566.5058ms)
✔ failed/cancelled refresh, ownership conflicts and failed publication preserve the last complete result (595.1524ms)
✔ schema upgrade failure rolls back and future versions/incomplete snapshots are retained and rejected (309.0764ms)
✔ missing roots and changed/deleted evidence remain historical; forgetting cascades local records only (428.195ms)
✔ crashing during a SQLite publication rolls back and dead job owners recover as interrupted (943.2985ms)
✔ private process restart reopens SQLite offline without parsing, including an unavailable root (6864.2755ms)
✔ cancelling the actual persistent engine preserves its previous complete snapshot and records the owner outcome (6858.0404ms)
✔ storage protocol denies arbitrary filesystem/SQL/provider operations and injected roots (2.3911ms)
✔ native startup watchdog displays bounded recovery when hydration fails and clears after readiness (6.3648ms)
✔ pilot traces and impact have deterministic shortest verified witnesses across cycles and type-only edges (579.5906ms)
✔ depth and result budgets disclose exact omissions without truncating traversal truth (260.4715ms)
✔ search and structural Ask disambiguate real paths and export names and withhold unsupported answers (271.67ms)
✔ empty snapshots and stale source do not turn missing or historical evidence into current truth (273.3208ms)
✔ investigation boundaries reject hostile query fields, unknown intents and forged witness IPC results (242.9902ms)
✔ pilot measurement allowlists reject strings, repository payloads and invalid numbers at every storage boundary (612.4186ms)
✔ offline private engine investigations survive SQLite restart and expose real witness references (2784.7771ms)
✔ pilot measurement transport has no repository or remote payload affordance (1.6593ms)
✔ explanation packages contain bounded verified metadata, hashes and gaps, never source or roots (255.4398ms)
✔ folder/investigation selection is explicit, bounded and cannot manufacture evidence (160.5497ms)
✔ local explanation cache separates approved provenance/model/prompt and cascades on forgetting (3029.3786ms)
✔ native-only provider transport preserves the restrictive renderer and local engine boundary (12.0902ms)
✔ provider choice survives the approval dialog and citations do not depend on provider wire JSON (1.8607ms)
✔ installed agents have bounded native adapters, no renderer CLI/root/key authority or structural writes (16.1209ms)
✔ dense long-path evidence fits the unchanged budget without losing the selected file (194.2238ms)
✔ static calls resolve local/imported aliases, named reexports, defaults and JavaScript without type dependencies (1669.5016ms)
✔ shadowed, duplicated, mutable, skipped, missing and receiver bindings never become fabricated calls (1407.6839ms)
✔ existing Next and Nest route declarations bind uniquely; computed handlers remain explicit gaps (727.3614ms)
✔ same-line handlers retain exact binding ranges and duplicate methods/indirect reassignments remain withheld (1252.7154ms)
✔ reference initializers retain lexical targets while receiver type guesses never establish method references/calls (1135.1777ms)
✔ decorators, class initializers, getters and default parameters never become enclosing handler/body calls (1418.5148ms)
✔ route bindings follow actual framework provenance and exact verb imports, including same-line decorators (984.8801ms)
✔ a shared virtual compiler namespace never manufactures implicit cross-file/package global calls (884.4447ms)
✔ bounded traces terminate on recursion, disclose limits and preserve canonical source witnesses and test candidates (721.0521ms)
✔ symbol validator rejects forged provenance/owners/targets and missing rich snapshots; SQLite retains old complete data until refresh (1185.562ms)
✔ optional richer explanations are bounded, metadata-only, cited through hash-checked files and exact-payload digest (525.7737ms)
✔ incremental syntax reuse equals every full snapshot fact after aliases/reexports/conditional call changes (4285.2634ms)
✔ add/delete/rename, syntax skips, config/package/global-framework changes safely rebuild and match full analysis (4863.1332ms)
✔ protected observations reject concurrent writes, missing-target additions and directory changes (1520.0725ms)
✔ a replaced selected root cannot be read through an existing authorized reader (197.1855ms)
✔ atomic scheduler rejects stale/cancelled generations and concurrent changes before publication (879.5764ms)
✔ actual Windows/platform watcher coalesces edits, handles rename/config/new directories, pauses/loss and full recovery (4731.3263ms)
✔ unknown/overflow/burst event hints force full analysis; repeated failure degrades without losing prior publication (1386.7617ms)
✔ PID/session cancellation rejects later generation publication and cache digests preserve only matching evidence (1157.6961ms)
✔ watch transport accepts only bounded authorized-session operations and metrics (2.9364ms)
✔ model-free ordering and stable score ties use depth then exact ID (19.9839ms)
✔ unknown/duplicate/missing candidates, nonfinite scores, extra fields and stale identities fall back (19.8791ms)
✔ timeouts, failures and cancellation abort adapter and do not leak exception text (38.7332ms)
✔ adapter inputs are immutable and output cannot change candidates/witnesses (1.2662ms)
✔ bounded ranking changes only inspection order, retains verified witnesses and unchanged impact (368.0169ms)
✔ budget/depth/cycles, disabled ranking and cancellation preserve bounded model-free behavior (72.2944ms)
✔ snapshot mutation during await is rejected instead of returning stale evidence (137.0481ms)
✔ repeatable replay, consent and secure local record deletion without telemetry or source (278.0833ms)
✔ incomplete/no-ground-truth judgments are null and MRR declares denominator (93.2143ms)
✔ denied egress still supports baseline and records visible failure fallback (108.7107ms)
✔ stored CLI summary separates held-out cases and includes failures rather than favorable-only MRR (2654.1185ms)
✔ analytic neural gradient matches finite differences for every parameter (17.0485ms)
✔ bundled artifact pin, finite shape, bounded vocabulary-free features and scores (8.8208ms)
✔ worker input excludes source, arbitrary paths, duplicate nodes and stale identity formats (1.9771ms)
✔ real isolated worker inference is offline, repeatable and terminable (343.0115ms)
✔ missing, corrupt, wrong pin and unqualified artifacts use deterministic fallback (29.5272ms)
✔ worker timeout and cancellation terminate inference and preserve deterministic ordering (375.1946ms)
✔ cold worker initialization timeout is failure, never cancellation, and retains deterministic candidates (10.5803ms)
✔ desktop ranking validates current snapshot and witnesses, keeps graph and Impact byte-identical (969.8923ms)
✔ desktop protocol rejects renderer artifact/runtime paths and excessive limits (3.4947ms)
✔ documented Windows fixture produces the declared bounded model/baseline witnesses (827.2518ms)
✔ every renderer command is declared and narrowly authorized by the native manifest/capability (3.5034ms)
✔ seeded small training repeats exactly and held-out labels cannot enter fitting (150.4682ms)
ℹ tests 282
ℹ suites 0
ℹ pass 282
ℹ fail 0
ℹ cancelled 0
ℹ skipped 0
ℹ todo 0
ℹ duration_ms 207378.5532
