✔ F01-contract: v3 round trip, repeated analysis and incremental facts are deterministic (941.7094ms)
✔ F01-contract: the retained real v2 baseline round trips and requires explicit reanalysis (1221.3764ms)
✔ F01-contract: import projection and exact Impact remain equivalent to legacy parsing (237.2303ms)
✔ F01-contract: fixture source/output hashes and semantic golden are executable (141.6142ms)
✔ F01-contract: supported HTTP, dispatch-dependent, page and navigation contracts remain separate (273.6872ms)
✔ F01-contract: multi-file registration/declaration/config witnesses open current original source (347.8624ms)
✔ F01-contract rejects duplicate registration (198.5361ms)
✔ F01-contract rejects dangling profile (125.5586ms)
✔ F01-contract rejects unsupported variant (142.093ms)
✔ F01-contract rejects dangling target (146.7371ms)
✔ F01-contract rejects source ownership mismatch (141.4408ms)
✔ F01-contract rejects noncallable endpoint (175.6712ms)
✔ F01-contract rejects unknown enum (148.3823ms)
✔ F01-contract rejects fabricated position (166.6335ms)
✔ F01-contract rejects wrong evidence hash (206.1003ms)
✔ F01-contract rejects missing declaration witness (221.163ms)
✔ F01-contract rejects unknown method guessed GET (171.1022ms)
✔ F01-contract rejects navigation carries HTTP method (187.925ms)
✔ F01-contract rejects unsupported matcher without gap (213.2782ms)
✔ F01-contract rejects candidate promoted to import (187.2632ms)
✔ F01-contract rejects candidate missing uncertainty (317.9164ms)
✔ F01-contract rejects candidate overflow hidden (111.2136ms)
✔ F01-contract rejects qualified without ledger (251.3599ms)
✔ F01-contract rejects forbidden config evidence (205.4891ms)
✔ F01-contract rejects forbidden sensitive directory witness (139.322ms)
✔ F01-contract rejects source archive field (143.3589ms)
✔ F01-contract rejects user assumption disguised as verified (248.2574ms)
✔ F01-contract: only a matching complete positive/negative/Windows ledger can qualify (281.1373ms)
✔ F00-position: original Unicode/BOM/combining/CRLF byte and UTF-16 ranges agree (2.5147ms)
✔ F01-contract: request pins reject old/missing contracts before publication (213.1158ms)
✔ F01-contract: interrupted/failed v2 reanalysis retains payload; atomic v3 publication and future-version protection (972.7536ms)
✔ F01-contract: uncertainty projection keeps unknown methods, unsupported matcher and user assumptions distinct (145.245ms)
✔ F01-contract: diagnostics render uncertainty and actual evidence buttons check current/stale source (812.3038ms)
✔ F02-profile: one protected inventory, deterministic nested ownership and compatible composition (935.0537ms)
✔ F02-profile: first-match legacy routes/roles remain stable while framework detection composes (140.1002ms)
✔ F02-profile: registration conflict, dependency cycle and missing prerequisites fail before facts (2.0005ms)
✔ F02-profile: static literals, constants, objects, arrays, property access, concatenation and syntactic wrapper (6.9852ms)
✔ F02-profile: getter never manufactures configuration (2.5925ms)
✔ F02-profile: helper never manufactures configuration (5.9759ms)
✔ F02-profile: env never manufactures configuration (1.5136ms)
✔ F02-profile: computed never manufactures configuration (1.1656ms)
✔ F02-profile: spread never manufactures configuration (1.5868ms)
✔ F02-profile: cycle never manufactures configuration (1.8579ms)
✔ F02-profile: shadowed wrapper never manufactures configuration (1.5097ms)
✔ F02-profile: malformed never manufactures configuration (1.9185ms)
✔ F02-profile: mutation never manufactures configuration (1.4134ms)
✔ F02-profile: initializer mutation never manufactures configuration (1.0742ms)
✔ F02-profile: prefix mutation never manufactures configuration (2.0024ms)
✔ F02-profile: delete mutation never manufactures configuration (5.826ms)
✔ F02-profile: tag helper never manufactures configuration (11.2729ms)
✔ F02-profile: ambiguous wrapper never manufactures configuration (4.7024ms)
✔ F02-profile: unknown environment branches retain conditions and never collapse into defaults (2.2508ms)
✔ F02-profile: executable config sentinel is read as text and never creates its file (91.3126ms)
✔ F02-profile: public metadata names do not open secrets, dependency code, generated source or arbitrary configs (110.1032ms)
✔ F02-profile: symlink/workspace junctions and escaped aliases are denied without target reads (91.1812ms)
✔ F02-profile: explicit variants have independent keys/witnesses; platform/SSR/production semantics stay deferred (328.9947ms)
✔ F02-profile: every protected resolution is classified; duplicate workspace names stay ambiguous (204.6733ms)
✔ F00-resource: node/depth/string/config-dependency/glob bounds and deterministic cycle diagnostics (994.4945ms)
✔ F00-resource: cancellation/deadline/read limits never publish partial generations (206.3344ms)
✔ F02-profile: configuration dependencies refresh/invalidate without changing graph or exact Impact (495.8328ms)
✔ F02-profile: public metadata evidence survives persistence, checks Unicode ranges and becomes stale (356.935ms)
✔ F02-profile: malformed and unsupported metadata stays explicit; invalid byte encodings are not evidence (136.3243ms)
✔ F02-profile: fixture/oracle hashes and exact infrastructure tuple are mandatory (103.0096ms)
✔ F02-profile: Python environments are excluded and dependency families cannot create false framework detection (87.3262ms)
✔ F02-profile: wrong source hashes and cross-project/profile sources never resolve internally (59.6626ms)
✔ F02-profile: config uncertainty is scoped to its profile and cannot alter unrelated verified imports (131.0888ms)
✔ F00-resource: safe globs check cancellation inside adversarial matching and retain no truncated singleton (192.3336ms)
✔ F00-resource: cancellation between discovery and parsing preserves the current stored snapshot (54.0267ms)
✔ F02-profile: inherited configuration cycles and missing metadata have typed capability gaps and source proof (86.8072ms)
✔ qualification vite7-react18/browser-development: pinned expanded module oracle and source witnesses (7308.0831ms)
ℹ {"tuple":"vite7-react18","profile":"browser-development","facts":51,"registrations":3,"candidates":0,"gaps":19,"forbiddenGuessedFacts":0}
✔ qualification vite7-react18/browser-production: pinned expanded module oracle and source witnesses (6477.5984ms)
ℹ {"tuple":"vite7-react18","profile":"browser-production","facts":51,"registrations":3,"candidates":0,"gaps":19,"forbiddenGuessedFacts":0}
✔ qualification vite8-react19/browser-development: pinned expanded module oracle and source witnesses (6277.1027ms)
ℹ {"tuple":"vite8-react19","profile":"browser-development","facts":51,"registrations":3,"candidates":0,"gaps":19,"forbiddenGuessedFacts":0}
✔ qualification vite8-react19/browser-production: pinned expanded module oracle and source witnesses (5277.831ms)
ℹ {"tuple":"vite8-react19","profile":"browser-production","facts":51,"registrations":3,"candidates":0,"gaps":19,"forbiddenGuessedFacts":0}
✔ qualification vite8-react19/ssr-production: pinned expanded module oracle and source witnesses (4014.4499ms)
ℹ {"tuple":"vite8-react19","profile":"ssr-production","facts":47,"registrations":3,"candidates":0,"gaps":23,"forbiddenGuessedFacts":0}
✔ qualification: Vite 8 native TS paths browser-development agrees with controlled compiler (482.5757ms)
✔ qualification: Vite 8 native TS paths browser-production agrees with controlled compiler (435.0747ms)
✔ qualification: Vite 8 native TS paths ssr-production agrees with controlled compiler (499.4257ms)
✔ qualification: pinned React plugins reject transforms, shadowing, mutation and version drift (2160.8047ms)
✔ qualification: publicDir disable/custom and unsafe exports retain explicit boundaries (1605.4735ms)
✔ qualification: namespace components, context consumers, hook callbacks and class lifecycle are associations (2684.578ms)
✔ qualification: imperative navigation requires one proved router, callbacks remain framework bindings (1254.7963ms)
✔ qualification: nested router and plugin syntax depth/size limits fail explicitly (2735.0587ms)
✔ qualification: active framework cancellation/deadline preserves persisted generation and recovers (1833.7923ms)
✔ qualification: metadata and glob limits pass at ceiling and reject above without guessed facts (1228.1218ms)
✔ qualification: retained pinned matcher oracle maps to supported neutral registrations (265.1237ms)
✔ qualification: actual syntax below/at/above 100k nodes and generation fact ceiling (48604.551ms)
✔ qualification: distributed routes reach 10k ceiling and overflow remains an explicit gap (54614.853ms)
✔ qualification: state/reducer initialization and React 19 callbacks are version-qualified (371.7003ms)
✔ qualification: transparent component aliases preserve the complete event/call investigation (236.3019ms)
✔ vite7-react18: entries, composition, handlers, hooks and dependencies keep independent witnesses (1489.3896ms)
✔ vite8-react19: entries, composition, handlers, hooks and dependencies keep independent witnesses (1456.5742ms)
✔ F03: legacy import projection, exact Impact and type-only edges remain unchanged (237.1931ms)
✔ F03: glob exclusion/eager/lazy options and asset/worker facts never become calls (158.4563ms)
✔ F03: computed config produces boundaries instead of guessed runtime edges (135.3185ms)
✔ F03: plugins config produces boundaries instead of guessed runtime edges (136.0329ms)
✔ F03: escape config produces boundaries instead of guessed runtime edges (139.3463ms)
✔ F03: unsupported callback props, inline effects and dynamic navigation stay explicit (282.2457ms)
✔ F03: nested route/loader/action bindings are navigation, never HTTP claims (167.341ms)
✔ F03: incremental/full equivalence and changed HTML/config witnesses become stale (602.3667ms)
✔ F03: contract rejects binary source masquerading and malformed resource bindings (165.4314ms)
✔ vite7-react18: retained controlled build oracle hashes and named runtime module parity (156.0371ms)
✔ vite8-react19: retained controlled build oracle hashes and named runtime module parity (164.6228ms)
✔ F03: original UTF-16/BOM/CRLF/Unicode witnesses and explicit browser/SSR variants (791.2414ms)
✔ F03: literal aliases preserve runtime/type distinctions and divergent calls stay outside framework traces (264.202ms)
✔ F03: Vite 8 opt-in TS paths resolve separately; Vite 7 never assumes the plugin (410.6688ms)
✔ F03: JavaScript/class/memo/forwardRef aliases and inline callbacks retain lexical ownership (252.6503ms)
✔ F03: named barrel aliases retain intermediate witnesses and stale barrel changes are detected (215.8443ms)
✔ F03: developer proxy facts never establish a production origin; rewrites remain exact or unknown (197.4208ms)
✔ F03: HTML comments/raw text/templates/duplicate attributes never create guessed entries (0.68ms)
✔ F03: configuration execution/egress, escaped aliases and symlinks remain denied (346.8933ms)
✔ F03: aliased React implementation and reassigned exported handlers cannot create framework facts (254.433ms)
✔ F03: retained accepted FS-02 v3 payload remains byte/canonical compatible (800.4242ms)
✔ F03: adapter fact budget is generation-local and cancellation never returns a partial snapshot (199.3088ms)
✔ F03: React DOM version mismatch and shadowed classic JSX factory withhold roots (287.951ms)
✔ F03: custom proxy request hooks and worker queries on assets remain boundaries (148.5036ms)
✔ F03: production HTML entry selection never guesses custom build inputs (449.0773ms)
✔ F03: aliased React DOM subpath cannot be mistaken for the qualified platform root API (153.1067ms)
✔ F03: above-limit syntax and glob sets emit resource gaps without truncated framework facts (18838.0544ms)
✔ F03: invalid UTF-8 preserves legacy decoding but explicitly excludes new framework facts (170.9161ms)
✔ F04 pinned route and rewrite matcher parity (18.0368ms)
✔ F04 next15/node-development: routes, actions, witnesses and incremental roundtrip (8390.738ms)
✔ F04 next15/node-production: routes, actions, witnesses and incremental roundtrip (7686.8407ms)
✔ F04 next15/browser: routes, actions, witnesses and incremental roundtrip (5511.1142ms)
✔ F04 next16-preservation/node-development: routes, actions, witnesses and incremental roundtrip (5847.5805ms)
✔ F04 next16-preservation/node-production: routes, actions, witnesses and incremental roundtrip (4305.8743ms)
✔ F04 next16-preservation/browser: routes, actions, witnesses and incremental roundtrip (3309.8442ms)
✔ F04 next16-patch/node-development: routes, actions, witnesses and incremental roundtrip (3242.9862ms)
✔ F04 next16-patch/node-production: routes, actions, witnesses and incremental roundtrip (3244.2748ms)
✔ F04 next16-patch/browser: routes, actions, witnesses and incremental roundtrip (3033.8787ms)
✔ F04 node22/node-development: native resolution oracle and registration parity (100.6972ms)
✔ F04 node22/node-production: native resolution oracle and registration parity (77.4752ms)
✔ F04 node24/node-development: native resolution oracle and registration parity (90.1681ms)
✔ F04 node24/node-production: native resolution oracle and registration parity (86.9637ms)
✔ F04 pages dispatch, config order/conditions and version-specific proxy declarations (235.7551ms)
✔ F04 inline actions, ambiguous props and version drift stay evidence-bound (610.2442ms)
✔ F04 Node runtime: ESM exact extension, require search, package conditions and builtins remain separate from TS aliases (60.9519ms)
✔ F04 unknown Next version and dynamic configuration cannot qualify new routes (412.7799ms)
✔ F04 Node registrations and unique CommonJS exports reject mutated receivers/exports (50.4672ms)
✔ F04 mutated request dispatch and unresolved explicit HEAD cannot become framework-derived methods (207.4525ms)
✔ F04 native Node ignores tsconfig paths while Next uses a protected one-target path (241.451ms)
✔ F04 literal interception records soft navigation context; literal Link has unique route evidence (218.4747ms)
✔ F04 custom pageExtensions, source ownership, lifecycle exports and imperative navigation (244.9324ms)
✔ F04 config is never executed and nonerasable native TS remains unresolved (95.4022ms)
✔ F04 original BOM/CRLF/Unicode witnesses and action alias retain exact ranges (2761.4762ms)
✔ F04 derived methods have distinct occurrences and endpoint aliases trace to a service (427.0966ms)
✔ F04 active cancellation/deadline inside Node/Next preserves stored generation and recovers (822.6294ms)
✔ F04 shared snapshot rejects noncallable action targets (261.824ms)
✔ F04 Middleware runtime and mutable Link stay explicit boundaries (270.6081ms)
✔ F04 convention entries, Pages switch dispatch, re-exports and marker/lifecycle operations (441.723ms)
✔ F04 CJS re-export, duplicate global aliases and conditional assignment boundaries (109.2839ms)
✔ F04 native TS erasure oracle and type-only runtime exclusion (69.9295ms)
✔ F04 native profiles cannot qualify JSX or typed JavaScript accepted by a bundler parser (157.5931ms)
✔ FS05 original bytes, BOM, CRLF and Unicode ranges (5.8808ms)
✔ FS05 Windows contained parser accepts controlled syntax without executing it (1211.9632ms)
✔ FS05 unsupported encodings fail closed without replacement (2.3926ms)
✔ FS05 Python composes with TS/JS through shared v3 snapshots (1617.4308ms)
✔ FS05 decorators, reassignment, attributes and dynamic binding never guess calls (1217.1596ms)
✔ FS05 cancellation refuses worker work and supports a fresh session (1148.2345ms)
✔ FS05 controlled semantic fixture verifies exact calls and forbidden guesses (1601.268ms)
✔ FS05 namespace/src roots, re-exports and shadowed import sites remain distinct (5702.9377ms)
✔ FS05 protected exclusions and failed parser retain TS/JS (168.8599ms)
✔ FS05 async refresh preserves previous publication after failure or pause (42.8827ms)
✔ FS05 active cancellation releases the single-worker lease and source byte limits recover (4198.9738ms)
✔ FS05 a paused asynchronous generation cannot publish late (39.9823ms)
✔ FS05 Python import exclusions, stubs, external packages and root escapes stay separate (1340.0601ms)
✔ FS05 neutral output rejects AST leakage, wrong hashes and fact/node budget overflow (140.629ms)
✔ FS05 reopened Python generation is retained when parser startup fails (1059.577ms)
✔ FS05 Python edits are watched through the shared protected refresh scheduler (1816.515ms)
✔ FS05 package/submodule attribute collisions cannot prove a callable export (1033.8542ms)
✔ FS05 cancellation cannot bypass retained neutral syntax reuse (2445.5052ms)
✔ FS05 built-in and frozen imports cannot resolve to shadowing project files (1000.4619ms)
✔ FS06 literal routing keeps order, namespaces, distinct registrations and framework calls separate (2977.4472ms)
✔ FS06 source sentinels are never executed and similarly named APIs cannot register URLs (2490.6372ms)
✔ local adapter preserves exact dependency evidence, diagnostics and round trips (539.7716ms)
✔ deduplication reports first occurrence and retains type-only aggregation (103.2067ms)
✔ structural queries include type-only dependents and terminate on cycles (156.6404ms)
✔ snapshot validator rejects incompatible, dangling, escaped and forged evidence (219.2837ms)
✔ read policy excludes sensitive sources and common output directories (427.3675ms)
✔ outside config inheritance is reported and cannot yield approximate edges (74.3455ms)
✔ JSON dependency config inheritance remains static and inside the root (149.4006ms)
✔ symlink escapes are never selected, resolved or read as evidence (99.9886ms)
✔ resource and enumeration failures are explicit; large files are not partially parsed (275.6493ms)
✔ binary and declaration files have explicit coverage (58.0999ms)
✔ framework route evidence and withheld routes survive normalization (150.1135ms)
✔ local analysis never requests network or executes repository configuration/scripts (70.3951ms)
✔ retired GitHub ingestion and cloud adapters cannot accept local repository roots (4.7672ms)
✔ protected import graph and visualization cannot reach cloud/server capabilities (29.8765ms)
✔ existing parser and graph verification scripts work against fixture output (3343.4077ms)
✔ selection can use bounded reader without hidden process-current-directory reads (20.1886ms)
✔ fresh migrations explicitly authorize every audited legacy writer operation (6.9603ms)
✔ legacy writer repair contains only scoped grants without altering reader or RLS security (3.6658ms)
✔ desktop protocol rejects malformed versions, arbitrary commands, fields and query budgets (7.0851ms)
✔ sidecar analyzes a non-Git directory, reports stages, scopes queries and detects stale evidence offline (3210.3489ms)
✔ sidecar refuses an unselected root and bounded framing rejects oversized or invalid input (8843.0948ms)
✔ cancel and crash can terminate a busy process and a fresh engine can retry (12356.3263ms)
✔ empty directory produces an honest empty snapshot and projection does not fabricate edges (32.2284ms)
✔ desktop capability/config prevents broad renderer native access and cloud frontend startup (5.6026ms)
✔ SQLite round trips canonical evidence, full diagnostics, registrations, settings and outcomes (640.9587ms)
✔ failed/cancelled refresh, ownership conflicts and failed publication preserve the last complete result (594.9528ms)
✔ schema upgrade failure rolls back and future versions/incomplete snapshots are retained and rejected (344.4376ms)
✔ missing roots and changed/deleted evidence remain historical; forgetting cascades local records only (537.8305ms)
✔ crashing during a SQLite publication rolls back and dead job owners recover as interrupted (886.4978ms)
✔ private process restart reopens SQLite offline without parsing, including an unavailable root (7405.1607ms)
✔ cancelling the actual persistent engine preserves its previous complete snapshot and records the owner outcome (5506.396ms)
✔ storage protocol denies arbitrary filesystem/SQL/provider operations and injected roots (2.2812ms)
✔ native startup watchdog displays bounded recovery when hydration fails and clears after readiness (5.8174ms)
✔ pilot traces and impact have deterministic shortest verified witnesses across cycles and type-only edges (888.1393ms)
✔ depth and result budgets disclose exact omissions without truncating traversal truth (419.0112ms)
✔ search and structural Ask disambiguate real paths and export names and withhold unsupported answers (387.8229ms)
✔ empty snapshots and stale source do not turn missing or historical evidence into current truth (361.3773ms)
✔ investigation boundaries reject hostile query fields, unknown intents and forged witness IPC results (282.5811ms)
✔ pilot measurement allowlists reject strings, repository payloads and invalid numbers at every storage boundary (708.3418ms)
✔ offline private engine investigations survive SQLite restart and expose real witness references (2790.2286ms)
✔ pilot measurement transport has no repository or remote payload affordance (2.0247ms)
✔ explanation packages contain bounded verified metadata, hashes and gaps, never source or roots (274.8733ms)
✔ folder/investigation selection is explicit, bounded and cannot manufacture evidence (166.3392ms)
✔ local explanation cache separates approved provenance/model/prompt and cascades on forgetting (4322.5662ms)
✔ native-only provider transport preserves the restrictive renderer and local engine boundary (3.5968ms)
✔ provider choice survives the approval dialog and citations do not depend on provider wire JSON (2.0397ms)
✔ installed agents have bounded native adapters, no renderer CLI/root/key authority or structural writes (2.9705ms)
✔ dense long-path evidence fits the unchanged budget without losing the selected file (77.0438ms)
✔ static calls resolve local/imported aliases, named reexports, defaults and JavaScript without type dependencies (1432.1259ms)
✔ shadowed, duplicated, mutable, skipped, missing and receiver bindings never become fabricated calls (892.7546ms)
✔ existing Next and Nest route declarations bind uniquely; computed handlers remain explicit gaps (645.9999ms)
✔ same-line handlers retain exact binding ranges and duplicate methods/indirect reassignments remain withheld (718.7398ms)
✔ reference initializers retain lexical targets while receiver type guesses never establish method references/calls (798.4047ms)
✔ decorators, class initializers, getters and default parameters never become enclosing handler/body calls (702.0649ms)
✔ route bindings follow actual framework provenance and exact verb imports, including same-line decorators (881.3552ms)
✔ a shared virtual compiler namespace never manufactures implicit cross-file/package global calls (764.6691ms)
✔ bounded traces terminate on recursion, disclose limits and preserve canonical source witnesses and test candidates (747.8435ms)
✔ symbol validator rejects forged provenance/owners/targets and missing rich snapshots; SQLite retains old complete data until refresh (972.8864ms)
✔ optional richer explanations are bounded, metadata-only, cited through hash-checked files and exact-payload digest (495.9871ms)
✔ incremental syntax reuse equals every full snapshot fact after aliases/reexports/conditional call changes (3065.5904ms)
✔ add/delete/rename, syntax skips, config/package/global-framework changes safely rebuild and match full analysis (3972.601ms)
✔ protected observations reject concurrent writes, missing-target additions and directory changes (1060.9453ms)
✔ a replaced selected root cannot be read through an existing authorized reader (300.867ms)
✔ atomic scheduler rejects stale/cancelled generations and concurrent changes before publication (621.4186ms)
✔ actual Windows/platform watcher coalesces edits, handles rename/config/new directories, pauses/loss and full recovery (3545.0868ms)
✔ unknown/overflow/burst event hints force full analysis; repeated failure degrades without losing prior publication (1041.4829ms)
✔ PID/session cancellation rejects later generation publication and cache digests preserve only matching evidence (860.7768ms)
✔ watch transport accepts only bounded authorized-session operations and metrics (2.513ms)
✔ model-free ordering and stable score ties use depth then exact ID (7.7115ms)
✔ unknown/duplicate/missing candidates, nonfinite scores, extra fields and stale identities fall back (7.9558ms)
✔ timeouts, failures and cancellation abort adapter and do not leak exception text (33.6958ms)
✔ adapter inputs are immutable and output cannot change candidates/witnesses (1.339ms)
✔ bounded ranking changes only inspection order, retains verified witnesses and unchanged impact (308.8066ms)
✔ budget/depth/cycles, disabled ranking and cancellation preserve bounded model-free behavior (91.5802ms)
✔ snapshot mutation during await is rejected instead of returning stale evidence (75.9714ms)
✔ repeatable replay, consent and secure local record deletion without telemetry or source (128.8274ms)
✔ incomplete/no-ground-truth judgments are null and MRR declares denominator (120.9043ms)
✔ denied egress still supports baseline and records visible failure fallback (62.1394ms)
✔ stored CLI summary separates held-out cases and includes failures rather than favorable-only MRR (1811.7042ms)
✔ analytic neural gradient matches finite differences for every parameter (14.2021ms)
✔ bundled artifact pin, finite shape, bounded vocabulary-free features and scores (7.1337ms)
✔ worker input excludes source, arbitrary paths, duplicate nodes and stale identity formats (1.9903ms)
✔ real isolated worker inference is offline, repeatable and terminable (256.9457ms)
✔ missing, corrupt, wrong pin and unqualified artifacts use deterministic fallback (18.8724ms)
✔ worker timeout and cancellation terminate inference and preserve deterministic ordering (283.8293ms)
✔ cold worker initialization timeout is failure, never cancellation, and retains deterministic candidates (10.968ms)
✔ desktop ranking validates current snapshot and witnesses, keeps graph and Impact byte-identical (523.486ms)
✔ desktop protocol rejects renderer artifact/runtime paths and excessive limits (2.7924ms)
✔ documented Windows fixture produces the declared bounded model/baseline witnesses (407.0976ms)
✔ every renderer command is declared and narrowly authorized by the native manifest/capability (2.9824ms)
✔ seeded small training repeats exactly and held-out labels cannot enter fitting (84.8742ms)
ℹ tests 264
ℹ suites 0
ℹ pass 264
ℹ fail 0
ℹ cancelled 0
ℹ skipped 0
ℹ todo 0
ℹ duration_ms 179907.6981
